ABALOPARATIDE_OSTEO_AUTO	ORPHAN	no matching topic JSON
ABATACEPT_PSA_AUTO	ORPHAN	no matching topic JSON
ABATACEPT_RA_AUTO	ORPHAN	no matching topic JSON
ABEMACICLIB_BREAST_AUTO	ORPHAN	no matching topic JSON
ACLIDINIUM_COPD_AUTO	ORPHAN	no matching topic JSON
ADALIMUMAB_PSA_AUTO	ORPHAN	no matching topic JSON
ADALIMUMAB_PSO_AUTO	ORPHAN	no matching topic JSON
ADALIMUMAB_RA_AUTO	ORPHAN	no matching topic JSON
ADUCANUMAB_AD_AUTO	ORPHAN	no matching topic JSON
AFLIBERCEPT_DME_AUTO	ORPHAN	no matching topic JSON
AFLIBERCEPT_RVO_AUTO	ORPHAN	no matching topic JSON
AGALSIDASE_BETA_FABRY_AUTO	ORPHAN	no matching topic JSON
AGALSIDASE_FABRY_AUTO	ORPHAN	no matching topic JSON
AGRYLIN_ET_AUTO	ORPHAN	no matching topic JSON
ALECTINIB_ALK_NSCLC_AUTO	ORPHAN	no matching topic JSON
ALEMTUZUMAB_TX_AUTO	ORPHAN	no matching topic JSON
ALIROCUMAB_LIPID_AUTO	ORPHAN	no matching topic JSON
ALOGLIPTIN_T2D_AUTO	ORPHAN	no matching topic JSON
ALPELISIB_BREAST_AUTO	ORPHAN	no matching topic JSON
AMOXICILLIN_AOM_AUTO	ORPHAN	no matching topic JSON
ANAMORELIN_CACHEXIA_AUTO	ORPHAN	no matching topic JSON
ANDEXANET_BLEEDING_AUTO	ORPHAN	no matching topic JSON
ANIDULAFUNGIN_CANDIDA_AUTO	ORPHAN	no matching topic JSON
ANIDULAFUNGIN_FUNGAL_AUTO	ORPHAN	no matching topic JSON
ANIFROLUMAB_LUPUS_2_AUTO	ORPHAN	no matching topic JSON
ANIFROLUMAB_LUPUS_AUTO	ORPHAN	no matching topic JSON
APIXABAN_ACS_AUTO	ORPHAN	no matching topic JSON
APIXABAN_AF_AUTO	ORPHAN	no matching topic JSON
APIXABAN_VTE_AUTO	ORPHAN	no matching topic JSON
APREMILAST_BEHCET_AUTO	ORPHAN	no matching topic JSON
APREMILAST_PSA_AUTO	ORPHAN	no matching topic JSON
APREPITANT_CINV_AUTO	ORPHAN	no matching topic JSON
APREPITANT_PONV_AUTO	ORPHAN	no matching topic JSON
ARGATROBAN_HIT_AUTO	ORPHAN	no matching topic JSON
ARIPIPRAZOLE_SCHIZO_AUTO	ORPHAN	no matching topic JSON
ASCORBIC_ACID_SEPSIS_AUTO	ORPHAN	no matching topic JSON
ATALUREN_DMD_AUTO	ORPHAN	no matching topic JSON
ATEZOLIZUMAB_BLADDER_AUTO	ORPHAN	no matching topic JSON
ATOGEPANT_MIGRAINE_AUTO	ORPHAN	no matching topic JSON
ATOGEPANT_PREVENT_AUTO	ORPHAN	no matching topic JSON
AVALGLUCOSIDASE_AUTO	ORPHAN	no matching topic JSON
AVALGLUCOSIDASE_POMPE_AUTO	ORPHAN	no matching topic JSON
AVAPRITINIB_GIST_AUTO	ORPHAN	no matching topic JSON
AVATROMBOPAG_CIT_AUTO	ORPHAN	no matching topic JSON
AVATROMBOPAG_CTCP_AUTO	ORPHAN	no matching topic JSON
AVATROMBOPAG_ITP_AUTO	ORPHAN	no matching topic JSON
AVELUMAB_OVARIAN_CANCER_AUTO	ORPHAN	no matching topic JSON
AXICABTAGENE_LYMPHOMA_AUTO	ORPHAN	no matching topic JSON
AZACITIDINE_MDS_AUTO	ORPHAN	no matching topic JSON
AZILSARTAN_HTN_AUTO	ORPHAN	no matching topic JSON
BAMLANIVIMAB_COVID_AUTO	ORPHAN	no matching topic JSON
BAMLANIVIMAB_OUTP_AUTO	ORPHAN	no matching topic JSON
BARDOXOLONE_CKD_AUTO	ORPHAN	no matching topic JSON
BARICITINIB_AA_AUTO	ORPHAN	no matching topic JSON
BARICITINIB_AD_AUTO	ORPHAN	no matching topic JSON
BARICITINIB_ALOPECIA_AUTO	ORPHAN	no matching topic JSON
BARICITINIB_SLE_AUTO	ORPHAN	no matching topic JSON
BELIMUMAB_LN_AUTO	ORPHAN	no matching topic JSON
BELIMUMAB_LUPUS_AUTO	ORPHAN	no matching topic JSON
BELIMUMAB_LUPUS_NEPH_AUTO	ORPHAN	no matching topic JSON
BENDAMUSTINE_LYMPHOMA_AUTO	ORPHAN	no matching topic JSON
BENRALIZUMAB_ASTHMA_AUTO	ORPHAN	no matching topic JSON
BENRALIZUMAB_CRSWNP_AUTO	ORPHAN	no matching topic JSON
BEVACIZUMAB_LUNG_AUTO	ORPHAN	no matching topic JSON
BEVACIZUMAB_RENAL_AUTO	ORPHAN	no matching topic JSON
BEZLOTOXUMAB_CDIFF_AUTO	ORPHAN	no matching topic JSON
BEZLOTOXUMAB_CDI_AUTO	ORPHAN	no matching topic JSON
BIMEKIZUMAB_AS_AUTO	ORPHAN	no matching topic JSON
BIMEKIZUMAB_AXIAL_AUTO	ORPHAN	no matching topic JSON
BIMEKIZUMAB_HS_AUTO	ORPHAN	no matching topic JSON
BIMEKIZUMAB_PSORIASIS_2_AUTO	ORPHAN	no matching topic JSON
BIMEKIZUMAB_PSORIASIS_AUTO	ORPHAN	no matching topic JSON
BIMEKIZUMAB_PSORIATIC_AUTO	ORPHAN	no matching topic JSON
BOCOCIZUMAB_LIPID_AUTO	ORPHAN	no matching topic JSON
BOSENTAN_PAH_AUTO	ORPHAN	no matching topic JSON
BOSUTINIB_LEUKEMIA_AUTO	ORPHAN	no matching topic JSON
BRENTUXIMAB_HODGKIN_AUTO	ORPHAN	no matching topic JSON
BRENTUXIMAB_PTCL_AUTO	ORPHAN	no matching topic JSON
BREXPIPRAZOLE_AGITATION_AUTO	ORPHAN	no matching topic JSON
BREXPIPRAZOLE_SCHIZO_AUTO	ORPHAN	no matching topic JSON
BREXPIPRAZOLE_SCHIZ_AUTO	ORPHAN	no matching topic JSON
BREXUCABTAGENE_LYMPHOMA_AUTO	ORPHAN	no matching topic JSON
BREZ_PSORIASIS_AUTO	ORPHAN	no matching topic JSON
BRIGATINIB_ALK_NSCLC_AUTO	ORPHAN	no matching topic JSON
BRIVARACETAM_EPILEPSY_AUTO	ORPHAN	no matching topic JSON
BRODALUMAB_PSORIASIS_AUTO	ORPHAN	no matching topic JSON
BUDESONIDE_ASTHMA_AUTO	ORPHAN	no matching topic JSON
BUDESONIDE_IBD_AUTO	ORPHAN	no matching topic JSON
BUPROPION_SMOKING_AUTO	ORPHAN	no matching topic JSON
BURADIRAGAB_AUTO	ORPHAN	no matching topic JSON
CABAZITAXEL_PROSTATE_AUTO	ORPHAN	no matching topic JSON
CABOZANTINIB_RCC_AUTO	ORPHAN	no matching topic JSON
CABOZANTINIB_RENAL_AUTO	ORPHAN	no matching topic JSON
CABOZANTINIB_THYROID_AUTO	ORPHAN	no matching topic JSON
CANAGLIFLOZIN_DKD_AUTO	ORPHAN	no matching topic JSON
CANAKINUMAB_SJIA_AUTO	ORPHAN	no matching topic JSON
CAPLACIZUMAB_TTP_AUTO	ORPHAN	no matching topic JSON
CASIRIVIMAB_COVID_AUTO	ORPHAN	no matching topic JSON
CASPOFUNGIN_FUNGAL_AUTO	ORPHAN	no matching topic JSON
CEFEPIME_TAZ_AUTO	ORPHAN	no matching topic JSON
CEFTAROLINE_AUTO	ORPHAN	no matching topic JSON
CEFTAZIDIME_AVIBACTAM_AUTO	ORPHAN	no matching topic JSON
CEFTOLOZANE_INFECTION_AUTO	ORPHAN	no matching topic JSON
CEFTOLOZANE_TAZ_AUTO	ORPHAN	no matching topic JSON
CERITINIB_ALK_AUTO	ORPHAN	no matching topic JSON
CILOFEXOR_FXR_PSC_AUTO	ORPHAN	no matching topic JSON
CINRYZE_HAE_AUTO	ORPHAN	no matching topic JSON
CLADRIBINE_MS_AUTO	ORPHAN	no matching topic JSON
CONCIZUMAB_HEMA_AUTO	ORPHAN	no matching topic JSON
CRIZOTINIB_ALK_AUTO	ORPHAN	no matching topic JSON
CVNCOV_COVID19_AUTO	ORPHAN	no matching topic JSON
CVNCOV_SARSCOV2_AUTO	ORPHAN	no matching topic JSON
CYTISINICLINE_SMOKING_AUTO	ORPHAN	no matching topic JSON
DABIGATRAN_AF_AUTO	ORPHAN	no matching topic JSON
DABIGATRAN_STROKE_AUTO	ORPHAN	no matching topic JSON
DABIGATRAN_VTE_AUTO	ORPHAN	no matching topic JSON
DACLATASVIR_HCV_AUTO	ORPHAN	no matching topic JSON
DACOMITINIB_LUNG_AUTO	ORPHAN	no matching topic JSON
DALFAMPRIDINE_MULTIPLE_SCLEROSIS_AUTO	ORPHAN	no matching topic JSON
DAPAGLIFLOZIN_T1D_AUTO	ORPHAN	no matching topic JSON
DAPAGLIFLOZIN_T2D_CV_AUTO	ORPHAN	no matching topic JSON
DAPRODUSTAT_ANAEMIA_AUTO	ORPHAN	no matching topic JSON
DARBEPOETIN_CANCER_AUTO	ORPHAN	no matching topic JSON
DARIDOREXANT_INSOMNIA_AUTO	ORPHAN	no matching topic JSON
DASABUVIR_CHRONIC_HEPATITIS_AUTO	ORPHAN	no matching topic JSON
DASABUVIR_HEPATITIS_C_AUTO	ORPHAN	no matching topic JSON
DEFEROXAMINE_IRON_AUTO	ORPHAN	no matching topic JSON
DELAMANID_TB_AUTO	ORPHAN	no matching topic JSON
DELANDISTROGENE_DMD_AUTO	ORPHAN	no matching topic JSON
DENOSUMAB_BONE_MET_AUTO	ORPHAN	no matching topic JSON
DENOSUMAB_OSTEO_AUTO	ORPHAN	no matching topic JSON
DERISOMALTOSE_IRON_DEFICIENCY_AUTO	ORPHAN	no matching topic JSON
DERUXTECAN_NONSMALL_CELL_AUTO	ORPHAN	no matching topic JSON
DEXAMETHASONE_DME_AUTO	ORPHAN	no matching topic JSON
DEXAMETHASONE_IMPLANT_AUTO	ORPHAN	no matching topic JSON
DEXAMETHASONE_INTRAVITREAL_AUTO	ORPHAN	no matching topic JSON
DIMETHYL_FUMARATE_MS_AUTO	ORPHAN	no matching topic JSON
DINUTUXIMAB_NEUROBLASTOMA_AUTO	ORPHAN	no matching topic JSON
DONANEMAB_AD_AUTO	ORPHAN	no matching topic JSON
DONIDALORSEN_HAE_AUTO	ORPHAN	no matching topic JSON
DORAVIRINE_HIV_AUTO	ORPHAN	no matching topic JSON
DORIPENEM_AUTO	ORPHAN	no matching topic JSON
DROTRECOGIN_SEPSIS_AUTO	ORPHAN	no matching topic JSON
DULOXETINE_DEPRESSION_AUTO	ORPHAN	no matching topic JSON
DUPILUMAB_AD_AUTO	ORPHAN	no matching topic JSON
DUPILUMAB_PED_AD_AUTO	ORPHAN	no matching topic JSON
DURVALUMAB_ENDOMETRIAL_AUTO	ORPHAN	no matching topic JSON
ECALLANTIDE_HAE_AUTO	ORPHAN	no matching topic JSON
ECULIZUMAB_GMG_AUTO	ORPHAN	no matching topic JSON
ECULIZUMAB_MYASTHENIA_AUTO	ORPHAN	no matching topic JSON
ECULIZUMAB_NMOSD_AUTO	ORPHAN	no matching topic JSON
EDOXABAN_CANCER_VTE_AUTO	ORPHAN	no matching topic JSON
EDOXABAN_VTE_AUTO	ORPHAN	no matching topic JSON
EFGARTIGIMOD_ITP_AUTO	ORPHAN	no matching topic JSON
EFPEGLENATIDE_T2D_AUTO	ORPHAN	no matching topic JSON
EFSITORA_TYPE_2_AUTO	ORPHAN	no matching topic JSON
ELAFIBRANOR_NASH_AUTO	ORPHAN	no matching topic JSON
ELAFIBRANOR_PBC_AUTO	ORPHAN	no matching topic JSON
ELAGOLIX_ENDOMETRIOSIS_AUTO	ORPHAN	no matching topic JSON
ELAGOLIX_ENDO_AUTO	ORPHAN	no matching topic JSON
ELAGOLIX_FIBROIDS_AUTO	ORPHAN	no matching topic JSON
ELAGOLIX_HMB_AUTO	ORPHAN	no matching topic JSON
ELAMIPRETIDE_AUTO	ORPHAN	no matching topic JSON
ELIGLUSTAT_GAUCHER_AUTO	ORPHAN	no matching topic JSON
ELUXADOLINE_IBSD_AUTO	ORPHAN	no matching topic JSON
EMICIZUMAB_HEMA_AUTO	ORPHAN	no matching topic JSON
EMPAGLIFLOZIN_HF_AUTO	ORPHAN	no matching topic JSON
EMTRICITABINE_HIV_AUTO	ORPHAN	no matching topic JSON
ENOXAPARIN_VTE_AUTO	ORPHAN	no matching topic JSON
EPOETIN_ANEMIA_AUTO	ORPHAN	no matching topic JSON
EPOETIN_CANCER_AUTO	ORPHAN	no matching topic JSON
EPTINEZUMAB_CHRONIC_AUTO	ORPHAN	no matching topic JSON
EPTINEZUMAB_MIGRAINE_AUTO	ORPHAN	no matching topic JSON
ERAVACYCLINE_INFECTION_AUTO	ORPHAN	no matching topic JSON
ERDAFITINIB_BLADDER_AUTO	ORPHAN	no matching topic JSON
ERTAPENEM_AUTO	ORPHAN	no matching topic JSON
ERTAPENEM_INFECT_AUTO	ORPHAN	no matching topic JSON
ERTUGLIFLOZIN_T2D_AUTO	ORPHAN	no matching topic JSON
ESLICARBAZEPINE_EPILEPSY_AUTO	ORPHAN	no matching topic JSON
ETANERCEPT_RA_AUTO	ORPHAN	no matching topic JSON
ETELCALCETIDE_HYPERPARATHYROIDISM_SECO_AUTO	ORPHAN	no matching topic JSON
ETEPLIRSEN_DMD_AUTO	ORPHAN	no matching topic JSON
ETESEVIMAB_COVID_AUTO	ORPHAN	no matching topic JSON
ETRASIMOD_UC_AUTO	ORPHAN	no matching topic JSON
ETRIPAMIL_PAROXYSMAL_SUPRAVENTRICU_AUTO	ORPHAN	no matching topic JSON
ETROLIZUMAB_CD_AUTO	ORPHAN	no matching topic JSON
ETROLIZUMAB_UC_AUTO	ORPHAN	no matching topic JSON
EVEROLIMUS_BREAST_AUTO	ORPHAN	no matching topic JSON
EVEROLIMUS_TUBEROUS_AUTO	ORPHAN	no matching topic JSON
EVINACUMAB_HOFH_AUTO	ORPHAN	no matching topic JSON
EVOBRUTINIB_MS_AUTO	ORPHAN	no matching topic JSON
EVOLOCUMAB_ASCVD_AUTO_2	FOREIGN_NCT	NCT01764633(unknown-origin)
EVOLOCUMAB_DYSLIPIDEMIA_AUTO	ORPHAN	no matching topic JSON
EVOLOCUMAB_MIXED_DYSLIPIDEMIA_AUTO	ORPHAN	no matching topic JSON
FARICIMAB_DME_AUTO	ORPHAN	no matching topic JSON
FARICIMAB_RVO_AUTO	ORPHAN	no matching topic JSON
FASINUMAB_OA_AUTO	ORPHAN	no matching topic JSON
FEBUXOSTAT_GOUT_AUTO	ORPHAN	no matching topic JSON
FENOFIBRATE_DR_AUTO	ORPHAN	no matching topic JSON
FERUMOXYTOL_IDA_AUTO	ORPHAN	no matching topic JSON
FESOTERODINE_OAB_AUTO	ORPHAN	no matching topic JSON
FEXINIDAZOLE_HAT_AUTO	ORPHAN	no matching topic JSON
FEZOLINETANT_HOT_FLASHES_AUTO	ORPHAN	no matching topic JSON
FIDAXOMICIN_CDIFF_AUTO	ORPHAN	no matching topic JSON
FIDAXOMICIN_CDI_AUTO	ORPHAN	no matching topic JSON
FILGOTINIB_RA_AUTO	ORPHAN	no matching topic JSON
FITUSIRAN_HEMA_AUTO	ORPHAN	no matching topic JSON
FITUSIRAN_HEM_AUTO	ORPHAN	no matching topic JSON
FLUTICASONE_ASTHMA_AUTO	ORPHAN	no matching topic JSON
FONDAPARINUX_AUTO	ORPHAN	no matching topic JSON
FONDAPARINUX_VTE_AUTO	ORPHAN	no matching topic JSON
FOSAPREPITANT_CINV_AUTO	ORPHAN	no matching topic JSON
GALCANEZUMAB_MIGRAINE_AUTO	ORPHAN	no matching topic JSON
GANTENERUMAB_AD_AUTO	ORPHAN	no matching topic JSON
GEFAPIXANT_COUGH_AUTO	ORPHAN	no matching topic JSON
GEPOTIDACIN_URINARY_TRACT_AUTO	ORPHAN	no matching topic JSON
GIVINOSTAT_DMD_AUTO	ORPHAN	no matching topic JSON
GLASDEGIB_AML_AUTO	ORPHAN	no matching topic JSON
GOSERELIN_PROSTATE_AUTO	ORPHAN	no matching topic JSON
GRAZOPREVIR_HEPATITIS_C_AUTO	ORPHAN	no matching topic JSON
GUANFACINE_ADHD_AUTO	ORPHAN	no matching topic JSON
GUSELKUMAB_ARTHRITIS_PSORIATIC_AUTO	ORPHAN	no matching topic JSON
GUSELKUMAB_PSORIASIS_AUTO	ORPHAN	no matching topic JSON
HALOPERIDOL_DELIRIUM_AUTO	ORPHAN	no matching topic JSON
HEPA_VACCINE_AUTO	ORPHAN	no matching topic JSON
HFREF_NMA_AUTO	ORPHAN	no matching topic JSON
HZV_LIVE_AUTO	ORPHAN	no matching topic JSON
IBRUTINIB_SMALL_LYMPHOCYTIC_AUTO	ORPHAN	no matching topic JSON
ICAGEN_AUTO	ORPHAN	no matching topic JSON
ICATIBANT_HAE_AUTO	ORPHAN	no matching topic JSON
ICODEC_DIABETES_MELLITUS_AUTO	ORPHAN	no matching topic JSON
ICOSAPENT_LIPID_AUTO	FOREIGN_NCT	NCT01047683(unknown-origin)
IDALOPIRDINE_ALZHEIMERS_DISEASE_AUTO	ORPHAN	no matching topic JSON
IDELALISIB_LEUKEMIA_AUTO	ORPHAN	no matching topic JSON
IDURSULFASE_MPS2_AUTO	ORPHAN	no matching topic JSON
INCLISIRAN_HOFH_AUTO	ORPHAN	no matching topic JSON
INCLISIRAN_LIPID_KIDNEY_AUTO	ORPHAN	no matching topic JSON
INDACATEROL_COPD_AUTO	ORPHAN	no matching topic JSON
INDACATEROL_GLYCOPYR_COPD_AUTO	ORPHAN	no matching topic JSON
INFLIXIMAB_RA_AUTO	ORPHAN	no matching topic JSON
INFLUENZA_RECOMBINANT_AUTO	ORPHAN	no matching topic JSON
INOTERSEN_ATTR_PN_AUTO	ORPHAN	no matching topic JSON
INOTERSEN_FAP_AUTO	ORPHAN	no matching topic JSON
INOTERSEN_HATTR_AUTO	ORPHAN	no matching topic JSON
IRON_ISOMALTOSIDE_IDA_AUTO	ORPHAN	no matching topic JSON
ISOMALTOSIDE_IRON_DEFICIENCY_AUTO	ORPHAN	no matching topic JSON
ISONIAZID_LTBI_AUTO	ORPHAN	no matching topic JSON
IVERMECTIN_LF_AUTO	ORPHAN	no matching topic JSON
IXEKIZUMAB_AS_AUTO	ORPHAN	no matching topic JSON
IXEKIZUMAB_AXIAL_AUTO	ORPHAN	no matching topic JSON
IXEKIZUMAB_PSA_AUTO	ORPHAN	no matching topic JSON
IXEKIZUMAB_PSORIASIS_AUTO	ORPHAN	no matching topic JSON
KARXT_SCHIZO_AUTO	ORPHAN	no matching topic JSON
LANADELUMAB_HAE_AUTO	ORPHAN	no matching topic JSON
LAPATINIB_BREAST_AUTO	ORPHAN	no matching topic JSON
LASMIDITAN_ACUTE_AUTO	ORPHAN	no matching topic JSON
LASMIDITAN_MIGRAINE_AUTO	ORPHAN	no matching topic JSON
LASMIDITAN_MIG_AUTO	ORPHAN	no matching topic JSON
LAZERTINIB_LUNG_AUTO	ORPHAN	no matching topic JSON
LEBRIKIZUMAB_AD_AUTO	ORPHAN	no matching topic JSON
LEDIPASVIR_HCV_AUTO	ORPHAN	no matching topic JSON
LEFAMULIN_CABP_AUTO	ORPHAN	no matching topic JSON
LEFAMULIN_CAP_AUTO	ORPHAN	no matching topic JSON
LENACAPAVIR_HIV_AUTO	ORPHAN	no matching topic JSON
LESINURAD_GOUT_AUTO	ORPHAN	no matching topic JSON
LEVOMILNACIPRAN_DEPRESSION_AUTO	ORPHAN	no matching topic JSON
LIGELIZUMAB_URTICARIA_AUTO	ORPHAN	no matching topic JSON
LINEZOLID_MRSA_AUTO	ORPHAN	no matching topic JSON
LISINOPRIL_HTN_AUTO	ORPHAN	no matching topic JSON
LIXISENATIDE_T2D_AUTO	ORPHAN	no matching topic JSON
LUMASIRAN_PH1_AUTO	ORPHAN	no matching topic JSON
MAGROLIMAB_AML_AUTO	ORPHAN	no matching topic JSON
MARIBAVIR_CMV_AUTO	ORPHAN	no matching topic JSON
MAVACAMTEN_OHCM_AUTO	ORPHAN	no matching topic JSON
MELPHALAN_FLUFENAMIDE_AUTO	ORPHAN	no matching topic JSON
MEMANTINE_DEMENTIA_AUTO	ORPHAN	no matching topic JSON
MENACWY_BOOSTER_AUTO	ORPHAN	no matching topic JSON
MENACYW_HEALTHY_VOLUNTEERS_AUTO	ORPHAN	no matching topic JSON
MENVEO_MEN_AUTO	ORPHAN	no matching topic JSON
MEN_ACWY_AUTO	ORPHAN	no matching topic JSON
MEPOLIZUMAB_ASTHMA_AUTO	ORPHAN	no matching topic JSON
MEROPENEM_AUTO	ORPHAN	no matching topic JSON
METFORMIN_T2D_AUTO	ORPHAN	no matching topic JSON
METHADONE_OUD_AUTO	ORPHAN	no matching topic JSON
METHYLNALTREXONE_OIC_AUTO	ORPHAN	no matching topic JSON
MILNACIPRAN_FIBRO_AUTO	FOREIGN_NCT	NCT00436033(unknown-origin)
MIPOMERSEN_HOFH_AUTO	ORPHAN	no matching topic JSON
MIRIKIZUMAB_CROHN_AUTO	ORPHAN	no matching topic JSON
MIRIKIZUMAB_PSO_AUTO	ORPHAN	no matching topic JSON
MIRVETUXIMAB_FALLOPIAN_TUBE_AUTO	ORPHAN	no matching topic JSON
MITAPIVAT_PYRUVATE_AUTO	ORPHAN	no matching topic JSON
MOMELOTINIB_AUTO	ORPHAN	no matching topic JSON
MOMELOTINIB_MF_AUTO	ORPHAN	no matching topic JSON
MOMETASONE_CRS_AUTO	ORPHAN	no matching topic JSON
MOXIFLOXACIN_RESPI_AUTO	ORPHAN	no matching topic JSON
MRNA1273_VACCINE_AUTO	ORPHAN	no matching topic JSON
NABIXIMOLS_ADVANCED_CANCER_AUTO	ORPHAN	no matching topic JSON
NALDEMEDINE_OIC_AUTO	ORPHAN	no matching topic JSON
NALMEFENE_AUD_AUTO	ORPHAN	no matching topic JSON
NEMOLIZUMAB_AD_AUTO	ORPHAN	no matching topic JSON
NEMOLIZUMAB_PRURIGO_NODULARIS_AUTO	ORPHAN	no matching topic JSON
NEPA_CINV_AUTO	ORPHAN	no matching topic JSON
NERATINIB_BREAST_AUTO	ORPHAN	no matching topic JSON
NETARSUDIL_GLAUCOMA_AUTO	FOREIGN_NCT	NCT02207491(unknown-origin); NCT02207621(unknown-origin); NCT02558374(unknown-origin)
NETARSUDIL_OCULAR_HYPERTENSION_AUTO	FOREIGN_NCT	NCT02207491(unknown-origin); NCT02207621(unknown-origin); NCT02558374(unknown-origin)
NETUPITANT_CINV_AUTO	ORPHAN	no matching topic JSON
NICOTINE_PATCH_AUTO	ORPHAN	no matching topic JSON
NIVOLUMAB_HCC_AUTO	ORPHAN	no matching topic JSON
NUSINERSEN_SMA_AUTO	ORPHAN	no matching topic JSON
OBETICHOLIC_NASH_AUTO	ORPHAN	no matching topic JSON
OBICETRAPIB_LIPID_AUTO	FOREIGN_NCT	NCT05142722(unknown-origin)
OBINUTUZUMAB_LN_AUTO	ORPHAN	no matching topic JSON
OFATUMUMAB_CLL_AUTO	ORPHAN	no matching topic JSON
OLANZAPINE_BIPOLAR_AUTO	ORPHAN	no matching topic JSON
OLAPARIB_GASTRIC_AUTO	ORPHAN	no matching topic JSON
OLAPARIB_OVARIAN2_AUTO	ORPHAN	no matching topic JSON
OLAPARIB_OVARIAN_AUTO	ORPHAN	no matching topic JSON
OLAPARIB_PANCREATIC2_AUTO	ORPHAN	no matching topic JSON
OLAPARIB_PANCREATIC_AUTO	ORPHAN	no matching topic JSON
OLAPARIB_PROSTATE_AUTO	ORPHAN	no matching topic JSON
OLMESARTAN_HTN_AUTO	ORPHAN	no matching topic JSON
OLOKIZUMAB_RA_AUTO	ORPHAN	no matching topic JSON
OMALIZUMAB_FOOD_ALLERGY_AUTO	ORPHAN	no matching topic JSON
OMALIZUMAB_NASAL_AUTO	ORPHAN	no matching topic JSON
OMALIZUMAB_URTICARIA_AUTO	ORPHAN	no matching topic JSON
OMARIGLIPTIN_TYPE_2_AUTO	ORPHAN	no matching topic JSON
OMBITASVIR_CHRONIC_HEPATITIS_AUTO	ORPHAN	no matching topic JSON
OMBITASVIR_HEPATITIS_C_AUTO	ORPHAN	no matching topic JSON
OMECAMTIV_HEARTFAIL_AUTO	ORPHAN	no matching topic JSON
OMECAMTIV_HFREF_AUTO	ORPHAN	no matching topic JSON
OMECAMTIV_HF_AUTO	ORPHAN	no matching topic JSON
ONASEMNOGENE_SMA_AUTO	ORPHAN	no matching topic JSON
ONTAMALIMAB_IBD_AUTO	ORPHAN	no matching topic JSON
ORTERONEL_PROSTATE_CANCER_AUTO	ORPHAN	no matching topic JSON
OSILODROSTAT_CUSHING_AUTO	ORPHAN	no matching topic JSON
OSIMERTINIB_ADJUVANT_AUTO	ORPHAN	no matching topic JSON
OSIMERTINIB_LUNG_AUTO	ORPHAN	no matching topic JSON
OTESECONAZOLE_VVC_AUTO	ORPHAN	no matching topic JSON
OTILIMAB_ARTHRITIS_RHEUMATOID_AUTO	ORPHAN	no matching topic JSON
OZANIMOD_CROHN_DISEASE_AUTO	ORPHAN	no matching topic JSON
PACRITINIB_MF_AUTO	ORPHAN	no matching topic JSON
PALBOCICLIB_BREAST_AUTO	ORPHAN	no matching topic JSON
PALFORZIA_PEANUT_AUTO	ORPHAN	no matching topic JSON
PALIFERMIN_MUCOSITIS_AUTO	ORPHAN	no matching topic JSON
PALOPEGTERIPARATIDE_HPP_AUTO	ORPHAN	no matching topic JSON
PARITAPREVIR_CHRONIC_HEPATITIS_AUTO	ORPHAN	no matching topic JSON
PARITAPREVIR_HEPATITIS_C_AUTO	ORPHAN	no matching topic JSON
PASIREOTIDE_ACROMEGALY_AUTO	ORPHAN	no matching topic JSON
PATISIRAN_ATTR_PN_AUTO	ORPHAN	no matching topic JSON
PATISIRAN_HATTR_AUTO	ORPHAN	no matching topic JSON
PCV13_VACCINE_AUTO	ORPHAN	no matching topic JSON
PCV15_VACCINE_AUTO	ORPHAN	no matching topic JSON
PEGCETACOPLAN_PNH_AUTO	ORPHAN	no matching topic JSON
PEGLOTICASE_GOUT_AUTO	ORPHAN	no matching topic JSON
PEMBROLIZUMAB_HEAD_NECK_AUTO	ORPHAN	no matching topic JSON
PEMBROLIZUMAB_HNSCC_AUTO	ORPHAN	no matching topic JSON
PEMBROLIZUMAB_KIDNEY_ADJ_AUTO_2	FOREIGN_NCT	NCT03142334(unknown-origin)
PEMBROLIZUMAB_KIDNEY_ADJ_AUTO	ORPHAN	no matching topic JSON
PEMBROLIZUMAB_MELANOMA_ADJ_AUTO	ORPHAN	no matching topic JSON
PEMBROLIZUMAB_MELANOMA_AUTO	ORPHAN	no matching topic JSON
PEMBROLIZUMAB_MELANOMA_NEO_AUTO	ORPHAN	no matching topic JSON
PEMBROLIZUMAB_NSCLC_1L_AUTO	ORPHAN	no matching topic JSON
PEMBROLIZUMAB_PROSTATIC_NEOPLASMS_AUTO	ORPHAN	no matching topic JSON
PEMBROLIZUMAB_RCC_AUTO	ORPHAN	no matching topic JSON
PEMBROLIZUMAB_RENAL_AUTO	ORPHAN	no matching topic JSON
PEMIGATINIB_BTC_AUTO	ORPHAN	no matching topic JSON
PEMIGATINIB_CHOLANGIO_AUTO	ORPHAN	no matching topic JSON
PHENTERMINE_TOPIRAMATE_OBESITY_AUTO	ORPHAN	no matching topic JSON
PIBRENTASVIR_HEPATITIS_C_AUTO	ORPHAN	no matching topic JSON
PIMECROLIMUS_AD_AUTO	ORPHAN	no matching topic JSON
PIOGLITAZONE_T2D_AUTO	FOREIGN_NCT	NCT00174993(unknown-origin)
PITAVASTATIN_AUTO	ORPHAN	no matching topic JSON
PLAZOMICIN_INFECTION_AUTO	ORPHAN	no matching topic JSON
PLECANATIDE_IBS_AUTO	ORPHAN	no matching topic JSON
PONESIMOD_MS_AUTO	ORPHAN	no matching topic JSON
POSACONAZOLE_FUNGAL_AUTO	ORPHAN	no matching topic JSON
PPSV23_VACCINE_AUTO	ORPHAN	no matching topic JSON
PREVNAR15_PNEUMO_AUTO	ORPHAN	no matching topic JSON
PRIMROSE_ELAGOLIX_AUTO	ORPHAN	no matching topic JSON
PYROXAMINE_AUTO	ORPHAN	no matching topic JSON
RABEPRAZOLE_GERD_AUTO	ORPHAN	no matching topic JSON
RABIES_VACCINE_AUTO	ORPHAN	no matching topic JSON
RALTEGRAVIR_HIV_AUTO	ORPHAN	no matching topic JSON
RAMUCIRUMAB_COLORECTAL_AUTO	ORPHAN	no matching topic JSON
RAMUCIRUMAB_GASTRIC_AUTO	ORPHAN	no matching topic JSON
RAMUCIRUMAB_HCC_AUTO	ORPHAN	no matching topic JSON
RAMUCIRUMAB_LUNG_AUTO	ORPHAN	no matching topic JSON
RANIBIZUMAB_DR_AUTO	ORPHAN	no matching topic JSON
RAVULIZUMAB_PNH_AUTO	ORPHAN	no matching topic JSON
RELUGOLIX_FIBROIDS_AUTO	ORPHAN	no matching topic JSON
RELUGOLIX_HEAVY_MENSTRUAL_AUTO	ORPHAN	no matching topic JSON
REMDESIVIR_COVID_AUTO	ORPHAN	no matching topic JSON
RESLIZUMAB_ASTHMA_AUTO	ORPHAN	no matching topic JSON
RETIFANLIMAB_SKIN_AUTO	ORPHAN	no matching topic JSON
RIFAPENTINE_TB_AUTO	ORPHAN	no matching topic JSON
RIMEGEPANT_MIGRAINE_AUTO	ORPHAN	no matching topic JSON
RIOCIGUAT_PAH_AUTO	ORPHAN	no matching topic JSON
RISANKIZUMAB_CROHNS_DISEASE_AUTO	ORPHAN	no matching topic JSON
RISANKIZUMAB_PSA_AUTO	ORPHAN	no matching topic JSON
RISANKIZUMAB_PSORIASIS_AUTO	ORPHAN	no matching topic JSON
RISDIPLAM_SMA_AUTO	ORPHAN	no matching topic JSON
RISPERIDONE_SCHIZO_AUTO	ORPHAN	no matching topic JSON
RITUXIMAB_LYMPHOMA_AUTO	ORPHAN	no matching topic JSON
RITUXIMAB_MG_AUTO	ORPHAN	no matching topic JSON
RIVAROXABAN_ACS_AUTO	ORPHAN	no matching topic JSON
RIZATRIPTAN_MIG_AUTO	ORPHAN	no matching topic JSON
ROCKLATAN_GLAUCOMA_AUTO	FOREIGN_NCT	NCT02558400(unknown-origin)
ROFLUMILAST_COPD_AUTO	ORPHAN	no matching topic JSON
ROFLUMILAST_PSORIASIS_AUTO	ORPHAN	no matching topic JSON
ROFLUMILAST_TOP_PSO_AUTO	ORPHAN	no matching topic JSON
ROLAPITANT_CINV_AUTO	ORPHAN	no matching topic JSON
ROMOSOZUMAB_OSTEO_AUTO	ORPHAN	no matching topic JSON
ROSUVASTATIN_AUTO	ORPHAN	no matching topic JSON
ROTAVIRUS_VACCINE_AUTO	ORPHAN	no matching topic JSON
ROZANOLIXIZUMAB_MG_AUTO	ORPHAN	no matching topic JSON
RSVPREF3_VACCINE_AUTO	ORPHAN	no matching topic JSON
RUCAPARIB_PROSTATE2_AUTO	ORPHAN	no matching topic JSON
RUCAPARIB_PROSTATE_AUTO	ORPHAN	no matching topic JSON
RUFINAMIDE_EPILEPSY_AUTO	ORPHAN	no matching topic JSON
RUXOLITINIB_AD_AUTO	ORPHAN	no matching topic JSON
SACUBITRIL_HEARTFAIL_AUTO	ORPHAN	no matching topic JSON
SACUBITRIL_VALSARTAN_HF_AUTO	ORPHAN	no matching topic JSON
SAPROPTERIN_PKU_AUTO	ORPHAN	no matching topic JSON
SARILUMAB_COVID_AUTO	ORPHAN	no matching topic JSON
SARILUMAB_RA_AUTO	ORPHAN	no matching topic JSON
SATRALIZUMAB_NMOSD_AUTO	ORPHAN	no matching topic JSON
SAXAGLIPTIN_T2D_AUTO	ORPHAN	no matching topic JSON
SEBELIPASE_LAL_AUTO	ORPHAN	no matching topic JSON
SECUKINUMAB_AXIAL_AUTO	ORPHAN	no matching topic JSON
SECUKINUMAB_AXSPA_AUTO	ORPHAN	no matching topic JSON
SECUKINUMAB_PSORIASIS_AUTO	ORPHAN	no matching topic JSON
SELADELPAR_PBC_AUTO	ORPHAN	no matching topic JSON
SELEXIPAG_PAH_AUTO	ORPHAN	no matching topic JSON
SELUMETINIB_NF1_AUTO	ORPHAN	no matching topic JSON
SEMAGLUTIDE_NASH_AUTO	ORPHAN	no matching topic JSON
SER109_CDI_AUTO	ORPHAN	no matching topic JSON
SIMEPREVIR_HCV_AUTO	ORPHAN	no matching topic JSON
SIRUKUMAB_ARTHRITIS_RHEUMATOID_AUTO	ORPHAN	no matching topic JSON
SITAGLIPTIN_T2D_AUTO	ORPHAN	no matching topic JSON
SORAFENIB_HCC_AUTO	ORPHAN	no matching topic JSON
SORAFENIB_LIVER_AUTO	ORPHAN	no matching topic JSON
SORAVTANSINE_EPITHELIAL_OVARIAN_AUTO	ORPHAN	no matching topic JSON
SORAVTANSINE_FALLOPIAN_TUBE_AUTO	ORPHAN	no matching topic JSON
SOTAGLIFLOZIN_HF_AUTO	ORPHAN	no matching topic JSON
SOTAGLIFLOZIN_T1D_AUTO	ORPHAN	no matching topic JSON
SOTATERCEPT_PAH_AUTO	ORPHAN	no matching topic JSON
SPESOLIMAB_GPP_AUTO	ORPHAN	no matching topic JSON
SUMATRIPTAN_MIG_AUTO	ORPHAN	no matching topic JSON
SUNITINIB_RCC_AUTO	ORPHAN	no matching topic JSON
SUNITINIB_RENAL_AUTO	ORPHAN	no matching topic JSON
TADALAFIL_BPH_AUTO	ORPHAN	no matching topic JSON
TALAZOPARIB_BREAST_AUTO	ORPHAN	no matching topic JSON
TANEZUMAB_OA_AUTO	ORPHAN	no matching topic JSON
TAPINAROF_ATOPIC_DERMATITIS_AUTO	ORPHAN	no matching topic JSON
TAVAPADON_PARKINSON_DISEASE_AUTO	ORPHAN	no matching topic JSON
TECOVIRIMAT_MPOX_AUTO	ORPHAN	no matching topic JSON
TENAPANOR_HYPERPHOS_AUTO	ORPHAN	no matching topic JSON
TENAPANOR_IBS_AUTO	ORPHAN	no matching topic JSON
TEPLIZUMAB_T1D_AUTO	ORPHAN	no matching topic JSON
TEPOTINIB_LUNG_AUTO	ORPHAN	no matching topic JSON
TEPROTUMUMAB_TED_AUTO	ORPHAN	no matching topic JSON
TERIFLUNOMIDE_MS_AUTO	ORPHAN	no matching topic JSON
THIAMINE_SEPSIS_AUTO	ORPHAN	no matching topic JSON
TIGECYCLINE_INFECTION_AUTO	ORPHAN	no matching topic JSON
TIRZEPATIDE_ARDS_AUTO	ORPHAN	no matching topic JSON
TOFACITINIB_AS_AUTO	ORPHAN	no matching topic JSON
TOFACITINIB_PSA_AUTO	ORPHAN	no matching topic JSON
TOFERSEN_ALS_AUTO	ORPHAN	no matching topic JSON
TOLEBRUTINIB_MS_AUTO	ORPHAN	no matching topic JSON
TOLVAPTAN_ADPKD_AUTO	ORPHAN	no matching topic JSON
TRALOKINUMAB_AD_2_AUTO	ORPHAN	no matching topic JSON
TRALOKINUMAB_AD_AUTO	ORPHAN	no matching topic JSON
TRAMETINIB_MELANOMA_AUTO	ORPHAN	no matching topic JSON
UBROGEPANT_MIGRAINE_AUTO	ORPHAN	no matching topic JSON
UPADACITINIB_AD_AUTO	ORPHAN	no matching topic JSON
UPADACITINIB_CROHNS_DISEASE_AUTO	ORPHAN	no matching topic JSON
UPADACITINIB_PSA_AUTO	ORPHAN	no matching topic JSON
UPADACITINIB_UC_AUTO	ORPHAN	no matching topic JSON
USTEKINUMAB_CD_AUTO	ORPHAN	no matching topic JSON
USTEKINUMAB_CROHN_AUTO	ORPHAN	no matching topic JSON
USTEKINUMAB_PSORIASIS_AUTO	ORPHAN	no matching topic JSON
USTEKINUMAB_PSO_AUTO	ORPHAN	no matching topic JSON
VADADUSTAT_ANEMIA_AUTO	FOREIGN_NCT	NCT02680574(unknown-origin); NCT02892149(unknown-origin)
VADADUSTAT_RENAL_ANEMIA_AUTO	FOREIGN_NCT	NCT02680574(unknown-origin); NCT02892149(unknown-origin)
VAMOROLONE_DMD2_AUTO	ORPHAN	no matching topic JSON
VANDETANIB_LUNG_AUTO	ORPHAN	no matching topic JSON
VANDETANIB_THYROID_AUTO	ORPHAN	no matching topic JSON
VARENICLINE_AUD_AUTO	ORPHAN	no matching topic JSON
VARENICLINE_SMOKING_AUTO	ORPHAN	no matching topic JSON
VARENICLINE_TOBACCO_AUTO	ORPHAN	no matching topic JSON
VEDOLIZUMAB_IBD_AUTO	ORPHAN	no matching topic JSON
VENLAFAXINE_DEPRESSION_AUTO	ORPHAN	no matching topic JSON
VIASKIN_PEANUT_AUTO	ORPHAN	no matching topic JSON
VIBEGRON_OAB_AUTO	ORPHAN	no matching topic JSON
VIBOSTOLIMAB_LUNG_AUTO	ORPHAN	no matching topic JSON
VILAZODONE_DEPRESSION_AUTO	ORPHAN	no matching topic JSON
VOCLOSPORIN_LN_AUTO	ORPHAN	no matching topic JSON
VOCLOSPORIN_LUPUS_AUTO	ORPHAN	no matching topic JSON
VORTIOXETINE_DEPRESSION_AUTO	ORPHAN	no matching topic JSON
VOXELOTOR_SCD_AUTO	ORPHAN	no matching topic JSON
WARFARIN_AF_AUTO	ORPHAN	no matching topic JSON
ZILUCOPLAN_GMG_AUTO	ORPHAN	no matching topic JSON
ZILUCOPLAN_MG_AUTO	ORPHAN	no matching topic JSON
ZOLBETUXIMAB_GASTRIC_AUTO	ORPHAN	no matching topic JSON
ZOLMITRIPTAN_MIG_AUTO	ORPHAN	no matching topic JSON