  controls: 16 checks, all held
  precondition: all 155 pages resolve to an object on disk.
  free on C: 33.4 GB   F: 94.9 GB   workers=4
  [  1/155] AMOXICILLIN_AOM_AUTO_FULL_REVIEW.html                 0 ->  0  clean
  [  2/155] ANIDULAFUNGIN_CANDIDA_AUTO_FULL_REVIEW.html           0 ->  0  clean
  [  3/155] ABLATION_AF_REVIEW.html                               0 ->  0  clean
  [  4/155] ACS_ANTIPLATELET_REVIEW.html                          0 ->  0  clean
  [  5/155] ANIDULAFUNGIN_FUNGAL_AUTO_FULL_REVIEW.html            0 ->  0  clean
  [  6/155] ARNI_HF_REVIEW.html                                  BUILD FAILED
  [  7/155] APIXABAN_ACS_AUTO_FULL_REVIEW.html                    0 ->  0  clean
  [  8/155] ATTR_CM_REVIEW.html                                   0 ->  0  clean
  [  9/155] APIXABAN_AF_AUTO_FULL_REVIEW.html                     0 ->  0  clean
  [ 10/155] APIXABAN_VTE_AUTO_FULL_REVIEW.html                    0 ->  0  clean
  [ 11/155] BAMLANIVIMAB_OUTP_AUTO_FULL_REVIEW.html              BUILD FAILED
  [ 12/155] AZILSARTAN_CLD_VS_OLM_HCTZ_REVIEW.html                0 ->  0  clean
  [ 13/155] BEZLOTOXUMAB_CDIFF_AUTO_FULL_REVIEW.html             BUILD FAILED
  [ 14/155] BAMLANIVIMAB_COVID_AUTO_FULL_REVIEW.html              0 ->  0  clean
  [ 15/155] AZILSARTAN_HTN_AUTO_FULL_REVIEW.html                  0 ->  0  clean
  [ 16/155] BEZLOTOXUMAB_CDI_AUTO_FULL_REVIEW.html                0 ->  0  clean
  [ 17/155] BEMPEDOIC_ACID_REVIEW.html                            0 ->  0  clean
  [ 18/155] BOSENTAN_PAH_AUTO_FULL_REVIEW.html                    0 ->  0  clean
  [ 19/155] BOSENTAN_PAH_CHILDREN_REVIEW.html                     0 ->  0  clean
  [ 20/155] BOSENTAN_PAH_COMBINATION_REVIEW.html                  0 ->  0  clean
  [ 21/155] BOSENTAN_PAH_MONOTHERAPY_REVIEW.html                  0 ->  0  clean
  [ 22/155] BOCOCIZUMAB_LIPID_AUTO_FULL_REVIEW.html               0 ->  0  clean
  [ 23/155] BOSENTAN_PH_NOT_GROUP1_REVIEW.html                    0 ->  0  clean
  [ 24/155] CASIRIVIMAB_COVID_AUTO_FULL_REVIEW.html               0 ->  0  clean
  [ 25/155] CASPOFUNGIN_FUNGAL_AUTO_FULL_REVIEW.html              0 ->  0  clean
  [ 26/155] CAB_PREP_HIV_REVIEW.html                              0 ->  0  clean
  [ 27/155] CEFEPIME_TAZ_AUTO_FULL_REVIEW.html                    0 ->  0  clean
  [ 28/155] CANGRELOR_PCI_REVIEW.html                             0 ->  0  clean
  [ 29/155] CEFTOLOZANE_TAZ_AUTO_FULL_REVIEW.html                BUILD FAILED
  [ 30/155] CEFTAZIDIME_AVIBACTAM_AUTO_FULL_REVIEW.html           0 ->  0  clean
  [ 31/155] CEFTOLOZANE_INFECTION_AUTO_FULL_REVIEW.html           0 ->  0  clean
  [ 32/155] CEFTAROLINE_AUTO_FULL_REVIEW.html                     0 ->  0  clean
  [ 33/155] COLCHICINE_CVD_CORONARY_REVIEW.html                   0 ->  0  clean
  [ 34/155] COLCHICINE_ICH_REVIEW.html                            0 ->  0  clean
  [ 35/155] COLCHICINE_CVD_REVIEW.html                            0 ->  0  clean
  [ 36/155] COLCHICINE_MIXED_ASCVD_REVIEW.html                    0 ->  0  clean
  [ 37/155] COLCHICINE_PAD_REVIEW.html                            0 ->  0  clean
  [ 38/155] COLCHICINE_PERICARDITIS_REVIEW.html                   0 ->  0  clean
  [ 39/155] COLCHICINE_PERIPROCEDURAL_REVIEW.html                 0 ->  0  clean
  [ 40/155] COLCHICINE_STROKE_REVIEW.html                         0 ->  0  clean
  [ 41/155] COVID_ORAL_ANTIVIRALS_REVIEW.html                     0 ->  0  clean
  [ 42/155] CVNCOV_SARSCOV2_AUTO_FULL_REVIEW.html                BUILD FAILED
  [ 43/155] CRYPTOCOCCAL_MENINGITIS_AFRICA_REVIEW.html            0 ->  0  clean
  [ 44/155] COVID19_VACCINES_REVIEW.html                          0 ->  0  clean
  [ 45/155] DABIGATRAN_VTE_AUTO_FULL_REVIEW.html                 BUILD FAILED
  [ 46/155] CVNCOV_COVID19_AUTO_FULL_REVIEW.html                  0 ->  0  clean
  [ 47/155] DABIGATRAN_AF_AUTO_FULL_REVIEW.html                   0 ->  0  clean
  [ 48/155] DABIGATRAN_STROKE_AUTO_FULL_REVIEW.html               0 ->  0  clean
  [ 49/155] DABIGATRAN_VTE_CEREBRAL_REVIEW.html                   0 ->  0  clean
  [ 50/155] DABIGATRAN_VTE_EXTENDED_REVIEW.html                   0 ->  0  clean
  [ 51/155] DABIGATRAN_VTE_SURGICAL_REVIEW.html                   0 ->  0  clean
  [ 52/155] DABIGATRAN_VTE_TREATMENT_REVIEW.html                  0 ->  0  clean
  [ 53/155] DELAMANID_TB_AUTO_FULL_REVIEW.html                    0 ->  0  clean
  [ 54/155] DORAVIRINE_HIV_AUTO_FULL_REVIEW.html                  0 ->  0  clean
  [ 55/155] DOAC_AF_NMA_REVIEW.html                               0 ->  0  clean
  [ 56/155] DOAC_CANCER_VTE_REVIEW.html                           0 ->  0  clean
  [ 57/155] DOAC_AF_REVIEW.html                                   0 ->  0  clean
  [ 58/155] DORAVIRINE_HIV_REVIEW.html                            0 ->  0  clean
  [ 59/155] DORIPENEM_AUTO_FULL_REVIEW.html                       0 ->  0  clean
  [ 60/155] DROTRECOGIN_SEPSIS_AUTO_FULL_REVIEW.html              0 ->  0  clean
  [ 61/155] EARLY_RHYTHM_CONTROL_AF_REVIEW.html                   0 ->  0  clean
  [ 62/155] EDOXABAN_CANCER_VTE_AUTO_FULL_REVIEW.html             0 ->  0  clean
  [ 63/155] EDOXABAN_VTE_AUTO_FULL_REVIEW.html                    0 ->  0  clean
  [ 64/155] EMTRICITABINE_HIV_AUTO_FULL_REVIEW.html               0 ->  0  clean
  [ 65/155] ENOXAPARIN_VTE_AUTO_FULL_REVIEW.html                  0 ->  0  clean
  [ 66/155] ERTAPENEM_INFECT_AUTO_FULL_REVIEW.html               BUILD FAILED
  [ 67/155] ERAVACYCLINE_INFECTION_AUTO_FULL_REVIEW.html          0 ->  0  clean
  [ 68/155] EMPAGLIFLOZIN_HF_AUTO_FULL_REVIEW.html                0 ->  0  clean
  [ 69/155] ERTAPENEM_AUTO_FULL_REVIEW.html                       0 ->  0  clean
  [ 70/155] ETESEVIMAB_COVID_AUTO_FULL_REVIEW.html                0 ->  0  clean
  [ 71/155] ETRIPAMIL_PAROXYSMAL_SUPRAVENTRICU_AUTO_FULL_REVIEW.html  0 ->  0  clean
  [ 72/155] EVOLOCUMAB_ASCVD_AUTO_2.html                          0 ->  0  clean
  [ 73/155] EVINACUMAB_HOFH_AUTO_FULL_REVIEW.html                 0 ->  0  clean
  [ 74/155] EVOLOCUMAB_ASCVD_AUTO_2_FULL_REVIEW.html              0 ->  0  clean
  [ 75/155] EVOLOCUMAB_DYSLIPIDEMIA_AUTO_FULL_REVIEW.html         0 ->  0  clean
  [ 76/155] FIDAXOMICIN_CDIFF_AUTO_FULL_REVIEW.html               0 ->  0  clean
  [ 77/155] EVOLOCUMAB_MIXED_DYSLIPIDEMIA_AUTO_FULL_REVIEW.html   0 ->  0  clean
  [ 78/155] FIDAXOMICIN_CDI_AUTO_FULL_REVIEW.html                 0 ->  0  clean
  [ 79/155] FONDAPARINUX_AUTO_FULL_REVIEW.html                    0 ->  0  clean
  [ 80/155] FCM_HF_REVIEW.html                                    0 ->  0  clean
  [ 81/155] FONDAPARINUX_VTE_AUTO_FULL_REVIEW.html                0 ->  0  clean
  [ 82/155] FINERENONE_REVIEW.html                                0 ->  0  clean
  [ 83/155] FINERENONE_CV_REVIEW.html                             0 ->  0  clean
  [ 84/155] HIV_LA_PREP_REVIEW.html                               0 ->  0  clean
  [ 85/155] HIV_PREP_INJECTABLE_REVIEW.html                       0 ->  0  clean
  [ 86/155] HEPATITIS_B_TAF_TDF_REVIEW.html                       0 ->  0  clean
  [ 87/155] GEPOTIDACIN_URINARY_TRACT_AUTO_FULL_REVIEW.html       0 ->  0  clean
  [ 88/155] INCLISIRAN_HOFH_AUTO_FULL_REVIEW.html                 0 ->  0  clean
  [ 89/155] ICOSAPENT_LIPID_AUTO_FULL_REVIEW.html                 0 ->  0  clean
  [ 90/155] INFLUENZA_RECOMBINANT_AUTO_FULL_REVIEW.html           0 ->  0  clean
  [ 91/155] INCLISIRAN_LIPID_KIDNEY_AUTO_FULL_REVIEW.html         0 ->  0  clean
  [ 92/155] IVERMECTIN_LF_AUTO_FULL_REVIEW.html                   0 ->  0  clean
  [ 93/155] INCRETIN_HFpEF_REVIEW.html                            0 ->  0  clean
  [ 94/155] LEFAMULIN_CAP_AUTO_FULL_REVIEW.html                  BUILD FAILED
  [ 95/155] INTENSIVE_BP_REVIEW.html                              0 ->  0  clean
  [ 96/155] LENACAPAVIR_PREP_REVIEW.html                         BUILD FAILED
  [ 97/155] LENACAPAVIR_HIV_AUTO_FULL_REVIEW.html                 0 ->  0  clean
  [ 98/155] LINEZOLID_MRSA_AUTO_FULL_REVIEW.html                  0 ->  0  clean
  [ 99/155] LEFAMULIN_CABP_AUTO_FULL_REVIEW.html                  0 ->  0  clean
  [100/155] MALARIA_ACT_REVIEW.html                               0 ->  0  clean
  [101/155] MALARIA_VACCINE_REVIEW.html                           0 ->  0  clean
  [102/155] MAVACAMTEN_HCM_REVIEW.html                            0 ->  0  clean
  [103/155] MAVACAMTEN_OHCM_AUTO_FULL_REVIEW.html                BUILD FAILED
  [104/155] MARIBAVIR_CMV_AUTO_FULL_REVIEW.html                   0 ->  0  clean
  [105/155] MAVACAMTEN_OHCM_REVIEW.html                           0 ->  0  clean
  [106/155] MDR_TB_SHORTENED_REVIEW.html                          0 ->  0  clean
  [107/155] MENACWY_BOOSTER_AUTO_FULL_REVIEW.html                 0 ->  0  clean
  [108/155] MENACYW_HEALTHY_VOLUNTEERS_AUTO_FULL_REVIEW.html      0 ->  0  clean
  [109/155] LENACAPAVIR_PREP_SSOT.html                            0 ->  0  clean
  [110/155] MEN_ACWY_AUTO_FULL_REVIEW.html                        0 ->  0  clean
  [111/155] MEROPENEM_AUTO_FULL_REVIEW.html                       0 ->  0  clean
  [112/155] MIPOMERSEN_HOFH_AUTO_FULL_REVIEW.html                 0 ->  0  clean
  [113/155] MITRAL_FUNCMR_REVIEW.html                             0 ->  0  clean
  [114/155] MOXIFLOXACIN_RESPI_AUTO_FULL_REVIEW.html              0 ->  0  clean
  [115/155] OLMESARTAN_HTN_AUTO_FULL_REVIEW.html                  0 ->  0  clean
  [116/155] NETARSUDIL_OCULAR_HYPERTENSION_AUTO_FULL_REVIEW.html  0 ->  0  clean
  [117/155] OMECAMTIV_HFREF_AUTO_FULL_REVIEW.html                BUILD FAILED
  [118/155] OMECAMTIV_HF_AUTO_FULL_REVIEW.html                   BUILD FAILED
  [119/155] NIRSEVIMAB_INFANT_RSV_REVIEW.html                     0 ->  0  clean
  [120/155] OMECAMTIV_HEARTFAIL_AUTO_FULL_REVIEW.html             0 ->  0  clean
  [121/155] PCSK9_REVIEW.html                                    BUILD FAILED
  [122/155] PEDIATRIC_HIV_ART_REVIEW.html                         0 ->  0  clean
  [123/155] PCSK9_INHIBITORS_CV_REVIEW.html                       0 ->  0  clean
  [124/155] IV_IRON_HF_REVIEW.html                                0 ->  0  clean
  [125/155] PCSK9_LIPID_NMA_REVIEW.html                           0 ->  0  clean
  [126/155] PLAZOMICIN_INFECTION_AUTO_FULL_REVIEW.html            0 ->  0  clean
  [127/155] POSACONAZOLE_FUNGAL_AUTO_FULL_REVIEW.html             0 ->  0  clean
  [128/155] PITAVASTATIN_AUTO_FULL_REVIEW.html                    0 ->  0  clean
  [129/155] REMDESIVIR_COVID_AUTO_FULL_REVIEW.html                0 ->  0  clean
  [130/155] RALTEGRAVIR_HIV_AUTO_FULL_REVIEW.html                 0 ->  0  clean
  [131/155] RIFAPENTINE_TB_AUTO_FULL_REVIEW.html                  0 ->  0  clean
  [132/155] RIVAROXABAN_ACS_AUTO_FULL_REVIEW.html                 0 ->  0  clean
  [133/155] RIOCIGUAT_PAH_AUTO_FULL_REVIEW.html                   0 ->  0  clean
  [134/155] RIVAROXABAN_VASC_REVIEW.html                          0 ->  0  clean
  [135/155] PREVNAR15_PNEUMO_AUTO_FULL_REVIEW.html                0 ->  0  clean
  [136/155] ROTAVIRUS_VACCINE_AFRICA_REVIEW.html                  0 ->  0  clean
  [137/155] SACUBITRIL_VALSARTAN_HF_AUTO_FULL_REVIEW.html        BUILD FAILED
  [138/155] ROSUVASTATIN_AUTO_FULL_REVIEW.html                    0 ->  0  clean
  [139/155] SACUBITRIL_HEARTFAIL_AUTO_FULL_REVIEW.html            0 ->  0  clean
  [140/155] SARILUMAB_COVID_AUTO_FULL_REVIEW.html                 0 ->  0  clean
  [141/155] ROTAVIRUS_VACCINE_AUTO_FULL_REVIEW.html               0 ->  0  clean
  [142/155] SELEXIPAG_PAH_AUTO_FULL_REVIEW.html                   0 ->  0  clean
  [143/155] SER109_CDI_AUTO_FULL_REVIEW.html                      0 ->  0  clean
  [144/155] SGLT2_CKD_REVIEW.html                                 0 ->  0  clean
  [145/155] SOTATERCEPT_PAH_AUTO_2.html                          BUILD FAILED
  [146/155] SGLT2_MACE_CVOT_REVIEW.html                           0 ->  0  clean
  [147/155] SOTATERCEPT_PAH_AUTO_2_FULL_REVIEW.html               0 ->  0  clean
  [148/155] SOTATERCEPT_PAH_AUTO_FULL_REVIEW.html                 0 ->  0  clean
  [149/155] TECOVIRIMAT_MPOX_AUTO_FULL_REVIEW.html                0 ->  0  clean
  [150/155] THIAMINE_SEPSIS_AUTO_FULL_REVIEW.html                 0 ->  0  clean
  [151/155] TIGECYCLINE_INFECTION_AUTO_FULL_REVIEW.html           0 ->  0  clean
  [152/155] TIGECYCLINE_CIAI_SSOT.html                            0 ->  0  clean
  [153/155] SGLT2_HF_REVIEW.html                                  0 ->  0  clean
  [154/155] WARFARIN_AF_AUTO_FULL_REVIEW.html                     0 ->  0  clean
  [155/155] SOTAGLIFLOZIN_HF_REVIEW.html                          0 ->  0  clean
  free on C: 33.2 GB after the run

rebuilt 155 pages in 81 min
  clean after rebuild : 140
  were blocked, now clean: 0
  STILL BLOCKED       : 0
  build failed/missing: 15
      ARNI_HF_REVIEW.html                                  BUILD_FAILED
      BAMLANIVIMAB_OUTP_AUTO_FULL_REVIEW.html              BUILD_FAILED
      BEZLOTOXUMAB_CDIFF_AUTO_FULL_REVIEW.html             BUILD_FAILED
      CEFTOLOZANE_TAZ_AUTO_FULL_REVIEW.html                BUILD_FAILED
      CVNCOV_SARSCOV2_AUTO_FULL_REVIEW.html                BUILD_FAILED
      DABIGATRAN_VTE_AUTO_FULL_REVIEW.html                 BUILD_FAILED
      ERTAPENEM_INFECT_AUTO_FULL_REVIEW.html               BUILD_FAILED
      LEFAMULIN_CAP_AUTO_FULL_REVIEW.html                  BUILD_FAILED
      LENACAPAVIR_PREP_REVIEW.html                         BUILD_FAILED
      MAVACAMTEN_OHCM_AUTO_FULL_REVIEW.html                BUILD_FAILED
      OMECAMTIV_HFREF_AUTO_FULL_REVIEW.html                BUILD_FAILED
      OMECAMTIV_HF_AUTO_FULL_REVIEW.html                   BUILD_FAILED
      PCSK9_REVIEW.html                                    BUILD_FAILED
      SACUBITRIL_VALSARTAN_HF_AUTO_FULL_REVIEW.html        BUILD_FAILED
      SOTATERCEPT_PAH_AUTO_2.html                          BUILD_FAILED
