CURRENT GENERATOR 2cd6ea1cc   remaining 157 of 157   this batch 157
  ABLATION_AF_HEART_FAILURE_REVIEW.html                OK  216aa30f0 -> 2cd6ea1cc  +536 bytes
  ABLATION_AF_MEDICAL_THERAPY_REVIEW.html              OK  216aa30f0 -> 2cd6ea1cc  +1176 bytes
  ABLATION_AF_REVIEW.html                              OK  216aa30f0 -> 2cd6ea1cc  -75 bytes
  ACS_ANTIPLATELET_REVIEW.html                         OK  216aa30f0 -> 2cd6ea1cc  -143 bytes
  AGYW_HIV_PREP_REVIEW.html                            OK  216aa30f0 -> 2cd6ea1cc  -56 bytes
  ALIROCUMAB_LIPID_AUTO_FULL_REVIEW.html               OK  216aa30f0 -> 2cd6ea1cc  +1719 bytes
  AMOXICILLIN_AOM_AUTO_FULL_REVIEW.html                OK  216aa30f0 -> 2cd6ea1cc  -158 bytes
  ANIDULAFUNGIN_CANDIDA_AUTO_FULL_REVIEW.html          OK  216aa30f0 -> 2cd6ea1cc  -157 bytes
  ANIDULAFUNGIN_FUNGAL_AUTO_FULL_REVIEW.html           OK  216aa30f0 -> 2cd6ea1cc  -157 bytes
  APIXABAN_ACS_AUTO_FULL_REVIEW.html                   OK  216aa30f0 -> 2cd6ea1cc  -33 bytes
  APIXABAN_AF_AUTO_FULL_REVIEW.html                    OK  216aa30f0 -> 2cd6ea1cc  -33 bytes
  APIXABAN_VTE_AUTO_FULL_REVIEW.html                   OK  216aa30f0 -> 2cd6ea1cc  -151 bytes
  APIXABAN_VTE_PROPHYLAXIS_REVIEW.html                 OK  216aa30f0 -> 2cd6ea1cc  -93 bytes
  APIXABAN_VTE_TREATMENT_REVIEW.html                   OK  216aa30f0 -> 2cd6ea1cc  +264 bytes
  ARNI_HF_REVIEW.html                                  SKIPPED (do_not_rebuild)
  ATTR_CM_REVIEW.html                                  OK  216aa30f0 -> 2cd6ea1cc  +366 bytes
  ATTR_PN_REVIEW.html                                  OK  216aa30f0 -> 2cd6ea1cc  -188 bytes
  AZILSARTAN_CLD_VS_OLM_HCTZ_REVIEW.html               OK  216aa30f0 -> 2cd6ea1cc  -44 bytes
  AZILSARTAN_HTN_AUTO_FULL_REVIEW.html                 OK  216aa30f0 -> 2cd6ea1cc  -44 bytes
  BAMLANIVIMAB_COVID_AUTO_FULL_REVIEW.html             OK  216aa30f0 -> 2cd6ea1cc  -151 bytes
  BAMLANIVIMAB_OUTP_AUTO_FULL_REVIEW.html              REFUSED -- old bytes restored
        builder exit 1: e\Chrome\Application\chrome.exe
REFUSED: this object records no title and no results, so there is no paper to project. That is a state of the OBJECT, not a build failure: the review has not been done. Building a page for it would put a stub where a reader expected nothing. Nothing has been written.
  BEMPEDOIC_ACID_REVIEW.html                           OK  216aa30f0 -> 2cd6ea1cc  +506 bytes
  BEZLOTOXUMAB_CDIFF_AUTO_FULL_REVIEW.html             REFUSED -- old bytes restored
        builder exit 1: e\Chrome\Application\chrome.exe
REFUSED: this object records no title and no results, so there is no paper to project. That is a state of the OBJECT, not a build failure: the review has not been done. Building a page for it would put a stub where a reader expected nothing. Nothing has been written.
  BEZLOTOXUMAB_CDI_AUTO_FULL_REVIEW.html               OK  216aa30f0 -> 2cd6ea1cc  -151 bytes
  BOCOCIZUMAB_LIPID_AUTO_FULL_REVIEW.html              OK  216aa30f0 -> 2cd6ea1cc  +693 bytes
  BOSENTAN_PAH_AUTO_FULL_REVIEW.html                   OK  216aa30f0 -> 2cd6ea1cc  -151 bytes
  CAB_PREP_HIV_REVIEW.html                             OK  216aa30f0 -> 2cd6ea1cc  -56 bytes
  CANGRELOR_PCI_REVIEW.html                            OK  216aa30f0 -> 2cd6ea1cc  +58 bytes
  CASIRIVIMAB_COVID_AUTO_FULL_REVIEW.html              OK  216aa30f0 -> 2cd6ea1cc  -151 bytes
  CASPOFUNGIN_FUNGAL_AUTO_FULL_REVIEW.html             OK  216aa30f0 -> 2cd6ea1cc  -148 bytes
  CEFEPIME_TAZ_AUTO_FULL_REVIEW.html                   OK  216aa30f0 -> 2cd6ea1cc  -157 bytes
  CEFTAROLINE_AUTO_FULL_REVIEW.html                    OK  216aa30f0 -> 2cd6ea1cc  +232 bytes
  CEFTAZIDIME_AVIBACTAM_AUTO_FULL_REVIEW.html          OK  216aa30f0 -> 2cd6ea1cc  -157 bytes
  CEFTOLOZANE_INFECTION_AUTO_FULL_REVIEW.html          OK  216aa30f0 -> 2cd6ea1cc  -157 bytes
  CEFTOLOZANE_TAZ_AUTO_FULL_REVIEW.html                REFUSED -- old bytes restored
        builder exit 1: e\Chrome\Application\chrome.exe
REFUSED: this object records no title and no results, so there is no paper to project. That is a state of the OBJECT, not a build failure: the review has not been done. Building a page for it would put a stub where a reader expected nothing. Nothing has been written.
  COLCHICINE_CVD_CORONARY_REVIEW.html                  OK  216aa30f0 -> 2cd6ea1cc  -107 bytes
  COLCHICINE_CVD_REVIEW.html                           OK  216aa30f0 -> 2cd6ea1cc  +31 bytes
  COLCHICINE_ICH_REVIEW.html                           OK  216aa30f0 -> 2cd6ea1cc  -110 bytes
  COLCHICINE_MIXED_ASCVD_REVIEW.html                   OK  216aa30f0 -> 2cd6ea1cc  -110 bytes
  COLCHICINE_PAD_REVIEW.html                           OK  216aa30f0 -> 2cd6ea1cc  -110 bytes
  COLCHICINE_PERICARDITIS_REVIEW.html                  OK  216aa30f0 -> 2cd6ea1cc  -110 bytes
  COLCHICINE_PERIPROCEDURAL_REVIEW.html                OK  216aa30f0 -> 2cd6ea1cc  -110 bytes
  COLCHICINE_STROKE_REVIEW.html                        OK  216aa30f0 -> 2cd6ea1cc  -110 bytes
  COVID19_VACCINES_REVIEW.html                         OK  216aa30f0 -> 2cd6ea1cc  -12 bytes
  COVID_ORAL_ANTIVIRALS_REVIEW.html                    OK  216aa30f0 -> 2cd6ea1cc  -151 bytes
  CRYPTOCOCCAL_MENINGITIS_AFRICA_REVIEW.html           OK  216aa30f0 -> 2cd6ea1cc  -151 bytes
  CVNCOV_COVID19_AUTO_FULL_REVIEW.html                 OK  216aa30f0 -> 2cd6ea1cc  -151 bytes
  CVNCOV_SARSCOV2_AUTO_FULL_REVIEW.html                REFUSED -- old bytes restored
        builder exit 1: e\Chrome\Application\chrome.exe
REFUSED: this object records no title and no results, so there is no paper to project. That is a state of the OBJECT, not a build failure: the review has not been done. Building a page for it would put a stub where a reader expected nothing. Nothing has been written.
  DABIGATRAN_AF_AUTO_FULL_REVIEW.html                  OK  216aa30f0 -> 2cd6ea1cc  -157 bytes
  DABIGATRAN_STROKE_AUTO_FULL_REVIEW.html              OK  216aa30f0 -> 2cd6ea1cc  -151 bytes
  DABIGATRAN_VTE_AUTO_FULL_REVIEW.html                 REFUSED -- old bytes restored
        builder exit 1: e\Chrome\Application\chrome.exe
REFUSED: this object records no title and no results, so there is no paper to project. That is a state of the OBJECT, not a build failure: the review has not been done. Building a page for it would put a stub where a reader expected nothing. Nothing has been written.
  DABIGATRAN_VTE_CEREBRAL_REVIEW.html                  OK  216aa30f0 -> 2cd6ea1cc  -110 bytes
  DABIGATRAN_VTE_EXTENDED_REVIEW.html                  OK  216aa30f0 -> 2cd6ea1cc  -110 bytes
  DABIGATRAN_VTE_SURGICAL_REVIEW.html                  OK  216aa30f0 -> 2cd6ea1cc  -63 bytes
  DABIGATRAN_VTE_TREATMENT_REVIEW.html                 OK  216aa30f0 -> 2cd6ea1cc  -110 bytes
  DELAMANID_TB_AUTO_FULL_REVIEW.html                   OK  216aa30f0 -> 2cd6ea1cc  -151 bytes
  DOAC_AF_NMA_REVIEW.html                              OK  216aa30f0 -> 2cd6ea1cc  -81 bytes
  DOAC_AF_REVIEW.html                                  OK  216aa30f0 -> 2cd6ea1cc  -81 bytes
  DOAC_CANCER_VTE_REVIEW.html                          OK  216aa30f0 -> 2cd6ea1cc  -79 bytes
  DORAVIRINE_HIV_AUTO_FULL_REVIEW.html                 OK  216aa30f0 -> 2cd6ea1cc  -158 bytes
  DORAVIRINE_HIV_REVIEW.html                           OK  216aa30f0 -> 2cd6ea1cc  -158 bytes
  DORIPENEM_AUTO_FULL_REVIEW.html                      OK  216aa30f0 -> 2cd6ea1cc  -151 bytes
  DROTRECOGIN_SEPSIS_AUTO_FULL_REVIEW.html             OK  216aa30f0 -> 2cd6ea1cc  -151 bytes
  EARLY_RHYTHM_CONTROL_AF_REVIEW.html                  OK  08ff71774 -> 2cd6ea1cc  +364 bytes
  EDOXABAN_CANCER_VTE_AUTO_FULL_REVIEW.html            OK  216aa30f0 -> 2cd6ea1cc  -157 bytes
  EDOXABAN_VTE_AUTO_FULL_REVIEW.html                   OK  216aa30f0 -> 2cd6ea1cc  -157 bytes
  EMPAGLIFLOZIN_HF_AUTO_FULL_REVIEW.html               OK  216aa30f0 -> 2cd6ea1cc  +1508 bytes
  EMTRICITABINE_HIV_AUTO_FULL_REVIEW.html              OK  216aa30f0 -> 2cd6ea1cc  -148 bytes
  ENOXAPARIN_VTE_AUTO_FULL_REVIEW.html                 OK  216aa30f0 -> 2cd6ea1cc  -151 bytes
  ERAVACYCLINE_INFECTION_AUTO_FULL_REVIEW.html         OK  216aa30f0 -> 2cd6ea1cc  -157 bytes
  ERTAPENEM_AUTO_FULL_REVIEW.html                      OK  216aa30f0 -> 2cd6ea1cc  -157 bytes
  ERTAPENEM_INFECT_AUTO_FULL_REVIEW.html               REFUSED -- old bytes restored
        builder exit 1: e\Chrome\Application\chrome.exe
REFUSED: this object records no title and no results, so there is no paper to project. That is a state of the OBJECT, not a build failure: the review has not been done. Building a page for it would put a stub where a reader expected nothing. Nothing has been written.
  ETESEVIMAB_COVID_AUTO_FULL_REVIEW.html               OK  216aa30f0 -> 2cd6ea1cc  -148 bytes
  ETRIPAMIL_PAROXYSMAL_SUPRAVENTRICU_AUTO_FULL_REVIEW. OK  216aa30f0 -> 2cd6ea1cc  -151 bytes
  EVINACUMAB_HOFH_AUTO_FULL_REVIEW.html                OK  216aa30f0 -> 2cd6ea1cc  -151 bytes
  EVOLOCUMAB_ASCVD_AUTO_2.html                         OK  216aa30f0 -> 2cd6ea1cc  -151 bytes
  EVOLOCUMAB_ASCVD_AUTO_2_FULL_REVIEW.html             OK  216aa30f0 -> 2cd6ea1cc  -33 bytes
  EVOLOCUMAB_DYSLIPIDEMIA_AUTO_FULL_REVIEW.html        OK  216aa30f0 -> 2cd6ea1cc  -33 bytes
  EVOLOCUMAB_MIXED_DYSLIPIDEMIA_AUTO_FULL_REVIEW.html  OK  216aa30f0 -> 2cd6ea1cc  -79 bytes
  FCM_HF_REVIEW.html                                   OK  216aa30f0 -> 2cd6ea1cc  -143 bytes
  FIDAXOMICIN_CDIFF_AUTO_FULL_REVIEW.html              OK  216aa30f0 -> 2cd6ea1cc  -151 bytes
  FIDAXOMICIN_CDI_AUTO_FULL_REVIEW.html                OK  216aa30f0 -> 2cd6ea1cc  -157 bytes
  FINERENONE_CV_REVIEW.html                            OK  216aa30f0 -> 2cd6ea1cc  -55 bytes
  FINERENONE_REVIEW.html                               OK  216aa30f0 -> 2cd6ea1cc  -143 bytes
  FONDAPARINUX_AUTO_FULL_REVIEW.html                   OK  216aa30f0 -> 2cd6ea1cc  -157 bytes
  FONDAPARINUX_VTE_AUTO_FULL_REVIEW.html               OK  216aa30f0 -> 2cd6ea1cc  -157 bytes
  GEPOTIDACIN_URINARY_TRACT_AUTO_FULL_REVIEW.html      OK  216aa30f0 -> 2cd6ea1cc  +82 bytes
  HEPATITIS_B_TAF_TDF_REVIEW.html                      OK  216aa30f0 -> 2cd6ea1cc  -143 bytes
  HIV_LA_PREP_REVIEW.html                              OK  216aa30f0 -> 2cd6ea1cc  -157 bytes
  HIV_PREP_INJECTABLE_REVIEW.html                      OK  216aa30f0 -> 2cd6ea1cc  -157 bytes
  ICOSAPENT_LIPID_AUTO_FULL_REVIEW.html                OK  216aa30f0 -> 2cd6ea1cc  +528 bytes
  INCLISIRAN_HOFH_AUTO_FULL_REVIEW.html                OK  216aa30f0 -> 2cd6ea1cc  -151 bytes
  INCLISIRAN_LIPID_KIDNEY_AUTO_FULL_REVIEW.html        OK  216aa30f0 -> 2cd6ea1cc  +1159 bytes
  INCRETIN_HFpEF_REVIEW.html                           OK  216aa30f0 -> 2cd6ea1cc  +59 bytes
  INFLUENZA_RECOMBINANT_AUTO_FULL_REVIEW.html          OK  216aa30f0 -> 2cd6ea1cc  -158 bytes
  INTENSIVE_BP_REVIEW.html                             OK  216aa30f0 -> 2cd6ea1cc  -33 bytes
  IVERMECTIN_LF_AUTO_FULL_REVIEW.html                  OK  216aa30f0 -> 2cd6ea1cc  -157 bytes
  IV_IRON_HF_REVIEW.html                               OK  08ff71774 -> 2cd6ea1cc  +2983 bytes
  LEFAMULIN_CABP_AUTO_FULL_REVIEW.html                 OK  216aa30f0 -> 2cd6ea1cc  +16 bytes
  LEFAMULIN_CAP_AUTO_FULL_REVIEW.html                  REFUSED -- old bytes restored
        builder exit 1: e\Chrome\Application\chrome.exe
REFUSED: this object records no title and no results, so there is no paper to project. That is a state of the OBJECT, not a build failure: the review has not been done. Building a page for it would put a stub where a reader expected nothing. Nothing has been written.
  LENACAPAVIR_HIV_AUTO_FULL_REVIEW.html                OK  216aa30f0 -> 2cd6ea1cc  -158 bytes
  LENACAPAVIR_PREP_REVIEW.html                         REFUSED -- old bytes restored
        builder exit 1: e\Chrome\Application\chrome.exe
REFUSED: this object records no title and no results, so there is no paper to project. That is a state of the OBJECT, not a build failure: the review has not been done. Building a page for it would put a stub where a reader expected nothing. Nothing has been written.
  LENACAPAVIR_PREP_SSOT.html                           OK  216aa30f0 -> 2cd6ea1cc  -11 bytes
  LINEZOLID_MRSA_AUTO_FULL_REVIEW.html                 OK  216aa30f0 -> 2cd6ea1cc  -158 bytes
  MALARIA_ACT_REVIEW.html                              OK  216aa30f0 -> 2cd6ea1cc  -157 bytes
  MALARIA_VACCINE_REVIEW.html                          OK  216aa30f0 -> 2cd6ea1cc  -151 bytes
  MARIBAVIR_CMV_AUTO_FULL_REVIEW.html                  OK  216aa30f0 -> 2cd6ea1cc  -151 bytes
  MAVACAMTEN_HCM_REVIEW.html                           OK  216aa30f0 -> 2cd6ea1cc  -33 bytes
  MAVACAMTEN_OHCM_AUTO_FULL_REVIEW.html                REFUSED -- old bytes restored
        builder exit 1: e\Chrome\Application\chrome.exe
REFUSED: this object records no title and no results, so there is no paper to project. That is a state of the OBJECT, not a build failure: the review has not been done. Building a page for it would put a stub where a reader expected nothing. Nothing has been written.
  MAVACAMTEN_OHCM_REVIEW.html                          OK  216aa30f0 -> 2cd6ea1cc  -33 bytes
  MDR_TB_SHORTENED_REVIEW.html                         OK  216aa30f0 -> 2cd6ea1cc  -151 bytes
  MENACWY_BOOSTER_AUTO_FULL_REVIEW.html                OK  216aa30f0 -> 2cd6ea1cc  -158 bytes
  MENACYW_HEALTHY_VOLUNTEERS_AUTO_FULL_REVIEW.html     OK  216aa30f0 -> 2cd6ea1cc  -157 bytes
  MEN_ACWY_AUTO_FULL_REVIEW.html                       OK  216aa30f0 -> 2cd6ea1cc  -148 bytes
  MEROPENEM_AUTO_FULL_REVIEW.html                      OK  216aa30f0 -> 2cd6ea1cc  -157 bytes
  MIPOMERSEN_HOFH_AUTO_FULL_REVIEW.html                OK  216aa30f0 -> 2cd6ea1cc  -157 bytes
  MITRAL_FUNCMR_REVIEW.html                            OK  216aa30f0 -> 2cd6ea1cc  -33 bytes
  MOXIFLOXACIN_RESPI_AUTO_FULL_REVIEW.html             OK  216aa30f0 -> 2cd6ea1cc  -151 bytes
  NIRSEVIMAB_INFANT_RSV_REVIEW.html                    OK  216aa30f0 -> 2cd6ea1cc  +148 bytes
  OLMESARTAN_HTN_AUTO_FULL_REVIEW.html                 OK  216aa30f0 -> 2cd6ea1cc  -158 bytes
  OMECAMTIV_HEARTFAIL_AUTO_FULL_REVIEW.html            OK  216aa30f0 -> 2cd6ea1cc  -151 bytes
  OMECAMTIV_HFREF_AUTO_FULL_REVIEW.html                REFUSED -- old bytes restored
        builder exit 1: e\Chrome\Application\chrome.exe
REFUSED: this object records no title and no results, so there is no paper to project. That is a state of the OBJECT, not a build failure: the review has not been done. Building a page for it would put a stub where a reader expected nothing. Nothing has been written.
  OMECAMTIV_HF_AUTO_FULL_REVIEW.html                   REFUSED -- old bytes restored
        builder exit 1: e\Chrome\Application\chrome.exe
REFUSED: this object records no title and no results, so there is no paper to project. That is a state of the OBJECT, not a build failure: the review has not been done. Building a page for it would put a stub where a reader expected nothing. Nothing has been written.
  PCSK9_INHIBITORS_CV_REVIEW.html                      OK  216aa30f0 -> 2cd6ea1cc  -155 bytes
  PCSK9_LIPID_NMA_REVIEW.html                          OK  216aa30f0 -> 2cd6ea1cc  -155 bytes
  PCSK9_REVIEW.html                                    REFUSED -- old bytes restored
        builder exit 1: e\Chrome\Application\chrome.exe
REFUSED: this object records no title and no results, so there is no paper to project. That is a state of the OBJECT, not a build failure: the review has not been done. Building a page for it would put a stub where a reader expected nothing. Nothing has been written.
  PEDIATRIC_HIV_ART_REVIEW.html                        OK  216aa30f0 -> 2cd6ea1cc  -151 bytes
  PITAVASTATIN_AUTO_FULL_REVIEW.html                   OK  216aa30f0 -> 2cd6ea1cc  -143 bytes
  PLAZOMICIN_INFECTION_AUTO_FULL_REVIEW.html           OK  216aa30f0 -> 2cd6ea1cc  -157 bytes
  POSACONAZOLE_FUNGAL_AUTO_FULL_REVIEW.html            OK  216aa30f0 -> 2cd6ea1cc  -158 bytes
  PREVNAR15_PNEUMO_AUTO_FULL_REVIEW.html               OK  216aa30f0 -> 2cd6ea1cc  -32 bytes
  RALTEGRAVIR_HIV_AUTO_FULL_REVIEW.html                OK  216aa30f0 -> 2cd6ea1cc  -151 bytes
  REMDESIVIR_COVID_AUTO_FULL_REVIEW.html               OK  216aa30f0 -> 2cd6ea1cc  -151 bytes
  RIFAPENTINE_TB_AUTO_FULL_REVIEW.html                 OK  216aa30f0 -> 2cd6ea1cc  -158 bytes
  RIOCIGUAT_PAH_AUTO_FULL_REVIEW.html                  OK  216aa30f0 -> 2cd6ea1cc  -157 bytes
  RIVAROXABAN_ACS_AUTO_FULL_REVIEW.html                OK  216aa30f0 -> 2cd6ea1cc  -33 bytes
  RIVAROXABAN_VASC_REVIEW.html                         OK  216aa30f0 -> 2cd6ea1cc  +31 bytes
  ROSUVASTATIN_AUTO_FULL_REVIEW.html                   OK  216aa30f0 -> 2cd6ea1cc  -192 bytes
  ROTAVIRUS_VACCINE_AFRICA_REVIEW.html                 OK  216aa30f0 -> 2cd6ea1cc  -160 bytes
  ROTAVIRUS_VACCINE_AUTO_FULL_REVIEW.html              OK  216aa30f0 -> 2cd6ea1cc  -160 bytes
  SACUBITRIL_HEARTFAIL_AUTO_FULL_REVIEW.html           OK  216aa30f0 -> 2cd6ea1cc  -151 bytes
  SACUBITRIL_VALSARTAN_HF_AUTO_FULL_REVIEW.html        REFUSED -- old bytes restored
        builder exit 1: e\Chrome\Application\chrome.exe
REFUSED: this object records no title and no results, so there is no paper to project. That is a state of the OBJECT, not a build failure: the review has not been done. Building a page for it would put a stub where a reader expected nothing. Nothing has been written.
  SARILUMAB_COVID_AUTO_FULL_REVIEW.html                OK  216aa30f0 -> 2cd6ea1cc  -151 bytes
  SELEXIPAG_PAH_AUTO_FULL_REVIEW.html                  OK  216aa30f0 -> 2cd6ea1cc  -151 bytes
  SER109_CDI_AUTO_FULL_REVIEW.html                     OK  216aa30f0 -> 2cd6ea1cc  -151 bytes
  SGLT2_CKD_REVIEW.html                                OK  216aa30f0 -> 2cd6ea1cc  -79 bytes
  SGLT2_HF_REVIEW.html                                 OK  08ff71774 -> 2cd6ea1cc  +2568 bytes
  SGLT2_MACE_CVOT_REVIEW.html                          OK  216aa30f0 -> 2cd6ea1cc  -192 bytes
  SOTAGLIFLOZIN_HF_REVIEW.html                         OK  08ff71774 -> 2cd6ea1cc  +1351 bytes
  SOTATERCEPT_PAH_AUTO_2.html                          REFUSED -- old bytes restored
        builder exit 1: e\Chrome\Application\chrome.exe
REFUSED: this object records no title and no results, so there is no paper to project. That is a state of the OBJECT, not a build failure: the review has not been done. Building a page for it would put a stub where a reader expected nothing. Nothing has been written.
  SOTATERCEPT_PAH_AUTO_2_FULL_REVIEW.html              OK  216aa30f0 -> 2cd6ea1cc  -151 bytes
  SOTATERCEPT_PAH_AUTO_FULL_REVIEW.html                OK  216aa30f0 -> 2cd6ea1cc  -151 bytes
  TECOVIRIMAT_MPOX_AUTO_FULL_REVIEW.html               OK  216aa30f0 -> 2cd6ea1cc  -151 bytes
  THIAMINE_SEPSIS_AUTO_FULL_REVIEW.html                OK  216aa30f0 -> 2cd6ea1cc  -158 bytes
  TIGECYCLINE_CIAI_SSOT.html                           OK  216aa30f0 -> 2cd6ea1cc  +420 bytes
  TIGECYCLINE_INFECTION_AUTO_FULL_REVIEW.html          OK  216aa30f0 -> 2cd6ea1cc  -158 bytes
  WARFARIN_AF_AUTO_FULL_REVIEW.html                    OK  216aa30f0 -> 2cd6ea1cc  -151 bytes

BATCH COMPLETE. done 142, failed 14, skipped 1, remaining 0
