pages with a Paper tab: 149 | jobs to run: 298 (0 already done)
[   1/298] ABLATION_AF_MEDICAL_THERAPY_REVIEW.html        editor   ok DESK-REJECT
[   2/298] ABLATION_AF_HEART_FAILURE_REVIEW.html          student  ok MISLEADING
[   3/298] ABLATION_AF_HEART_FAILURE_REVIEW.html          editor   ok DESK-REJECT
[   4/298] ABLATION_AF_REVIEW.html                        editor   ok DESK-REJECT
[   5/298] ABLATION_AF_REVIEW.html                        student  ok MISLEADING
[   6/298] ACS_ANTIPLATELET_REVIEW.html                   editor   ok DESK-REJECT
[   7/298] ABLATION_AF_MEDICAL_THERAPY_REVIEW.html        student  ok SAFE
[   8/298] AGYW_HIV_PREP_REVIEW.html                      student  ok MISLEADING
[   9/298] ALIROCUMAB_LIPID_AUTO_FULL_REVIEW.html         editor   ok DESK-REJECT
[  10/298] ACS_ANTIPLATELET_REVIEW.html                   student  ok SAFE
[  11/298] AGYW_HIV_PREP_REVIEW.html                      editor   ok DESK-REJECT
[  12/298] AMOXICILLIN_AOM_AUTO_FULL_REVIEW.html          student  ok MISLEADING
[  13/298] ANIDULAFUNGIN_CANDIDA_AUTO_FULL_REVIEW.html    editor   ok DESK-REJECT
[  14/298] AMOXICILLIN_AOM_AUTO_FULL_REVIEW.html          editor   ok DESK-REJECT
[  15/298] ANIDULAFUNGIN_FUNGAL_AUTO_FULL_REVIEW.html     student  ok SAFE
[  16/298] ANIDULAFUNGIN_CANDIDA_AUTO_FULL_REVIEW.html    student  ok SAFE
[  17/298] ALIROCUMAB_LIPID_AUTO_FULL_REVIEW.html         student  ok SAFE
[  18/298] APIXABAN_ACS_AUTO_FULL_REVIEW.html             editor   ok DESK-REJECT
[  19/298] ANIDULAFUNGIN_FUNGAL_AUTO_FULL_REVIEW.html     editor   ok DESK-REJECT
[  20/298] APIXABAN_ACS_AUTO_FULL_REVIEW.html             student  ok MISLEADING
[  21/298] APIXABAN_VTE_AUTO_FULL_REVIEW.html             editor   ok DESK-REJECT
[  22/298] APIXABAN_VTE_AUTO_FULL_REVIEW.html             student  ok SAFE
[  23/298] APIXABAN_AF_AUTO_FULL_REVIEW.html              editor   ok DESK-REJECT
[  24/298] APIXABAN_VTE_PROPHYLAXIS_REVIEW.html           student  ok SAFE
[  25/298] APIXABAN_VTE_TREATMENT_REVIEW.html             editor   ok DESK-REJECT
[  26/298] APIXABAN_VTE_PROPHYLAXIS_REVIEW.html           editor   ok DESK-REJECT
[  27/298] ARNI_HF_REVIEW.html                            student  ok MISLEADING
[  28/298] APIXABAN_AF_AUTO_FULL_REVIEW.html              student  ok MISLEADING
[  29/298] APIXABAN_VTE_TREATMENT_REVIEW.html             student  ok SAFE
[  30/298] ATTR_CM_REVIEW.html                            editor   ok DESK-REJECT
[  31/298] ATTR_PN_REVIEW.html                            student  ok MISLEADING
[  32/298] ATTR_PN_REVIEW.html                            editor   ok DESK-REJECT
[  33/298] ATTR_CM_REVIEW.html                            student  ok SAFE
[  34/298] AZILSARTAN_HTN_AUTO_FULL_REVIEW.html           student  ok SAFE
[  35/298] AZILSARTAN_CLD_VS_OLM_HCTZ_REVIEW.html         editor   ok DESK-REJECT
[  36/298] ARNI_HF_REVIEW.html                            editor   ok REVIEW
[  37/298] BAMLANIVIMAB_COVID_AUTO_FULL_REVIEW.html       editor   ok DESK-REJECT
[  38/298] AZILSARTAN_HTN_AUTO_FULL_REVIEW.html           editor   ok DESK-REJECT
[  39/298] BEMPEDOIC_ACID_REVIEW.html                     student  ok SAFE
[  40/298] BAMLANIVIMAB_COVID_AUTO_FULL_REVIEW.html       student  ok MISLEADING
[  41/298] BEZLOTOXUMAB_CDI_AUTO_FULL_REVIEW.html         editor   ok DESK-REJECT
[  42/298] BEMPEDOIC_ACID_REVIEW.html                     editor   ok DESK-REJECT
[  43/298] BEZLOTOXUMAB_CDI_AUTO_FULL_REVIEW.html         student  ok MISLEADING
[  44/298] BOCOCIZUMAB_LIPID_AUTO_FULL_REVIEW.html        student  ok SAFE
[  45/298] BOCOCIZUMAB_LIPID_REVIEW.html                  editor   ok DESK-REJECT
[  46/298] BOCOCIZUMAB_LIPID_AUTO_FULL_REVIEW.html        editor   ok DESK-REJECT
[  47/298] BOSENTAN_PAH_AUTO_FULL_REVIEW.html             student  ok SAFE
[  48/298] AZILSARTAN_CLD_VS_OLM_HCTZ_REVIEW.html         student  ok MISLEADING
[  49/298] BOSENTAN_PAH_AUTO_FULL_REVIEW.html             editor   ok DESK-REJECT
[  50/298] BOSENTAN_PAH_CHILDREN_REVIEW.html              editor   ok DESK-REJECT
[  51/298] BOSENTAN_PAH_CHILDREN_REVIEW.html              student  ok SAFE
[  52/298] BOSENTAN_PAH_COMBINATION_REVIEW.html           student  ok SAFE
[  53/298] BOSENTAN_PAH_MONOTHERAPY_REVIEW.html           editor   ok DESK-REJECT
[  54/298] BOSENTAN_PAH_COMBINATION_REVIEW.html           editor   ok DESK-REJECT
[  55/298] BOCOCIZUMAB_LIPID_REVIEW.html                  student  ok SAFE
[  56/298] BOSENTAN_PH_NOT_GROUP1_REVIEW.html             student  ok SAFE
[  57/298] BOSENTAN_PAH_MONOTHERAPY_REVIEW.html           student  ok SAFE
[  58/298] CANGRELOR_PCI_REVIEW.html                      student  ok SAFE
[  59/298] CAB_PREP_HIV_REVIEW.html                       editor   ok DESK-REJECT
[  60/298] BOSENTAN_PH_NOT_GROUP1_REVIEW.html             editor   ok DESK-REJECT
[  61/298] CASIRIVIMAB_COVID_AUTO_FULL_REVIEW.html        editor   ok DESK-REJECT
[  62/298] CASPOFUNGIN_FUNGAL_AUTO_FULL_REVIEW.html       student  ok SAFE
[  63/298] CASIRIVIMAB_COVID_AUTO_FULL_REVIEW.html        student  ok SAFE
[  64/298] CANGRELOR_PCI_REVIEW.html                      editor   ok DESK-REJECT
[  65/298] CAB_PREP_HIV_REVIEW.html                       student  ok SAFE
[  66/298] CEFEPIME_TAZ_AUTO_FULL_REVIEW.html             editor   ok DESK-REJECT
[  67/298] CEFTAROLINE_AUTO_FULL_REVIEW.html              student  ok MISLEADING
[  68/298] CASPOFUNGIN_FUNGAL_AUTO_FULL_REVIEW.html       editor   ok DESK-REJECT
[  69/298] CEFTAZIDIME_AVIBACTAM_AUTO_FULL_REVIEW.html    editor   ok DESK-REJECT
[  70/298] CEFTAROLINE_AUTO_FULL_REVIEW.html              editor   ok DESK-REJECT
[  71/298] CEFEPIME_TAZ_AUTO_FULL_REVIEW.html             student  ok MISLEADING
[  72/298] CEFTAZIDIME_AVIBACTAM_AUTO_FULL_REVIEW.html    student  ok SAFE
[  73/298] COLCHICINE_CVD_CORONARY_REVIEW.html            editor   ok DESK-REJECT
[  74/298] CEFTOLOZANE_INFECTION_AUTO_FULL_REVIEW.html    editor   ok DESK-REJECT
[  75/298] COLCHICINE_CVD_REVIEW.html                     student  ok SAFE
[  76/298] CEFTOLOZANE_INFECTION_AUTO_FULL_REVIEW.html    student  ok MISLEADING
[  77/298] COLCHICINE_CVD_REVIEW.html                     editor   ok DESK-REJECT
[  78/298] COLCHICINE_ICH_REVIEW.html                     editor   ok DESK-REJECT
[  79/298] COLCHICINE_ICH_REVIEW.html                     student  ok SAFE
[  80/298] COLCHICINE_CVD_CORONARY_REVIEW.html            student  ok SAFE
[  81/298] COLCHICINE_MIXED_ASCVD_REVIEW.html             student  ok SAFE
[  82/298] COLCHICINE_PAD_REVIEW.html                     editor   ok DESK-REJECT
[  83/298] COLCHICINE_MIXED_ASCVD_REVIEW.html             editor   ok DESK-REJECT
[  84/298] COLCHICINE_PERICARDITIS_REVIEW.html            student  ok SAFE
[  85/298] COLCHICINE_PERIPROCEDURAL_REVIEW.html          editor   ok DESK-REJECT
[  86/298] COLCHICINE_PERICARDITIS_REVIEW.html            editor   ok DESK-REJECT
[  87/298] COLCHICINE_STROKE_REVIEW.html                  student  ok MISLEADING
[  88/298] COLCHICINE_PERIPROCEDURAL_REVIEW.html          student  ok MISLEADING
[  89/298] COLCHICINE_PAD_REVIEW.html                     student  ok MISLEADING
[  90/298] COVID19_VACCINES_REVIEW.html                   editor   ok DESK-REJECT
[  91/298] COLCHICINE_STROKE_REVIEW.html                  editor   ok DESK-REJECT
[  92/298] COVID_ORAL_ANTIVIRALS_REVIEW.html              student  ok MISLEADING
[  93/298] CRYPTOCOCCAL_MENINGITIS_AFRICA_REVIEW.html     editor   ok DESK-REJECT
[  94/298] COVID_ORAL_ANTIVIRALS_REVIEW.html              editor   ok DESK-REJECT
[  95/298] CVNCOV_COVID19_AUTO_FULL_REVIEW.html           student  ok MISLEADING
[  96/298] CVNCOV_COVID19_AUTO_FULL_REVIEW.html           editor   ok DESK-REJECT
[  97/298] DABIGATRAN_AF_AUTO_FULL_REVIEW.html            editor   ok DESK-REJECT
[  98/298] DABIGATRAN_AF_AUTO_FULL_REVIEW.html            student  ok SAFE
[  99/298] CRYPTOCOCCAL_MENINGITIS_AFRICA_REVIEW.html     student  ok SAFE
[ 100/298] DABIGATRAN_STROKE_AUTO_FULL_REVIEW.html        student  ok SAFE
[ 101/298] DABIGATRAN_VTE_CEREBRAL_REVIEW.html            editor   ok DESK-REJECT
[ 102/298] DABIGATRAN_STROKE_AUTO_FULL_REVIEW.html        editor   ok DESK-REJECT
[ 103/298] DABIGATRAN_VTE_EXTENDED_REVIEW.html            student  ok SAFE
[ 104/298] COVID19_VACCINES_REVIEW.html                   student  ok MISLEADING
[ 105/298] DABIGATRAN_VTE_CEREBRAL_REVIEW.html            student  ok SAFE
[ 106/298] DABIGATRAN_VTE_EXTENDED_REVIEW.html            editor   ok REVIEW
[ 107/298] DABIGATRAN_VTE_TREATMENT_REVIEW.html           student  ok SAFE
[ 108/298] DABIGATRAN_VTE_SURGICAL_REVIEW.html            editor   ok DESK-REJECT
[ 109/298] DABIGATRAN_VTE_TREATMENT_REVIEW.html           editor   ok DESK-REJECT
[ 110/298] DABIGATRAN_VTE_SURGICAL_REVIEW.html            student  ok SAFE
[ 111/298] DELAMANID_TB_AUTO_FULL_REVIEW.html             editor   ok DESK-REJECT
[ 112/298] DELAMANID_TB_AUTO_FULL_REVIEW.html             student  ok SAFE
[ 113/298] DOAC_AF_NMA_REVIEW.html                        student  ok SAFE
[ 114/298] DOAC_AF_REVIEW.html                            editor   ok DESK-REJECT
[ 115/298] DOAC_CANCER_VTE_REVIEW.html                    student  ok SAFE
[ 116/298] DOAC_AF_NMA_REVIEW.html                        editor   ok DESK-REJECT
[ 117/298] DOAC_CANCER_VTE_REVIEW.html                    editor   ok DESK-REJECT
[ 118/298] DORAVIRINE_HIV_AUTO_FULL_REVIEW.html           student  ok SAFE
[ 119/298] DORAVIRINE_HIV_AUTO_FULL_REVIEW.html           editor   ok DESK-REJECT
[ 120/298] DORAVIRINE_HIV_REVIEW.html                     student  ok SAFE
[ 121/298] DOAC_AF_REVIEW.html                            student  ok SAFE
[ 122/298] DORIPENEM_AUTO_FULL_REVIEW.html                editor   ok DESK-REJECT
[ 123/298] DROTRECOGIN_SEPSIS_AUTO_FULL_REVIEW.html       student  ok SAFE
[ 124/298] DORAVIRINE_HIV_REVIEW.html                     editor   ok DESK-REJECT
[ 125/298] DORIPENEM_AUTO_FULL_REVIEW.html                student  ok SAFE
[ 126/298] EARLY_RHYTHM_CONTROL_AF_REVIEW.html            editor   ok DESK-REJECT
[ 127/298] DROTRECOGIN_SEPSIS_AUTO_FULL_REVIEW.html       editor   ok DESK-REJECT
[ 128/298] EDOXABAN_CANCER_VTE_AUTO_FULL_REVIEW.html      student  ok SAFE
[ 129/298] EDOXABAN_VTE_AUTO_FULL_REVIEW.html             editor   ok DESK-REJECT
[ 130/298] EDOXABAN_VTE_AUTO_FULL_REVIEW.html             student  ok SAFE
[ 131/298] EMPAGLIFLOZIN_HF_AUTO_FULL_REVIEW.html         student  ok SAFE
[ 132/298] EDOXABAN_CANCER_VTE_AUTO_FULL_REVIEW.html      editor   ok REVIEW
[ 133/298] EMTRICITABINE_HIV_AUTO_FULL_REVIEW.html        editor   ok DESK-REJECT
[ 134/298] EMPAGLIFLOZIN_HF_AUTO_FULL_REVIEW.html         editor   ok DESK-REJECT
[ 135/298] ENOXAPARIN_VTE_AUTO_FULL_REVIEW.html           student  ok SAFE
[ 136/298] EMTRICITABINE_HIV_AUTO_FULL_REVIEW.html        student  ok SAFE
[ 137/298] ERAVACYCLINE_INFECTION_AUTO_FULL_REVIEW.html   editor   ok DESK-REJECT
[ 138/298] ENOXAPARIN_VTE_AUTO_FULL_REVIEW.html           editor   ok DESK-REJECT
[ 139/298] EARLY_RHYTHM_CONTROL_AF_REVIEW.html            student  ok MISLEADING
[ 140/298] ERAVACYCLINE_INFECTION_AUTO_FULL_REVIEW.html   student  ok MISLEADING
[ 141/298] ERTAPENEM_AUTO_FULL_REVIEW.html                editor   ok DESK-REJECT
[ 142/298] ETESEVIMAB_COVID_AUTO_FULL_REVIEW.html         editor   ok DESK-REJECT
[ 143/298] ERTAPENEM_AUTO_FULL_REVIEW.html                student  ok SAFE
[ 144/298] ETRIPAMIL_PAROXYSMAL_SUPRAVENTRICU_AUTO_FULL   student  ok SAFE
[ 145/298] ETESEVIMAB_COVID_AUTO_FULL_REVIEW.html         student  ok SAFE
[ 146/298] EVOLOCUMAB_ASCVD_AUTO_2.html                   student  ok SAFE
[ 147/298] EVINACUMAB_HOFH_AUTO_FULL_REVIEW.html          editor   ok DESK-REJECT
[ 148/298] ETRIPAMIL_PAROXYSMAL_SUPRAVENTRICU_AUTO_FULL   editor   ok DESK-REJECT
[ 149/298] EVINACUMAB_HOFH_AUTO_FULL_REVIEW.html          student  ok SAFE
[ 150/298] EVOLOCUMAB_ASCVD_AUTO_2_FULL_REVIEW.html       editor   ok DESK-REJECT
[ 151/298] EVOLOCUMAB_DYSLIPIDEMIA_AUTO_FULL_REVIEW.htm   student  ok MISLEADING
[ 152/298] EVOLOCUMAB_DYSLIPIDEMIA_AUTO_FULL_REVIEW.htm   editor   ok DESK-REJECT
[ 153/298] EVOLOCUMAB_ASCVD_AUTO_2_FULL_REVIEW.html       student  ok SAFE
[ 154/298] EVOLOCUMAB_ASCVD_AUTO_2.html                   editor   ok DESK-REJECT
[ 155/298] EVOLOCUMAB_MIXED_DYSLIPIDEMIA_AUTO_FULL_REVI   editor   ok DESK-REJECT
[ 156/298] FCM_HF_REVIEW.html                             student  ok MISLEADING
[ 157/298] FIDAXOMICIN_CDIFF_AUTO_FULL_REVIEW.html        editor   ok DESK-REJECT
[ 158/298] FCM_HF_REVIEW.html                             editor   ok DESK-REJECT
[ 159/298] EVOLOCUMAB_MIXED_DYSLIPIDEMIA_AUTO_FULL_REVI   student  ok SAFE
[ 160/298] FIDAXOMICIN_CDI_AUTO_FULL_REVIEW.html          student  ok MISLEADING
[ 161/298] FINERENONE_CV_REVIEW.html                      editor   ok DESK-REJECT
[ 162/298] FIDAXOMICIN_CDIFF_AUTO_FULL_REVIEW.html        student  ok SAFE
[ 163/298] FIDAXOMICIN_CDI_AUTO_FULL_REVIEW.html          editor   ok DESK-REJECT
[ 164/298] FINERENONE_REVIEW.html                         student  ok MISLEADING
[ 165/298] FONDAPARINUX_AUTO_FULL_REVIEW.html             editor   ok DESK-REJECT
[ 166/298] FONDAPARINUX_VTE_AUTO_FULL_REVIEW.html         student  ok SAFE
[ 167/298] FINERENONE_CV_REVIEW.html                      student  ok SAFE
[ 168/298] FONDAPARINUX_AUTO_FULL_REVIEW.html             student  ok SAFE
[ 169/298] FINERENONE_REVIEW.html                         editor   ok DESK-REJECT
[ 170/298] GEPOTIDACIN_URINARY_TRACT_AUTO_FULL_REVIEW.h   editor   ok DESK-REJECT
[ 171/298] HEPATITIS_B_TAF_TDF_REVIEW.html                student  ok SAFE
[ 172/298] FONDAPARINUX_VTE_AUTO_FULL_REVIEW.html         editor   ok DESK-REJECT
[ 173/298] HIV_LA_PREP_REVIEW.html                        editor   ok DESK-REJECT
[ 174/298] HEPATITIS_B_TAF_TDF_REVIEW.html                editor   ok DESK-REJECT
[ 175/298] HIV_PREP_INJECTABLE_REVIEW.html                student  ok SAFE
[ 176/298] HIV_LA_PREP_REVIEW.html                        student  ok SAFE
[ 177/298] GEPOTIDACIN_URINARY_TRACT_AUTO_FULL_REVIEW.h   student  ok SAFE
[ 178/298] ICOSAPENT_LIPID_AUTO_FULL_REVIEW.html          editor   ok DESK-REJECT
[ 179/298] HIV_PREP_INJECTABLE_REVIEW.html                editor   ok DESK-REJECT
[ 180/298] INCLISIRAN_HOFH_AUTO_FULL_REVIEW.html          student  ok SAFE
[ 181/298] INCLISIRAN_HOFH_AUTO_FULL_REVIEW.html          editor   ok DESK-REJECT
[ 182/298] INCLISIRAN_LIPID_KIDNEY_AUTO_FULL_REVIEW.htm   editor   ok DESK-REJECT
[ 183/298] ICOSAPENT_LIPID_AUTO_FULL_REVIEW.html          student  ok SAFE
[ 184/298] INCRETIN_HFpEF_REVIEW.html                     student  ok SAFE
[ 185/298] INCLISIRAN_LIPID_KIDNEY_AUTO_FULL_REVIEW.htm   student  ok SAFE
[ 186/298] INFLUENZA_RECOMBINANT_AUTO_FULL_REVIEW.html    editor   ok DESK-REJECT
[ 187/298] INFLUENZA_RECOMBINANT_AUTO_FULL_REVIEW.html    student  ok MISLEADING
[ 188/298] INCRETIN_HFpEF_REVIEW.html                     editor   ok DESK-REJECT
[ 189/298] INTENSIVE_BP_REVIEW.html                       student  ok MISLEADING
[ 190/298] IVERMECTIN_LF_AUTO_FULL_REVIEW.html            editor   ok DESK-REJECT
[ 191/298] IV_IRON_HF_REVIEW.html                         student  ok SAFE
[ 192/298] IVERMECTIN_LF_AUTO_FULL_REVIEW.html            student  ok SAFE
[ 193/298] INTENSIVE_BP_REVIEW.html                       editor   ok DESK-REJECT
[ 194/298] LEFAMULIN_CABP_AUTO_FULL_REVIEW.html           editor   ok DESK-REJECT
[ 195/298] LENACAPAVIR_HIV_AUTO_FULL_REVIEW.html          student  ok SAFE
[ 196/298] LEFAMULIN_CABP_AUTO_FULL_REVIEW.html           student  ok SAFE
[ 197/298] IV_IRON_HF_REVIEW.html                         editor   ok DESK-REJECT
[ 198/298] LENACAPAVIR_HIV_AUTO_FULL_REVIEW.html          editor   ok DESK-REJECT
[ 199/298] LENACAPAVIR_PREP_SSOT.html                     editor   ok DESK-REJECT
[ 200/298] LINEZOLID_MRSA_AUTO_FULL_REVIEW.html           student  ok SAFE
[ 201/298] LINEZOLID_MRSA_AUTO_FULL_REVIEW.html           editor   ok DESK-REJECT
[ 202/298] MALARIA_ACT_REVIEW.html                        editor   ok DESK-REJECT
[ 203/298] LENACAPAVIR_PREP_SSOT.html                     student  ok SAFE
[ 204/298] MALARIA_ACT_REVIEW.html                        student  ok SAFE
[ 205/298] MALARIA_VACCINE_REVIEW.html                    editor   ok DESK-REJECT
[ 206/298] MARIBAVIR_CMV_AUTO_FULL_REVIEW.html            editor   ok DESK-REJECT
[ 207/298] MARIBAVIR_CMV_AUTO_FULL_REVIEW.html            student  ok SAFE
[ 208/298] MAVACAMTEN_HCM_REVIEW.html                     student  ok SAFE
[ 209/298] MAVACAMTEN_OHCM_REVIEW.html                    editor   ok DESK-REJECT
[ 210/298] MAVACAMTEN_HCM_REVIEW.html                     editor   ok DESK-REJECT
[ 211/298] MALARIA_VACCINE_REVIEW.html                    student  ok MISLEADING
[ 212/298] MDR_TB_SHORTENED_REVIEW.html                   student  ok SAFE
[ 213/298] MENACWY_BOOSTER_AUTO_FULL_REVIEW.html          editor   ok DESK-REJECT
[ 214/298] MDR_TB_SHORTENED_REVIEW.html                   editor   ok DESK-REJECT
[ 215/298] MENACWY_BOOSTER_AUTO_FULL_REVIEW.html          student  ok SAFE
[ 216/298] MENACYW_HEALTHY_VOLUNTEERS_AUTO_FULL_REVIEW.   student  ok SAFE
[ 217/298] MEN_ACWY_AUTO_FULL_REVIEW.html                 editor   ok DESK-REJECT
[ 218/298] MENACYW_HEALTHY_VOLUNTEERS_AUTO_FULL_REVIEW.   editor   ok DESK-REJECT
[ 219/298] MEN_ACWY_AUTO_FULL_REVIEW.html                 student  ok SAFE
[ 220/298] MEROPENEM_AUTO_FULL_REVIEW.html                editor   ok DESK-REJECT
[ 221/298] MIPOMERSEN_HOFH_AUTO_FULL_REVIEW.html          editor   ok DESK-REJECT
[ 222/298] MIPOMERSEN_HOFH_AUTO_FULL_REVIEW.html          student  ok MISLEADING
[ 223/298] MITRAL_FUNCMR_REVIEW.html                      student  ok SAFE
[ 224/298] MITRAL_FUNCMR_REVIEW.html                      editor   ok DESK-REJECT
[ 225/298] MOXIFLOXACIN_RESPI_AUTO_FULL_REVIEW.html       editor   ok DESK-REJECT
[ 226/298] MOXIFLOXACIN_RESPI_AUTO_FULL_REVIEW.html       student  ok SAFE
[ 227/298] NETARSUDIL_OCULAR_HYPERTENSION_AUTO_FULL_REV   student  ok SAFE
[ 228/298] MAVACAMTEN_OHCM_REVIEW.html                    student  ok SAFE
[ 229/298] MEROPENEM_AUTO_FULL_REVIEW.html                student  ok MISLEADING
[ 230/298] NIRSEVIMAB_INFANT_RSV_REVIEW.html              editor   ok DESK-REJECT
[ 231/298] OLMESARTAN_HTN_AUTO_FULL_REVIEW.html           student  ok SAFE
[ 232/298] NETARSUDIL_OCULAR_HYPERTENSION_AUTO_FULL_REV   editor   ok DESK-REJECT
[ 233/298] NIRSEVIMAB_INFANT_RSV_REVIEW.html              student  ok SAFE
[ 234/298] OMECAMTIV_HEARTFAIL_AUTO_FULL_REVIEW.html      editor   ok DESK-REJECT
[ 235/298] OLMESARTAN_HTN_AUTO_FULL_REVIEW.html           editor   ok DESK-REJECT
[ 236/298] PCSK9_INHIBITORS_CV_REVIEW.html                student  ok MISLEADING
[ 237/298] OMECAMTIV_HEARTFAIL_AUTO_FULL_REVIEW.html      student  ok SAFE
[ 238/298] PCSK9_LIPID_NMA_REVIEW.html                    editor   ok DESK-REJECT
[ 239/298] PEDIATRIC_HIV_ART_REVIEW.html                  student  ok SAFE
[ 240/298] PCSK9_INHIBITORS_CV_REVIEW.html                editor   ok DESK-REJECT
[ 241/298] PITAVASTATIN_AUTO_FULL_REVIEW.html             editor   ok DESK-REJECT
[ 242/298] PLAZOMICIN_INFECTION_AUTO_FULL_REVIEW.html     student  ok SAFE
[ 243/298] PEDIATRIC_HIV_ART_REVIEW.html                  editor   ok DESK-REJECT
[ 244/298] PITAVASTATIN_AUTO_FULL_REVIEW.html             student  ok SAFE
[ 245/298] PLAZOMICIN_INFECTION_AUTO_FULL_REVIEW.html     editor   ok DESK-REJECT
[ 246/298] POSACONAZOLE_FUNGAL_AUTO_FULL_REVIEW.html      editor   ok DESK-REJECT
[ 247/298] PCSK9_LIPID_NMA_REVIEW.html                    student  ok SAFE
[ 248/298] POSACONAZOLE_FUNGAL_AUTO_FULL_REVIEW.html      student  ok SAFE
[ 249/298] PREVNAR15_PNEUMO_AUTO_FULL_REVIEW.html         student  ok MISLEADING
[ 250/298] RALTEGRAVIR_HIV_AUTO_FULL_REVIEW.html          editor   ok DESK-REJECT
[ 251/298] REMDESIVIR_COVID_AUTO_FULL_REVIEW.html         student  ok SAFE
[ 252/298] PREVNAR15_PNEUMO_AUTO_FULL_REVIEW.html         editor   ok DESK-REJECT
[ 253/298] RIFAPENTINE_TB_AUTO_FULL_REVIEW.html           editor   ok DESK-REJECT
[ 254/298] REMDESIVIR_COVID_AUTO_FULL_REVIEW.html         editor   ok DESK-REJECT
[ 255/298] RALTEGRAVIR_HIV_AUTO_FULL_REVIEW.html          student  ok SAFE
[ 256/298] RIOCIGUAT_PAH_AUTO_FULL_REVIEW.html            student  ok MISLEADING
[ 257/298] RIFAPENTINE_TB_AUTO_FULL_REVIEW.html           student  ok MISLEADING
[ 258/298] RIVAROXABAN_ACS_AUTO_FULL_REVIEW.html          editor   ok DESK-REJECT
[ 259/298] RIVAROXABAN_VASC_REVIEW.html                   student  ok SAFE
[ 260/298] RIOCIGUAT_PAH_AUTO_FULL_REVIEW.html            editor   ok DESK-REJECT
[ 261/298] RIVAROXABAN_ACS_AUTO_FULL_REVIEW.html          student  ok SAFE
[ 262/298] ROSUVASTATIN_AUTO_FULL_REVIEW.html             editor   ok DESK-REJECT
[ 263/298] ROTAVIRUS_VACCINE_AFRICA_REVIEW.html           student  ok SAFE
[ 264/298] ROSUVASTATIN_AUTO_FULL_REVIEW.html             student  ok SAFE
[ 265/298] RIVAROXABAN_VASC_REVIEW.html                   editor   ok DESK-REJECT
[ 266/298] ROTAVIRUS_VACCINE_AUTO_FULL_REVIEW.html        editor   ok DESK-REJECT
[ 267/298] SACUBITRIL_HEARTFAIL_AUTO_FULL_REVIEW.html     student  ok SAFE
[ 268/298] ROTAVIRUS_VACCINE_AFRICA_REVIEW.html           editor   ok DESK-REJECT
[ 269/298] SARILUMAB_COVID_AUTO_FULL_REVIEW.html          editor   ok DESK-REJECT
[ 270/298] SACUBITRIL_HEARTFAIL_AUTO_FULL_REVIEW.html     editor   ok DESK-REJECT
[ 271/298] ROTAVIRUS_VACCINE_AUTO_FULL_REVIEW.html        student  ok SAFE
[ 272/298] SELEXIPAG_PAH_AUTO_FULL_REVIEW.html            student  ok SAFE
[ 273/298] SARILUMAB_COVID_AUTO_FULL_REVIEW.html          student  ok SAFE
[ 274/298] SER109_CDI_AUTO_FULL_REVIEW.html               editor   ok DESK-REJECT
[ 275/298] SELEXIPAG_PAH_AUTO_FULL_REVIEW.html            editor   ok DESK-REJECT
[ 276/298] SGLT2_CKD_REVIEW.html                          student  ok SAFE
[ 277/298] SGLT2_HF_REVIEW.html                           editor   ok DESK-REJECT
[ 278/298] SER109_CDI_AUTO_FULL_REVIEW.html               student  ok SAFE
[ 279/298] SGLT2_MACE_CVOT_REVIEW.html                    student  ok SAFE
[ 280/298] SGLT2_CKD_REVIEW.html                          editor   ok DESK-REJECT
[ 281/298] SOTAGLIFLOZIN_HF_REVIEW.html                   editor   ok DESK-REJECT
[ 282/298] SGLT2_MACE_CVOT_REVIEW.html                    editor   ok DESK-REJECT
[ 283/298] SGLT2_HF_REVIEW.html                           student  ok SAFE
[ 284/298] SOTATERCEPT_PAH_AUTO_2_FULL_REVIEW.html        editor   ok DESK-REJECT
[ 285/298] SOTATERCEPT_PAH_AUTO_FULL_REVIEW.html          student  ok SAFE
[ 286/298] SOTAGLIFLOZIN_HF_REVIEW.html                   student  ok SAFE
[ 287/298] SOTATERCEPT_PAH_AUTO_FULL_REVIEW.html          editor   ok REVIEW
[ 288/298] TECOVIRIMAT_MPOX_AUTO_FULL_REVIEW.html         student  ok SAFE
[ 289/298] THIAMINE_SEPSIS_AUTO_FULL_REVIEW.html          editor   ok DESK-REJECT
[ 290/298] TECOVIRIMAT_MPOX_AUTO_FULL_REVIEW.html         editor   ok DESK-REJECT
[ 291/298] TIGECYCLINE_CIAI_SSOT.html                     student  ok MISLEADING
[ 292/298] THIAMINE_SEPSIS_AUTO_FULL_REVIEW.html          student  ok SAFE
[ 293/298] SOTATERCEPT_PAH_AUTO_2_FULL_REVIEW.html        student  ok MISLEADING
[ 294/298] TIGECYCLINE_INFECTION_AUTO_FULL_REVIEW.html    editor   ok DESK-REJECT
[ 295/298] TIGECYCLINE_CIAI_SSOT.html                     editor   ok DESK-REJECT
[ 296/298] TIGECYCLINE_INFECTION_AUTO_FULL_REVIEW.html    student  ok SAFE
[ 297/298] WARFARIN_AF_AUTO_FULL_REVIEW.html              editor   ok DESK-REJECT
[ 298/298] WARFARIN_AF_AUTO_FULL_REVIEW.html              student  ok MISLEADING
