CURRENT GENERATOR 216aa30f0   remaining 154 of 157   this batch 154
  ACS_ANTIPLATELET_REVIEW.html                         OK  a3c7bb8b2 -> 216aa30f0  +103 bytes
  AGYW_HIV_PREP_REVIEW.html                            OK  a3c7bb8b2 -> 216aa30f0  +607 bytes
  ALIROCUMAB_LIPID_AUTO_FULL_REVIEW.html               OK  a3c7bb8b2 -> 216aa30f0  +19 bytes
  AMOXICILLIN_AOM_AUTO_FULL_REVIEW.html                OK  a3c7bb8b2 -> 216aa30f0  +946 bytes
  ANIDULAFUNGIN_CANDIDA_AUTO_FULL_REVIEW.html          OK  a3c7bb8b2 -> 216aa30f0  +959 bytes
  ANIDULAFUNGIN_FUNGAL_AUTO_FULL_REVIEW.html           OK  a3c7bb8b2 -> 216aa30f0  +1010 bytes
  APIXABAN_ACS_AUTO_FULL_REVIEW.html                   OK  a3c7bb8b2 -> 216aa30f0  +635 bytes
  APIXABAN_AF_AUTO_FULL_REVIEW.html                    OK  a3c7bb8b2 -> 216aa30f0  +635 bytes
  APIXABAN_VTE_AUTO_FULL_REVIEW.html                   OK  a3c7bb8b2 -> 216aa30f0  +947 bytes
  APIXABAN_VTE_PROPHYLAXIS_REVIEW.html                 OK  a3c7bb8b2 -> 216aa30f0  +18 bytes
  APIXABAN_VTE_TREATMENT_REVIEW.html                   OK  a3c7bb8b2 -> 216aa30f0  +19 bytes
  ARNI_HF_REVIEW.html                                  SKIPPED (do_not_rebuild)
  ATTR_CM_REVIEW.html                                  OK  a3c7bb8b2 -> 216aa30f0  +50 bytes
  ATTR_PN_REVIEW.html                                  OK  a3c7bb8b2 -> 216aa30f0  +197 bytes
  AZILSARTAN_CLD_VS_OLM_HCTZ_REVIEW.html               OK  a3c7bb8b2 -> 216aa30f0  +4 bytes
  AZILSARTAN_HTN_AUTO_FULL_REVIEW.html                 OK  a3c7bb8b2 -> 216aa30f0  +4 bytes
  BAMLANIVIMAB_COVID_AUTO_FULL_REVIEW.html             OK  a3c7bb8b2 -> 216aa30f0  +960 bytes
  BAMLANIVIMAB_OUTP_AUTO_FULL_REVIEW.html              REFUSED -- old bytes restored
        builder exit 1: e\Chrome\Application\chrome.exe
REFUSED: this object records no title and no results, so there is no paper to project. That is a state of the OBJECT, not a build failure: the review has not been done. Building a page for it would put a stub where a reader expected nothing. Nothing has been written.
  BEMPEDOIC_ACID_REVIEW.html                           OK  2633d68c9 -> 216aa30f0  +236 bytes
  BEZLOTOXUMAB_CDIFF_AUTO_FULL_REVIEW.html             REFUSED -- old bytes restored
        builder exit 1: e\Chrome\Application\chrome.exe
REFUSED: this object records no title and no results, so there is no paper to project. That is a state of the OBJECT, not a build failure: the review has not been done. Building a page for it would put a stub where a reader expected nothing. Nothing has been written.
  BEZLOTOXUMAB_CDI_AUTO_FULL_REVIEW.html               OK  a3c7bb8b2 -> 216aa30f0  +947 bytes
  BOCOCIZUMAB_LIPID_AUTO_FULL_REVIEW.html              OK  a3c7bb8b2 -> 216aa30f0  -297 bytes
  BOSENTAN_PAH_AUTO_FULL_REVIEW.html                   OK  a3c7bb8b2 -> 216aa30f0  +947 bytes
  CAB_PREP_HIV_REVIEW.html                             OK  216aa30f0 -> 216aa30f0  +0 bytes
  CANGRELOR_PCI_REVIEW.html                            OK  a3c7bb8b2 -> 216aa30f0  +703 bytes
  CASIRIVIMAB_COVID_AUTO_FULL_REVIEW.html              OK  a3c7bb8b2 -> 216aa30f0  +960 bytes
  CASPOFUNGIN_FUNGAL_AUTO_FULL_REVIEW.html             OK  a3c7bb8b2 -> 216aa30f0  +959 bytes
  CEFEPIME_TAZ_AUTO_FULL_REVIEW.html                   OK  a3c7bb8b2 -> 216aa30f0  +959 bytes
  CEFTAROLINE_AUTO_FULL_REVIEW.html                    OK  a3c7bb8b2 -> 216aa30f0  +607 bytes
  CEFTAZIDIME_AVIBACTAM_AUTO_FULL_REVIEW.html          OK  a3c7bb8b2 -> 216aa30f0  +959 bytes
  CEFTOLOZANE_INFECTION_AUTO_FULL_REVIEW.html          OK  a3c7bb8b2 -> 216aa30f0  +959 bytes
  CEFTOLOZANE_TAZ_AUTO_FULL_REVIEW.html                REFUSED -- old bytes restored
        builder exit 1: e\Chrome\Application\chrome.exe
REFUSED: this object records no title and no results, so there is no paper to project. That is a state of the OBJECT, not a build failure: the review has not been done. Building a page for it would put a stub where a reader expected nothing. Nothing has been written.
  COLCHICINE_CVD_CORONARY_REVIEW.html                  OK  a3c7bb8b2 -> 216aa30f0  +53 bytes
  COLCHICINE_CVD_REVIEW.html                           OK  a3c7bb8b2 -> 216aa30f0  +789 bytes
  COLCHICINE_ICH_REVIEW.html                           OK  a3c7bb8b2 -> 216aa30f0  +775 bytes
  COLCHICINE_MIXED_ASCVD_REVIEW.html                   OK  a3c7bb8b2 -> 216aa30f0  +775 bytes
  COLCHICINE_PAD_REVIEW.html                           OK  a3c7bb8b2 -> 216aa30f0  +775 bytes
  COLCHICINE_PERICARDITIS_REVIEW.html                  OK  a3c7bb8b2 -> 216aa30f0  +724 bytes
  COLCHICINE_PERIPROCEDURAL_REVIEW.html                OK  a3c7bb8b2 -> 216aa30f0  +775 bytes
  COLCHICINE_STROKE_REVIEW.html                        OK  a3c7bb8b2 -> 216aa30f0  +775 bytes
  COVID19_VACCINES_REVIEW.html                         OK  a3c7bb8b2 -> 216aa30f0  +922 bytes
  COVID_ORAL_ANTIVIRALS_REVIEW.html                    OK  a3c7bb8b2 -> 216aa30f0  +947 bytes
  CRYPTOCOCCAL_MENINGITIS_AFRICA_REVIEW.html           OK  216aa30f0 -> 216aa30f0  +0 bytes
  CVNCOV_COVID19_AUTO_FULL_REVIEW.html                 OK  a3c7bb8b2 -> 216aa30f0  +947 bytes
  CVNCOV_SARSCOV2_AUTO_FULL_REVIEW.html                REFUSED -- old bytes restored
        builder exit 1: e\Chrome\Application\chrome.exe
REFUSED: this object records no title and no results, so there is no paper to project. That is a state of the OBJECT, not a build failure: the review has not been done. Building a page for it would put a stub where a reader expected nothing. Nothing has been written.
  DABIGATRAN_AF_AUTO_FULL_REVIEW.html                  OK  a3c7bb8b2 -> 216aa30f0  +548 bytes
  DABIGATRAN_STROKE_AUTO_FULL_REVIEW.html              OK  a3c7bb8b2 -> 216aa30f0  +947 bytes
  DABIGATRAN_VTE_AUTO_FULL_REVIEW.html                 REFUSED -- old bytes restored
        builder exit 1: e\Chrome\Application\chrome.exe
REFUSED: this object records no title and no results, so there is no paper to project. That is a state of the OBJECT, not a build failure: the review has not been done. Building a page for it would put a stub where a reader expected nothing. Nothing has been written.
  DABIGATRAN_VTE_CEREBRAL_REVIEW.html                  OK  a3c7bb8b2 -> 216aa30f0  +775 bytes
  DABIGATRAN_VTE_EXTENDED_REVIEW.html                  OK  a3c7bb8b2 -> 216aa30f0  +775 bytes
  DABIGATRAN_VTE_SURGICAL_REVIEW.html                  OK  a3c7bb8b2 -> 216aa30f0  +775 bytes
  DABIGATRAN_VTE_TREATMENT_REVIEW.html                 OK  a3c7bb8b2 -> 216aa30f0  +775 bytes
  DELAMANID_TB_AUTO_FULL_REVIEW.html                   OK  a3c7bb8b2 -> 216aa30f0  +947 bytes
  DOAC_AF_NMA_REVIEW.html                              OK  a3c7bb8b2 -> 216aa30f0  +103 bytes
  DOAC_AF_REVIEW.html                                  OK  a3c7bb8b2 -> 216aa30f0  +103 bytes
  DOAC_CANCER_VTE_REVIEW.html                          OK  a3c7bb8b2 -> 216aa30f0  +103 bytes
  DORAVIRINE_HIV_AUTO_FULL_REVIEW.html                 OK  a3c7bb8b2 -> 216aa30f0  +946 bytes
  DORAVIRINE_HIV_REVIEW.html                           OK  a3c7bb8b2 -> 216aa30f0  +946 bytes
  DORIPENEM_AUTO_FULL_REVIEW.html                      OK  a3c7bb8b2 -> 216aa30f0  +947 bytes
  DROTRECOGIN_SEPSIS_AUTO_FULL_REVIEW.html             OK  a3c7bb8b2 -> 216aa30f0  +947 bytes
  EARLY_RHYTHM_CONTROL_AF_REVIEW.html                  OK  a3c7bb8b2 -> 216aa30f0  +610 bytes
  EDOXABAN_CANCER_VTE_AUTO_FULL_REVIEW.html            OK  a3c7bb8b2 -> 216aa30f0  +534 bytes
  EDOXABAN_VTE_AUTO_FULL_REVIEW.html                   OK  a3c7bb8b2 -> 216aa30f0  +534 bytes
  EMPAGLIFLOZIN_HF_AUTO_FULL_REVIEW.html               OK  a3c7bb8b2 -> 216aa30f0  +196 bytes
  EMTRICITABINE_HIV_AUTO_FULL_REVIEW.html              OK  a3c7bb8b2 -> 216aa30f0  +959 bytes
  ENOXAPARIN_VTE_AUTO_FULL_REVIEW.html                 OK  a3c7bb8b2 -> 216aa30f0  +947 bytes
  ERAVACYCLINE_INFECTION_AUTO_FULL_REVIEW.html         OK  a3c7bb8b2 -> 216aa30f0  +1010 bytes
  ERTAPENEM_AUTO_FULL_REVIEW.html                      OK  a3c7bb8b2 -> 216aa30f0  +959 bytes
  ERTAPENEM_INFECT_AUTO_FULL_REVIEW.html               REFUSED -- old bytes restored
        builder exit 1: e\Chrome\Application\chrome.exe
REFUSED: this object records no title and no results, so there is no paper to project. That is a state of the OBJECT, not a build failure: the review has not been done. Building a page for it would put a stub where a reader expected nothing. Nothing has been written.
  ETESEVIMAB_COVID_AUTO_FULL_REVIEW.html               OK  a3c7bb8b2 -> 216aa30f0  +959 bytes
  ETRIPAMIL_PAROXYSMAL_SUPRAVENTRICU_AUTO_FULL_REVIEW. OK  a3c7bb8b2 -> 216aa30f0  +947 bytes
  EVINACUMAB_HOFH_AUTO_FULL_REVIEW.html                OK  a3c7bb8b2 -> 216aa30f0  +960 bytes
  EVOLOCUMAB_ASCVD_AUTO_2.html                         OK  a3c7bb8b2 -> 216aa30f0  +923 bytes
  EVOLOCUMAB_ASCVD_AUTO_2_FULL_REVIEW.html             OK  a3c7bb8b2 -> 216aa30f0  +635 bytes
  EVOLOCUMAB_DYSLIPIDEMIA_AUTO_FULL_REVIEW.html        OK  a3c7bb8b2 -> 216aa30f0  +635 bytes
  EVOLOCUMAB_MIXED_DYSLIPIDEMIA_AUTO_FULL_REVIEW.html  OK  a3c7bb8b2 -> 216aa30f0  +103 bytes
  FCM_HF_REVIEW.html                                   OK  a3c7bb8b2 -> 216aa30f0  +239 bytes
  FIDAXOMICIN_CDIFF_AUTO_FULL_REVIEW.html              OK  a3c7bb8b2 -> 216aa30f0  +947 bytes
  FIDAXOMICIN_CDI_AUTO_FULL_REVIEW.html                OK  a3c7bb8b2 -> 216aa30f0  +959 bytes
  FINERENONE_CV_REVIEW.html                            OK  a3c7bb8b2 -> 216aa30f0  +196 bytes
  FINERENONE_REVIEW.html                               OK  a3c7bb8b2 -> 216aa30f0  +103 bytes
  FONDAPARINUX_AUTO_FULL_REVIEW.html                   OK  a3c7bb8b2 -> 216aa30f0  +957 bytes
  FONDAPARINUX_VTE_AUTO_FULL_REVIEW.html               OK  a3c7bb8b2 -> 216aa30f0  +957 bytes
  GEPOTIDACIN_URINARY_TRACT_AUTO_FULL_REVIEW.html      OK  a3c7bb8b2 -> 216aa30f0  +607 bytes
  HEPATITIS_B_TAF_TDF_REVIEW.html                      OK  a3c7bb8b2 -> 216aa30f0  +103 bytes
  HIV_LA_PREP_REVIEW.html                              OK  a3c7bb8b2 -> 216aa30f0  +1010 bytes
  HIV_PREP_INJECTABLE_REVIEW.html                      OK  a3c7bb8b2 -> 216aa30f0  +1010 bytes
  ICOSAPENT_LIPID_AUTO_FULL_REVIEW.html                OK  a3c7bb8b2 -> 216aa30f0  +606 bytes
  INCLISIRAN_HOFH_AUTO_FULL_REVIEW.html                OK  a3c7bb8b2 -> 216aa30f0  +960 bytes
  INCLISIRAN_LIPID_KIDNEY_AUTO_FULL_REVIEW.html        OK  a3c7bb8b2 -> 216aa30f0  +196 bytes
  INCRETIN_HFpEF_REVIEW.html                           OK  a3c7bb8b2 -> 216aa30f0  +703 bytes
  INFLUENZA_RECOMBINANT_AUTO_FULL_REVIEW.html          OK  a3c7bb8b2 -> 216aa30f0  +946 bytes
  INTENSIVE_BP_REVIEW.html                             OK  a3c7bb8b2 -> 216aa30f0  +635 bytes
  IVERMECTIN_LF_AUTO_FULL_REVIEW.html                  OK  a3c7bb8b2 -> 216aa30f0  +959 bytes
  IV_IRON_HF_REVIEW.html                               OK  216aa30f0 -> 216aa30f0  +0 bytes
  LEFAMULIN_CABP_AUTO_FULL_REVIEW.html                 OK  a3c7bb8b2 -> 216aa30f0  +607 bytes
  LEFAMULIN_CAP_AUTO_FULL_REVIEW.html                  REFUSED -- old bytes restored
        builder exit 1: e\Chrome\Application\chrome.exe
REFUSED: this object records no title and no results, so there is no paper to project. That is a state of the OBJECT, not a build failure: the review has not been done. Building a page for it would put a stub where a reader expected nothing. Nothing has been written.
  LENACAPAVIR_HIV_AUTO_FULL_REVIEW.html                OK  a3c7bb8b2 -> 216aa30f0  +946 bytes
  LENACAPAVIR_PREP_REVIEW.html                         REFUSED -- old bytes restored
        builder exit 1: e\Chrome\Application\chrome.exe
REFUSED: this object records no title and no results, so there is no paper to project. That is a state of the OBJECT, not a build failure: the review has not been done. Building a page for it would put a stub where a reader expected nothing. Nothing has been written.
  LENACAPAVIR_PREP_SSOT.html                           OK  a3c7bb8b2 -> 216aa30f0  +702 bytes
  LINEZOLID_MRSA_AUTO_FULL_REVIEW.html                 OK  a3c7bb8b2 -> 216aa30f0  +946 bytes
  MALARIA_ACT_REVIEW.html                              OK  216aa30f0 -> 216aa30f0  +0 bytes
  MALARIA_VACCINE_REVIEW.html                          OK  a3c7bb8b2 -> 216aa30f0  +947 bytes
  MARIBAVIR_CMV_AUTO_FULL_REVIEW.html                  OK  a3c7bb8b2 -> 216aa30f0  +960 bytes
  MAVACAMTEN_HCM_REVIEW.html                           OK  216aa30f0 -> 216aa30f0  +0 bytes
  MAVACAMTEN_OHCM_AUTO_FULL_REVIEW.html                REFUSED -- old bytes restored
        builder exit 1: e\Chrome\Application\chrome.exe
REFUSED: this object records no title and no results, so there is no paper to project. That is a state of the OBJECT, not a build failure: the review has not been done. Building a page for it would put a stub where a reader expected nothing. Nothing has been written.
  MAVACAMTEN_OHCM_REVIEW.html                          OK  a3c7bb8b2 -> 216aa30f0  +691 bytes
  MDR_TB_SHORTENED_REVIEW.html                         OK  a3c7bb8b2 -> 216aa30f0  +947 bytes
  MENACWY_BOOSTER_AUTO_FULL_REVIEW.html                OK  a3c7bb8b2 -> 216aa30f0  +946 bytes
  MENACYW_HEALTHY_VOLUNTEERS_AUTO_FULL_REVIEW.html     OK  a3c7bb8b2 -> 216aa30f0  +1010 bytes
  MEN_ACWY_AUTO_FULL_REVIEW.html                       OK  a3c7bb8b2 -> 216aa30f0  +959 bytes
  MEROPENEM_AUTO_FULL_REVIEW.html                      OK  a3c7bb8b2 -> 216aa30f0  +959 bytes
  MIPOMERSEN_HOFH_AUTO_FULL_REVIEW.html                OK  a3c7bb8b2 -> 216aa30f0  +939 bytes
  MITRAL_FUNCMR_REVIEW.html                            OK  a3c7bb8b2 -> 216aa30f0  +635 bytes
  MOXIFLOXACIN_RESPI_AUTO_FULL_REVIEW.html             OK  a3c7bb8b2 -> 216aa30f0  +960 bytes
  NIRSEVIMAB_INFANT_RSV_REVIEW.html                    OK  a3c7bb8b2 -> 216aa30f0  +607 bytes
  OLMESARTAN_HTN_AUTO_FULL_REVIEW.html                 OK  a3c7bb8b2 -> 216aa30f0  +535 bytes
  OMECAMTIV_HEARTFAIL_AUTO_FULL_REVIEW.html            OK  a3c7bb8b2 -> 216aa30f0  +960 bytes
  OMECAMTIV_HFREF_AUTO_FULL_REVIEW.html                REFUSED -- old bytes restored
        builder exit 1: e\Chrome\Application\chrome.exe
REFUSED: this object records no title and no results, so there is no paper to project. That is a state of the OBJECT, not a build failure: the review has not been done. Building a page for it would put a stub where a reader expected nothing. Nothing has been written.
  OMECAMTIV_HF_AUTO_FULL_REVIEW.html                   REFUSED -- old bytes restored
        builder exit 1: e\Chrome\Application\chrome.exe
REFUSED: this object records no title and no results, so there is no paper to project. That is a state of the OBJECT, not a build failure: the review has not been done. Building a page for it would put a stub where a reader expected nothing. Nothing has been written.
  PCSK9_INHIBITORS_CV_REVIEW.html                      OK  a3c7bb8b2 -> 216aa30f0  +103 bytes
  PCSK9_LIPID_NMA_REVIEW.html                          OK  a3c7bb8b2 -> 216aa30f0  +103 bytes
  PCSK9_REVIEW.html                                    REFUSED -- old bytes restored
        builder exit 1: e\Chrome\Application\chrome.exe
REFUSED: this object records no title and no results, so there is no paper to project. That is a state of the OBJECT, not a build failure: the review has not been done. Building a page for it would put a stub where a reader expected nothing. Nothing has been written.
  PEDIATRIC_HIV_ART_REVIEW.html                        OK  a3c7bb8b2 -> 216aa30f0  +960 bytes
  PITAVASTATIN_AUTO_FULL_REVIEW.html                   OK  a3c7bb8b2 -> 216aa30f0  +103 bytes
  PLAZOMICIN_INFECTION_AUTO_FULL_REVIEW.html           OK  a3c7bb8b2 -> 216aa30f0  +959 bytes
  POSACONAZOLE_FUNGAL_AUTO_FULL_REVIEW.html            OK  a3c7bb8b2 -> 216aa30f0  +946 bytes
  PREVNAR15_PNEUMO_AUTO_FULL_REVIEW.html               OK  a3c7bb8b2 -> 216aa30f0  +635 bytes
  RALTEGRAVIR_HIV_AUTO_FULL_REVIEW.html                OK  a3c7bb8b2 -> 216aa30f0  +947 bytes
  REMDESIVIR_COVID_AUTO_FULL_REVIEW.html               OK  a3c7bb8b2 -> 216aa30f0  +960 bytes
  RIFAPENTINE_TB_AUTO_FULL_REVIEW.html                 OK  a3c7bb8b2 -> 216aa30f0  +946 bytes
  RIOCIGUAT_PAH_AUTO_FULL_REVIEW.html                  OK  a3c7bb8b2 -> 216aa30f0  +939 bytes
  RIVAROXABAN_ACS_AUTO_FULL_REVIEW.html                OK  a3c7bb8b2 -> 216aa30f0  +635 bytes
  RIVAROXABAN_VASC_REVIEW.html                         OK  a3c7bb8b2 -> 216aa30f0  +790 bytes
  ROSUVASTATIN_AUTO_FULL_REVIEW.html                   OK  a3c7bb8b2 -> 216aa30f0  +607 bytes
  ROTAVIRUS_VACCINE_AFRICA_REVIEW.html                 OK  a3c7bb8b2 -> 216aa30f0  +197 bytes
  ROTAVIRUS_VACCINE_AUTO_FULL_REVIEW.html              OK  a3c7bb8b2 -> 216aa30f0  +197 bytes
  SACUBITRIL_HEARTFAIL_AUTO_FULL_REVIEW.html           OK  a3c7bb8b2 -> 216aa30f0  +960 bytes
  SACUBITRIL_VALSARTAN_HF_AUTO_FULL_REVIEW.html        REFUSED -- old bytes restored
        builder exit 1: e\Chrome\Application\chrome.exe
REFUSED: this object records no title and no results, so there is no paper to project. That is a state of the OBJECT, not a build failure: the review has not been done. Building a page for it would put a stub where a reader expected nothing. Nothing has been written.
  SARILUMAB_COVID_AUTO_FULL_REVIEW.html                OK  a3c7bb8b2 -> 216aa30f0  +947 bytes
  SELEXIPAG_PAH_AUTO_FULL_REVIEW.html                  OK  a3c7bb8b2 -> 216aa30f0  +960 bytes
  SER109_CDI_AUTO_FULL_REVIEW.html                     OK  a3c7bb8b2 -> 216aa30f0  +960 bytes
  SGLT2_CKD_REVIEW.html                                OK  a3c7bb8b2 -> 216aa30f0  +103 bytes
  SGLT2_HF_REVIEW.html                                 OK  216aa30f0 -> 216aa30f0  +0 bytes
  SGLT2_MACE_CVOT_REVIEW.html                          OK  a3c7bb8b2 -> 216aa30f0  +197 bytes
  SOTAGLIFLOZIN_HF_REVIEW.html                         OK  216aa30f0 -> 216aa30f0  +0 bytes
  SOTATERCEPT_PAH_AUTO_2.html                          REFUSED -- old bytes restored
        builder exit 1: e\Chrome\Application\chrome.exe
REFUSED: this object records no title and no results, so there is no paper to project. That is a state of the OBJECT, not a build failure: the review has not been done. Building a page for it would put a stub where a reader expected nothing. Nothing has been written.
  SOTATERCEPT_PAH_AUTO_2_FULL_REVIEW.html              OK  a3c7bb8b2 -> 216aa30f0  +947 bytes
  SOTATERCEPT_PAH_AUTO_FULL_REVIEW.html                OK  a3c7bb8b2 -> 216aa30f0  +947 bytes
  TECOVIRIMAT_MPOX_AUTO_FULL_REVIEW.html               OK  a3c7bb8b2 -> 216aa30f0  +960 bytes
  THIAMINE_SEPSIS_AUTO_FULL_REVIEW.html                OK  a3c7bb8b2 -> 216aa30f0  +946 bytes
  TIGECYCLINE_CIAI_SSOT.html                           OK  a3c7bb8b2 -> 216aa30f0  +607 bytes
  TIGECYCLINE_INFECTION_AUTO_FULL_REVIEW.html          OK  216aa30f0 -> 216aa30f0  +0 bytes
  WARFARIN_AF_AUTO_FULL_REVIEW.html                    OK  a3c7bb8b2 -> 216aa30f0  +947 bytes

BATCH COMPLETE. done 142, failed 14, skipped 1, remaining 0
