CONTROL NCT03914728 -> found=False  (hand-confirmed NOT to resolve)
CONTROL NCT01343004 -> found=True  (the ACTIVE trial, held by ABALOPARATIDE, read by hand)

602 page(s) hold 1556 distinct identifier(s); 0 not yet queried

HELD-IDENTIFIER TRIAGE -- 602 pages that show a reader nothing but hold ids

   held ids resolve and match the topic             453    75.2%
   held ids do not exist                              0     0.0%
   held id resolves to a DIFFERENT trial            149    24.8%
   not placeable                                      0     0.0%
   sum                                              602   == the set

   DONORS HELD BUT NEVER SHOWN -- invisible to a reader and to every
   reader-facing check, by name:
      ADJUVANT_IO_PAN_TUMOR_REVIEW.html              held id resolves to another subject: NCT04221945=A Randomized, Phase 3, Double-B
      AFLIBERCEPT_DME_AUTO_FULL_REVIEW.html          held id resolves to another subject: NCT01331681=A Randomized, Double Masked, Ac
      AFLIBERCEPT_RVO_AUTO_FULL_REVIEW.html          held id resolves to another subject: NCT00943072=A Randomized, Double Masked, Co
      AGRYLIN_ET_AUTO_FULL_REVIEW.html               held id resolves to another subject: NCT00202644=A Phase IIIb, Randomized, Open 
      ALDO_SYNTHASE_REVIEW.html                      held id resolves to another subject: NCT05001945=A Randomized, Double-blind, Pla
      ALK_NSCLC_REVIEW.html                          held id resolves to another subject: NCT02075840=Randomized, Multicenter, Phase 
      ALS_NEW_AGENTS_NMA_REVIEW.html                 held id resolves to another subject: NCT00330681=A Confirmatory Study of MCI-186
      AML_TARGETED_NEW_REVIEW.html                   held id resolves to another subject: NCT00651261=A Phase III Randomized, Double-
      AML_VEN_FLT3_NMA_REVIEW.html                   held id resolves to another subject: NCT00266136=Risk-stratified Therapy for Pri
      ANCA_VASCULITIS_NMA_REVIEW.html                held id resolves to another subject: NCT00307398=Anecortave Acetate Risk-Reducti
      ANTIAMYLOID_AD_NMA_REVIEW.html                 held id resolves to another subject: NCT01900665=Effect of Passive Immunization 
      ANTIAMYLOID_AD_REVIEW.html                     held id resolves to another subject: NCT02477800=A Phase 3 Multicenter, Randomiz
      ANTIVEGF_NAMD_NMA_REVIEW.html                  held id resolves to another subject: NCT00056836=A Phase III, Multicenter, Rando
      ANTI_CD20_MS_REVIEW.html                       held id resolves to another subject: NCT01247324=A Randomized, Double-Blind, Dou
      ANTI_PD1_GASTRIC_REVIEW.html                   held id resolves to another subject: NCT01928394=A Phase 1/2, Open-label Study o
      ANTI_PDL1_BLADDER_REVIEW.html                  held id resolves to another subject: NCT02256436=A Phase III Randomized Clinical
      ANTI_TIGIT_TUMORS_REVIEW.html                  held id resolves to another subject: NCT04305041=A Phase 1/2 Open-label Rolling-
      ARPI_NMCRPC_REVIEW.html                        held id resolves to another subject: NCT01946204=A Multicenter, Randomized, Doub
      ARPI_mHSPC_REVIEW.html                         held id resolves to another subject: NCT01715285=A Randomized, Double-blind, Com
      AXSPA_BIOLOGICS_REVIEW.html                    held id resolves to another subject: NCT01358175=A Randomized, Double-blind, Pla

The first triage's 630 stands: those pages show a reader no identifier. This is a
second property of the same pages and both are true at once.
