PAYLOAD ABLATION_AF_HEART_FAILURE_REVIEW.html: OK  (2817 words)
PAYLOAD anchor: OK  (393 words)

  editor         family=google  ours=A  chars=21642
      1824 bytes in 1 attempt(s)
  sceptic        family=google  ours=A  chars=21706
      4857 bytes in 1 attempt(s)
  student        family=google  ours=A  chars=21891
      3540 bytes in 1 attempt(s)
========================================================================
EDITOR [google ours=A]
DOCUMENT A
DESK-REJECT

Reason: Unsound method, no advance, and unreadability. The document is utterly unreadable, consisting of disjointed headings, technical flags ("P19_promotion_reaches_derived_blocks"), and lists of omitted content rather than a narrative text. It admits an unsound method by stating verbatim, "No second independent screen was run for this topic". It provides no clinical advance because it explicitly omits actionable data, stating, "What this review does not give a clinician: the number of events in each arm, any absolute effect or number needed to treat and any measure of harm." To move this desk-reject to a review, the authors must conduct the required duplicate screening, report the absolute effects and event counts, and write the missing narrative sections including "The Background", "The Discussion", and "The Conclusions".

DOCUMENT B
SEND FOR PEER REVIEW

Reason: This document is readable, poses a clear question, uses a sound method, and provides a tangible clinical advance. The methods are standard and explicitly described: "We searched PubMed and Embase for trials published up to Sept 24, 2018. Data search and extraction were completed with a standardised data form". The findings are clearly synthesized and actionable: "SGLT2i reduced major adverse cardiovascular events by 11% (HR 0.89 [95% CI 0.83-0.96], p=0.0014)". 

WHICH IS BETTER, A or B
Document B is decisively better. What separates them is that Document B is a coherent, completed manuscript that reports actual findings ("We included data from three identified trials and 34 322 patients"), whereas Document A is a completely unreadable, unfinished outline that explicitly refuses to provide any conclusions or interpret its own missing data: "The object records no interpretive text, and none is generated here".
========================================================================
SCEPTIC [google ours=A]
=== DOCUMENT A ===

WHAT WOULD YOU ATTACK, and CAN IT BE DEFENDED FROM WHAT IS ON THE PAGE?

1. Reporting a heterogeneity statistic for unpooled trials. 
Attack: The abstract claims "The trials agreed closely (I-squared 0%)", but the Results section explicitly states, "These 2 trials are not pooled". It is contradictory to report an I-squared for an outcome the document refuses to meta-analyse.
Defended? No. The document does not explain or defend this contradiction.

2. The lack of a bibliographic search.
Attack: The review did not search any standard bibliographic databases.
Defended? Yes, this is explicitly pre-empted. The document openly admits: "No bibliographic search for primary trials was run. The 2 included trials were identified by reading named registrations".

3. The refusal to pool data.
Attack: The review fails to provide a synthesized pooled estimate for the trials.
Defended? Yes. The document defends this explicitly: "The two trials define the heart-failure limb of their composite differently... Two composites of the same shape are not the same quantity, and pooling them would report an average over two definitions as though it were one effect."

4. Unregistered protocol and post hoc criteria.
Attack: The eligibility criteria were created after the fact and the review is unregistered.
Defended? Yes. The document defends the criteria by citing authority: "Eligibility criteria were derived post hoc... Authority: Mecir R107 permits post-hoc eligibility criteria provided they are declared as such." It also pre-empts the lack of registration: "No PROSPERO registration or protocol record is held on this object."

5. Clinical uselessness.
Attack: The review provides no absolute effects, making it useless for clinical decision-making.
Defended? Yes, pre-empted explicitly: "What this review does not give a clinician: the number of events in each arm, any absolute effect or number needed to treat and any measure of harm... this review can support a judgement about what these trials found and not a judgement about what to do."

6. Lack of duplicate screening.
Attack: The review failed to use independent duplicate screening.
Defended? Yes, pre-empted explicitly: "No second independent screen was run for this topic | This is recorded as owed rather than described".

=== DOCUMENT B ===

WHAT WOULD YOU ATTACK, and CAN IT BE DEFENDED FROM WHAT IS ON THE PAGE?

1. Inadequate search strategy risking publication bias.
Attack: The search is highly limited. The text states "We searched PubMed and Embase", completely omitting trial registries or other major databases.
Defended? No. There is no defence provided for this limited search strategy.

2. Absence of risk of bias and certainty of evidence assessment.
Attack: There is absolutely zero mention of assessing the risk of bias for the included trials or evaluating the certainty of the evidence.
Defended? No. The text does not mention risk of bias, trial quality, or GRADE.

3. Unregistered protocol.
Attack: There is no mention of a prespecified protocol or PROSPERO registration.
Defended? No. The document does not mention registration or defend its absence.

4. Unjustified subgroup analyses.
Attack: The document reports multiple subgroup interaction tests ("p for interaction=0.0501", "p for interaction=0.0073", "p for interaction=0.0258") without stating whether these subgroups were prespecified or the result of post hoc data-dredging.
Defended? No. The text does not state whether subgroups were prespecified.

5. Unclear data extraction methodology.
Attack: The document states "Data search and extraction were completed with a standardised data form and any discrepancies were resolved by consensus", but fails to specify if extraction was performed independently and in duplicate.
Defended? No. The document does not clarify the extraction process beyond this vague statement.

=== WHICH IS BETTER ===

Document A is decisively better. 

What separates them is methodological transparency and radical honesty about limitations. Document A relentlessly pre-empts attacks by explicitly documenting its own flaws: it admits "No bibliographic search for primary trials was run", confesses "No second independent screen was run", clearly flags that criteria were "derived post hoc", and bluntly warns a clinician that it lacks "any absolute effect or number needed to treat". Document B, conversely, presents itself as a standard, completed systematic review while silently hiding catastrophic methodological omissions: it does not assess risk of bias, does not mention a protocol, relies on an inadequate search ("We searched PubMed and Embase"), and reports multiple subgroup p-values without stating if they were prespecified. Document A is structurally honest about its own limits; Document B hides its failures behind conventional academic prose.
========================================================================
STUDENT [google ours=A]
**DOCUMENT A**

COULD YOU IMPROVE IT WITHOUT BEING MISLED BY IT? 
Yes. 

Specifically -- what would you believe that you should not? 
Nothing. The document actively warns against false beliefs and explicitly refuses to pool mismatched endpoints: "Two composites of the same shape are not the same quantity, and pooling them would report an average over two definitions as though it were one effect." 

What could you check for yourself, and what would you have to take on trust? 
You can check the exact search API and queries ("query.cond=\"atrial fibrillation and heart failure\""), the execution date ("2026-08-19"), and the underlying trial data because it provides the registration identifiers and links ("NCT00643188" and "NCT01420393"). You have to take the risk of bias domain judgements ("2 at no information") on trust, as it only states they are recorded elsewhere. 

Where would you make a mistake because the document let you? 
You wouldn't. The document prevents you from hallucinating missing information by explicitly listing "Items not reported, and why". For instance, it stops you from assuming duplicate screening occurred: "writing a duplicate-screening sentence without one would be the defect this whole exercise exists to prevent." There are no confident sentences over missing data to quote in Document A.

**DOCUMENT B**

COULD YOU IMPROVE IT WITHOUT BEING MISLED BY IT? 
No. 

Specifically -- what would you believe that you should not? 
You would believe that the "three identified trials" measured uniform endpoints and that it was medically and statistically valid to pool them. You would assume "progression of renal disease" was defined identically across all trials. 

What could you check for yourself, and what would you have to take on trust? 
You can check absolutely nothing. You have to take the entire document on trust because it provides no precise search queries, no registry identifiers, and fails to name a single trial. 

Where would you make a mistake because the document let you? 
You would blindly report its hazard ratios as definitive facts without verifying where they came from or how the endpoints were defined. 

A confident sentence over missing data:
"We included data from three identified trials and 34 322 patients (60.2% with established atherosclerotic cardiovascular disease), with 3342 major adverse cardiovascular events, 2028 cardiovascular deaths or hospitalisations for heart failure events, and 766 renal composite outcomes." 
This sentence confidently asserts highly specific patient and event counts while completely omitting the identities of the "three identified trials." You would not question it, and it would survive your edit.

**WHICH IS BETTER, A or B?**

Document A is decisively better. 

What separates them is verifiable provenance versus opaque authority. Document A provides exact registry links ("NCT00643188", "NCT01420393"), search parameters, and explicitly refuses to pool incomparable data ("These 2 trials are not pooled, and the reason is stated rather than the outcome being quietly omitted"). It aggressively warns the reader of its own limitations and missing components. Document B hides its inputs entirely, does not name its "three identified trials", and presents pooled conclusions ("SGLT2i reduced major adverse cardiovascular events by 11%") as absolute facts without providing any means to verify them. Document A enables a medical student to write a rigorously sourced review; Document B forces them to regurgitate unverified claims.
