ROUND 1  HUNT gate_blind_spots
  [gate_blind_spots] attempt 1
      stdout 467 bytes | artefact: 9731 bytes
  -> ok (outputs/hunt_gate_blind_spots_2026_08_25_r1.json)
ROUND 1  HUNT false_absence
  [false_absence] attempt 1
      stdout 501 bytes | artefact: 8197 bytes
  -> ok (outputs/hunt_false_absence_2026_08_25_r1.json)
ROUND 1  HUNT untraceable_number
  [untraceable_number] attempt 1
      stdout 448 bytes | artefact: 15082 bytes
  -> ok (outputs/hunt_untraceable_number_2026_08_25_r1.json)
ROUND 1  HUNT identifier_in_prose
  [identifier_in_prose] attempt 1
      stdout 472 bytes | artefact: 12606 bytes
  -> ok (outputs/hunt_identifier_in_prose_2026_08_25_r1.json)
ROUND 1  HUNT unenumerated
  [unenumerated] attempt 1
      stdout 619 bytes | artefact: 546640 bytes
  -> ok (outputs/hunt_unenumerated_2026_08_25_r1.json)
ROUND 2  HUNT gate_blind_spots
  [gate_blind_spots] attempt 1
      stdout 346 bytes | artefact: 12307 bytes
  -> ok (outputs/hunt_gate_blind_spots_2026_08_25_r2.json)
ROUND 2  HUNT false_absence
  [false_absence] attempt 1
      stdout 284 bytes | artefact: 56463 bytes
  -> ok (outputs/hunt_false_absence_2026_08_25_r2.json)
ROUND 2  HUNT untraceable_number
  [untraceable_number] attempt 1
      stdout 486 bytes | artefact: 27727 bytes
  -> ok (outputs/hunt_untraceable_number_2026_08_25_r2.json)
ROUND 2  HUNT identifier_in_prose
  [identifier_in_prose] attempt 1
      stdout 618 bytes | artefact: 2925964 bytes
  -> ok (outputs/hunt_identifier_in_prose_2026_08_25_r2.json)
ROUND 2  HUNT unenumerated
  [unenumerated] attempt 1
      stdout 729 bytes | artefact: 141089 bytes
  -> ok (outputs/hunt_unenumerated_2026_08_25_r2.json)
ROUND 3  HUNT gate_blind_spots
  [gate_blind_spots] attempt 1
      stdout 222 bytes | artefact: 12033 bytes
  -> ok (outputs/hunt_gate_blind_spots_2026_08_25_r3.json)
ROUND 3  HUNT false_absence
  [false_absence] attempt 1
      stdout 350 bytes | artefact: 111286 bytes
  -> ok (outputs/hunt_false_absence_2026_08_25_r3.json)
ROUND 3  HUNT untraceable_number
  [untraceable_number] attempt 1
      stdout 377 bytes | artefact: 20581 bytes
  -> ok (outputs/hunt_untraceable_number_2026_08_25_r3.json)
ROUND 3  HUNT identifier_in_prose
  [identifier_in_prose] attempt 1
      stdout 458 bytes | artefact: 1998690 bytes
  -> ok (outputs/hunt_identifier_in_prose_2026_08_25_r3.json)
ROUND 3  HUNT unenumerated
  [unenumerated] attempt 1
      stdout 479 bytes | artefact: 72040 bytes
  -> ok (outputs/hunt_unenumerated_2026_08_25_r3.json)
