ROUND 1  HUNT gate_blind_spots
  [gate_blind_spots] attempt 1
      stdout 490 bytes | artefact: 16209 bytes
  -> ok (outputs/hunt_gate_blind_spots_2026_08_25_r1.json)
ROUND 1  HUNT false_absence
  [false_absence] attempt 1
      stdout 820 bytes | artefact: 13467 bytes
  -> ok (outputs/hunt_false_absence_2026_08_25_r1.json)
ROUND 1  HUNT untraceable_number
  [untraceable_number] attempt 1
      stdout 515 bytes | artefact: 19431 bytes
  -> ok (outputs/hunt_untraceable_number_2026_08_25_r1.json)
ROUND 1  HUNT identifier_in_prose
  [identifier_in_prose] attempt 1
      stdout 835 bytes | artefact: 2357056 bytes
  -> ok (outputs/hunt_identifier_in_prose_2026_08_25_r1.json)
ROUND 1  HUNT unenumerated
  [unenumerated] attempt 1
      stdout 480 bytes | artefact: 21861 bytes
  -> ok (outputs/hunt_unenumerated_2026_08_25_r1.json)
ROUND 2  HUNT gate_blind_spots
  [gate_blind_spots] attempt 1
      stdout 429 bytes | artefact: 22973 bytes
  -> ok (outputs/hunt_gate_blind_spots_2026_08_25_r2.json)
ROUND 2  HUNT false_absence
  [false_absence] attempt 1
      stdout 539 bytes | artefact: 12279 bytes
  -> ok (outputs/hunt_false_absence_2026_08_25_r2.json)
ROUND 2  HUNT untraceable_number
  [untraceable_number] attempt 1
      stdout 0 bytes | artefact: 27727 bytes
  -> ok (outputs/hunt_untraceable_number_2026_08_25_r2.json)
ROUND 2  HUNT identifier_in_prose
  [identifier_in_prose] attempt 1
      stdout 554 bytes | artefact: 1453000 bytes
  -> ok (outputs/hunt_identifier_in_prose_2026_08_25_r2.json)
ROUND 2  HUNT unenumerated
  [unenumerated] attempt 1
      stdout 523 bytes | artefact: 114031 bytes
  -> ok (outputs/hunt_unenumerated_2026_08_25_r2.json)
ROUND 3  HUNT gate_blind_spots
  [gate_blind_spots] attempt 1
