A/B trials with an NCT : 137
already cached         : 0
to fetch               : 137
[  1/137] NCT00000620  results posted
[  2/137] NCT00059306  NO results posted
[  3/137] NCT00081744  NO results posted
[  4/137] NCT00097591  results posted
[  5/137] NCT00136201  NO results posted
[  6/137] NCT00239681  results posted
[  7/137] NCT00241644  results posted
[  8/137] NCT00262600  results posted
[  9/137] NCT00305162  results posted
[ 10/137] NCT00309738  results posted
[ 11/137] NCT00309777  results posted
[ 12/137] NCT00362648  results posted
[ 13/137] NCT00371683  results posted
[ 14/137] NCT00380393  results posted
[ 15/137] NCT00385138  results posted
[ 16/137] NCT00391872  results posted
[ 17/137] NCT00412984  results posted
[ 18/137] NCT00423319  results posted
[ 19/137] NCT00436007  results posted
[ 20/137] NCT00452530  results posted
[ 21/137] NCT00457002  results posted
[ 22/137] NCT00468923  NO results posted
[ 23/137] NCT00509106  results posted
[ 24/137] NCT00520780  NO results posted
[ 25/137] NCT00621504  results posted
[ 26/137] NCT00643188  NO results posted
[ 27/137] NCT00781391  results posted
[ 28/137] NCT00809965  results posted
[ 29/137] NCT00846365  results posted
[ 30/137] NCT00866619  results posted
[ 31/137] NCT00911508  results posted
[ 32/137] NCT01033071  results posted
[ 33/137] NCT01035255  results posted
[ 34/137] NCT01047501  results posted
[ 35/137] NCT01047683  results posted
[ 36/137] NCT01075152  results posted
[ 37/137] NCT01131676  results posted
[ 38/137] NCT01156571  results posted
[ 39/137] NCT01206062  results posted
[ 40/137] NCT01288352  NO results posted
[ 41/137] NCT01371838  results posted
[ 42/137] NCT01420393  results posted
[ 43/137] NCT01453608  NO results posted
[ 44/137] NCT01507831  results posted
[ 45/137] NCT01539226  results posted
[ 46/137] NCT01617096  results posted
[ 47/137] NCT01617655  results posted
[ 48/137] NCT01623115  results posted
[ 49/137] NCT01644175  results posted
[ 50/137] NCT01663402  results posted
[ 51/137] NCT01704508  NO results posted
[ 52/137] NCT01709500  results posted
[ 53/137] NCT01721408  results posted
[ 54/137] NCT01730534  results posted
[ 55/137] NCT01764633  results posted
[ 56/137] NCT01776424  results posted
[ 57/137] NCT01780987  results posted
[ 58/137] NCT01877915  results posted
[ 59/137] NCT01940341  results posted
[ 60/137] NCT01940471  results posted
[ 61/137] NCT01944800  NO results posted
[ 62/137] NCT01960348  results posted
[ 63/137] NCT01968954  results posted
[ 64/137] NCT01968967  results posted
[ 65/137] NCT01968980  results posted
[ 66/137] NCT02065791  results posted
[ 67/137] NCT02073682  results posted
[ 68/137] NCT02100514  results posted
[ 69/137] NCT02107898  results posted
[ 70/137] NCT02135029  results posted
[ 71/137] NCT02145000  NO results posted
[ 72/137] NCT02207491  results posted
[ 73/137] NCT02207621  results posted
[ 74/137] NCT02270242  results posted
[ 75/137] NCT02289963  results posted
[ 76/137] NCT02366871  results posted
[ 77/137] NCT02458287  results posted
[ 78/137] NCT02468232  results posted
[ 79/137] NCT02504216  results posted
[ 80/137] NCT02540993  results posted
[ 81/137] NCT02545049  results posted
[ 82/137] NCT02551094  results posted
[ 83/137] NCT02558374  results posted
[ 84/137] NCT02559310  results posted
[ 85/137] NCT02583191  NO results posted
[ 86/137] NCT02585778  results posted
[ 87/137] NCT02642562  NO results posted
[ 88/137] NCT02662569  results posted
[ 89/137] NCT02720094  results posted
[ 90/137] NCT02813694  results posted
[ 91/137] NCT02829957  results posted
[ 92/137] NCT02878330  results posted
[ 93/137] NCT02898610  NO results posted
[ 94/137] NCT02937454  results posted
[ 95/137] NCT02993406  results posted
[ 96/137] NCT03015311  NO results posted
[ 97/137] NCT03036124  results posted
[ 98/137] NCT03036150  results posted
[ 99/137] NCT03036462  NO results posted
[100/137] NCT03037931  results posted
[101/137] NCT03045406  results posted
[102/137] NCT03048825  NO results posted
[103/137] NCT03057951  results posted
[104/137] NCT03057977  results posted
[105/137] NCT03143218  results posted
[106/137] NCT03164564  results posted
[107/137] NCT03266783  results posted
[108/137] NCT03276962  results posted
[109/137] NCT03315143  results posted
[110/137] NCT03397121  results posted
[111/137] NCT03399370  results posted
[112/137] NCT03400800  results posted
[113/137] NCT03433755  results posted
[114/137] NCT03521934  results posted
[115/137] NCT03594110  results posted
[116/137] NCT03619213  results posted
[117/137] NCT03759379  results posted
[118/137] NCT03808311  NO results posted
[119/137] NCT03896724  NO results posted
[120/137] NCT03979313  results posted
[121/137] NCT04020341  results posted
[122/137] NCT04023227  results posted
[123/137] NCT04030234  NO results posted
[124/137] NCT04136184  results posted
[125/137] NCT04187144  results posted
[126/137] NCT04435626  results posted
[127/137] NCT04510207  NO results posted
[128/137] NCT04530396  NO results posted
[129/137] NCT04565184  NO results posted
[130/137] NCT04652102  results posted
[131/137] NCT04704830  NO results posted
[132/137] NCT04847557  results posted
[133/137] NCT04853758  NO results posted
[134/137] NCT04916470  NO results posted
[135/137] NCT04925752  results posted
[136/137] NCT04994509  results posted
[137/137] NCT05192265  NO results posted

CLINICALTRIALS.GOV RESULTS-POSTING PROBE — 137 A/B trials with an NCT

  results POSTED (arm counts, follow-up, adverse events are structured data)  : 110
  NO results posted (a person must read the published report)               : 27
  could not be determined (recorded as errors, NOT as absent results)       : 0

  primary-outcome TIME FRAME available on the protocol record : 135
  enrolment count available on the protocol record            : 137

FOLLOW-UP DURATION is on the PROTOCOL record, which every registration has,
whether or not results were ever posted. It does not depend on this split at all.

TRIALS WITH NO POSTED RESULTS — the manual residue of bucket 2:
   NCT00059306  intensive-bp-review
   NCT00081744  tigecycline-ciai
   NCT00136201  tigecycline-ciai
   NCT00468923  rosuvastatin-auto-full-review
   NCT00520780  fcm-hf-review
   NCT00643188  ablation-af-heart-failure, ablation-af-medical-therapy, abla
   NCT01288352  ablation-af-review
   NCT01453608  fcm-hf-review, iv-iron-hf
   NCT01704508  antimalarial-act
   NCT01944800  acs-antiplatelet-review
   NCT02145000  rotavirus-vaccine-africa-review
   NCT02583191  doac-cancer-vte-review
   NCT02642562  fcm-hf-review, iv-iron-hf
   NCT02898610  colchicine-cvd-review
   NCT03015311  intensive-bp-review
   NCT03036462  iv-iron-hf
   NCT03048825  colchicine-cvd-coronary, colchicine-cvd-review
   NCT03808311  intensive-bp-review
   NCT03896724  malaria-vaccines
   NCT04030234  intensive-bp-review
   NCT04510207  covid19-vaccines
   NCT04530396  covid19-vaccines
   NCT04565184  antimalarial-act
   NCT04704830  malaria-vaccines
   NCT04853758  arni-hfref
   NCT04916470  incretin-hfpef-review
   NCT05192265  antimalarial-act

