[  1/163] ABLATION_AF_REVIEW.html                              ok    771051 bytes
[  2/163] ABLATION_AF_HEART_FAILURE_REVIEW.html                ok    792418 bytes
[  3/163] ABLATION_AF_MEDICAL_THERAPY_REVIEW.html              ok    797701 bytes
[  4/163] ACS_ANTIPLATELET_REVIEW.html                         ok    997030 bytes
[  5/163] AGYW_HIV_PREP_REVIEW.html                            ok   1258042 bytes
[  6/163] ALIROCUMAB_LIPID_AUTO_FULL_REVIEW.html               ok   1249451 bytes
[  7/163] AMOXICILLIN_AOM_AUTO_FULL_REVIEW.html                ok    463658 bytes
[  8/163] ANIDULAFUNGIN_CANDIDA_AUTO_FULL_REVIEW.html          ok    463321 bytes
[  9/163] ANIDULAFUNGIN_FUNGAL_AUTO_FULL_REVIEW.html           ok    465846 bytes
[ 10/163] APIXABAN_ACS_AUTO_FULL_REVIEW.html                   ok    472460 bytes
[ 11/163] APIXABAN_AF_AUTO_FULL_REVIEW.html                    ok    477713 bytes
[ 12/163] APIXABAN_VTE_AUTO_FULL_REVIEW.html                   ok    462974 bytes
[ 13/163] ARNI_HF_REVIEW.html                                  FAIL ine, not the first. This check runs BEFORE the build, so nothing has b
[ 14/163] ATTR_CM_REVIEW.html                                  ok    489625 bytes
[ 15/163] APIXABAN_VTE_PROPHYLAXIS_REVIEW.html                 ok   1191303 bytes
[ 16/163] APIXABAN_VTE_TREATMENT_REVIEW.html                   ok   1244329 bytes
[ 17/163] ATTR_PN_REVIEW.html                                  ok    633806 bytes
[ 18/163] AZILSARTAN_CLD_VS_OLM_HCTZ_REVIEW.html               ok   1115261 bytes
[ 19/163] AZILSARTAN_HTN_AUTO_FULL_REVIEW.html                 ok   1115261 bytes
[ 20/163] BAMLANIVIMAB_OUTP_AUTO_FULL_REVIEW.html              FAIL o paper to project. That is a state of the OBJECT, not a build failure
[ 21/163] BEZLOTOXUMAB_CDIFF_AUTO_FULL_REVIEW.html             FAIL o paper to project. That is a state of the OBJECT, not a build failure
[ 22/163] BAMLANIVIMAB_COVID_AUTO_FULL_REVIEW.html             ok    458532 bytes
[ 23/163] BEMPEDOIC_ACID_REVIEW.html                           ok   1275022 bytes
[ 24/163] BEZLOTOXUMAB_CDI_AUTO_FULL_REVIEW.html               ok    464324 bytes
[ 25/163] BOSENTAN_PAH_AUTO_FULL_REVIEW.html                   ok    463466 bytes
[ 26/163] BOCOCIZUMAB_LIPID_AUTO_FULL_REVIEW.html              ok   1681905 bytes
[ 27/163] BOCOCIZUMAB_LIPID_REVIEW.html                        ok   1681905 bytes
[ 28/163] BOSENTAN_PAH_CHILDREN_REVIEW.html                    ok    477502 bytes
[ 29/163] BOSENTAN_PAH_COMBINATION_REVIEW.html                 ok    479028 bytes
[ 30/163] BOSENTAN_PAH_MONOTHERAPY_REVIEW.html                 ok    479328 bytes
[ 31/163] BOSENTAN_PH_NOT_GROUP1_REVIEW.html                   ok    484372 bytes
[ 32/163] CAB_PREP_HIV_REVIEW.html                             ok   1005578 bytes
[ 33/163] CANGRELOR_PCI_REVIEW.html                            ok   1024218 bytes
[ 34/163] CASIRIVIMAB_COVID_AUTO_FULL_REVIEW.html              ok    458177 bytes
[ 35/163] CASPOFUNGIN_FUNGAL_AUTO_FULL_REVIEW.html             ok    462250 bytes
[ 36/163] CEFEPIME_TAZ_AUTO_FULL_REVIEW.html                   ok    462974 bytes
[ 37/163] CEFTAZIDIME_AVIBACTAM_AUTO_FULL_REVIEW.html          ok    463688 bytes
[ 38/163] CEFTAROLINE_AUTO_FULL_REVIEW.html                    ok   1420512 bytes
[ 39/163] CEFTOLOZANE_TAZ_AUTO_FULL_REVIEW.html                FAIL o paper to project. That is a state of the OBJECT, not a build failure
[ 40/163] CEFTOLOZANE_INFECTION_AUTO_FULL_REVIEW.html          ok    463305 bytes
[ 41/163] COLCHICINE_CVD_CORONARY_REVIEW.html                  ok   1022179 bytes
[ 42/163] COLCHICINE_ICH_REVIEW.html                           ok    462419 bytes
[ 43/163] COLCHICINE_CVD_REVIEW.html                           ok    991252 bytes
[ 44/163] COLCHICINE_MIXED_ASCVD_REVIEW.html                   ok    460883 bytes
[ 45/163] COLCHICINE_PAD_REVIEW.html                           ok    460905 bytes
[ 46/163] COLCHICINE_PERICARDITIS_REVIEW.html                  ok    461834 bytes
[ 47/163] COLCHICINE_STROKE_REVIEW.html                        ok    469732 bytes
[ 48/163] COLCHICINE_PERIPROCEDURAL_REVIEW.html                ok    470309 bytes
[ 49/163] COVID19_VACCINES_REVIEW.html                         ok    615899 bytes
[ 50/163] CRYPTOCOCCAL_MENINGITIS_AFRICA_REVIEW.html           ok    457718 bytes
[ 51/163] COVID_ORAL_ANTIVIRALS_REVIEW.html                    ok    463404 bytes
[ 52/163] CVNCOV_COVID19_AUTO_FULL_REVIEW.html                 ok    464047 bytes
[ 53/163] CVNCOV_SARSCOV2_AUTO_FULL_REVIEW.html                FAIL o paper to project. That is a state of the OBJECT, not a build failure
[ 54/163] DABIGATRAN_VTE_AUTO_FULL_REVIEW.html                 FAIL o paper to project. That is a state of the OBJECT, not a build failure
[ 55/163] DABIGATRAN_AF_AUTO_FULL_REVIEW.html                  ok    458158 bytes
[ 56/163] DABIGATRAN_STROKE_AUTO_FULL_REVIEW.html              ok    463609 bytes
[ 57/163] DABIGATRAN_VTE_CEREBRAL_REVIEW.html                  ok    462016 bytes
[ 58/163] DABIGATRAN_VTE_EXTENDED_REVIEW.html                  ok    462040 bytes
[ 59/163] DABIGATRAN_VTE_SURGICAL_REVIEW.html                  ok    470116 bytes
[ 60/163] DABIGATRAN_VTE_TREATMENT_REVIEW.html                 ok    461749 bytes
[ 61/163] DELAMANID_TB_AUTO_FULL_REVIEW.html                   ok    463151 bytes
[ 62/163] DOAC_AF_NMA_REVIEW.html                              ok   1023103 bytes
[ 63/163] DOAC_AF_REVIEW.html                                  ok   1023103 bytes
[ 64/163] DOAC_CANCER_VTE_REVIEW.html                          ok    679484 bytes
[ 65/163] DORAVIRINE_HIV_AUTO_FULL_REVIEW.html                 ok    463981 bytes
[ 66/163] DORAVIRINE_HIV_REVIEW.html                           ok    463981 bytes
[ 67/163] DORIPENEM_AUTO_FULL_REVIEW.html                      ok    462900 bytes
[ 68/163] DROTRECOGIN_SEPSIS_AUTO_FULL_REVIEW.html             ok    463376 bytes
[ 69/163] EARLY_RHYTHM_CONTROL_AF_REVIEW.html                  ok    595660 bytes
[ 70/163] EDOXABAN_CANCER_VTE_AUTO_FULL_REVIEW.html            ok    462763 bytes
[ 71/163] EDOXABAN_VTE_AUTO_FULL_REVIEW.html                   ok    462763 bytes
[ 72/163] EMTRICITABINE_HIV_AUTO_FULL_REVIEW.html              ok    462262 bytes
[ 73/163] EMPAGLIFLOZIN_HF_AUTO_FULL_REVIEW.html               ok   1403939 bytes
[ 74/163] ENOXAPARIN_VTE_AUTO_FULL_REVIEW.html                 ok    463459 bytes
[ 75/163] ERTAPENEM_INFECT_AUTO_FULL_REVIEW.html               FAIL o paper to project. That is a state of the OBJECT, not a build failure
[ 76/163] ERAVACYCLINE_INFECTION_AUTO_FULL_REVIEW.html         ok    467717 bytes
[ 77/163] ERTAPENEM_AUTO_FULL_REVIEW.html                      ok    462873 bytes
[ 78/163] ETESEVIMAB_COVID_AUTO_FULL_REVIEW.html               ok    462259 bytes
[ 79/163] ETRIPAMIL_PAROXYSMAL_SUPRAVENTRICU_AUTO_FULL_REVIEW.html ok    463969 bytes
[ 80/163] EVINACUMAB_HOFH_AUTO_FULL_REVIEW.html                ok    458049 bytes
[ 81/163] EVOLOCUMAB_ASCVD_AUTO_2.html                         ok    463258 bytes
[ 82/163] EVOLOCUMAB_ASCVD_AUTO_2_FULL_REVIEW.html             ok    470399 bytes
[ 83/163] EVOLOCUMAB_DYSLIPIDEMIA_AUTO_FULL_REVIEW.html        ok    470399 bytes
[ 84/163] EVOLOCUMAB_MIXED_DYSLIPIDEMIA_AUTO_FULL_REVIEW.html  ok    607369 bytes
[ 85/163] FIDAXOMICIN_CDIFF_AUTO_FULL_REVIEW.html              ok    463768 bytes
[ 86/163] FCM_HF_REVIEW.html                                   ok   1559075 bytes
[ 87/163] FIDAXOMICIN_CDI_AUTO_FULL_REVIEW.html                ok    463207 bytes
[ 88/163] FINERENONE_CV_REVIEW.html                            ok   1505355 bytes
[ 89/163] FINERENONE_REVIEW.html                               ok   1171376 bytes
[ 90/163] FONDAPARINUX_AUTO_FULL_REVIEW.html                   ok    457897 bytes
[ 91/163] FONDAPARINUX_VTE_AUTO_FULL_REVIEW.html               ok    457897 bytes
[ 92/163] GEPOTIDACIN_URINARY_TRACT_AUTO_FULL_REVIEW.html      ok   1234035 bytes
[ 93/163] HEPATITIS_B_TAF_TDF_REVIEW.html                      ok    738381 bytes
[ 94/163] HIV_LA_PREP_REVIEW.html                              ok    465665 bytes
[ 95/163] HIV_PREP_INJECTABLE_REVIEW.html                      ok    465665 bytes
[ 96/163] ICOSAPENT_LIPID_AUTO_FULL_REVIEW.html                ok   1057637 bytes
[ 97/163] INCLISIRAN_HOFH_AUTO_FULL_REVIEW.html                ok    458072 bytes
[ 98/163] INCLISIRAN_LIPID_KIDNEY_AUTO_FULL_REVIEW.html        ok   1058518 bytes
[ 99/163] INFLUENZA_RECOMBINANT_AUTO_FULL_REVIEW.html          ok    464085 bytes
[100/163] INCRETIN_HFpEF_REVIEW.html                           ok   1463580 bytes
[101/163] INTENSIVE_BP_REVIEW.html                             ok    735417 bytes
[102/163] IVERMECTIN_LF_AUTO_FULL_REVIEW.html                  ok    462690 bytes
[103/163] LEFAMULIN_CAP_AUTO_FULL_REVIEW.html                  FAIL o paper to project. That is a state of the OBJECT, not a build failure
[104/163] LENACAPAVIR_HIV_AUTO_FULL_REVIEW.html                ok    463706 bytes
[105/163] LENACAPAVIR_PREP_REVIEW.html                         FAIL o paper to project. That is a state of the OBJECT, not a build failure
[106/163] LEFAMULIN_CABP_AUTO_FULL_REVIEW.html                 ok   1378497 bytes
[107/163] LINEZOLID_MRSA_AUTO_FULL_REVIEW.html                 ok    464021 bytes
[108/163] LENACAPAVIR_PREP_SSOT.html                           ok   2457564 bytes
[109/163] MALARIA_ACT_REVIEW.html                              ok    465994 bytes
[110/163] IV_IRON_HF_REVIEW.html                               ok   7210783 bytes
[111/163] MALARIA_VACCINE_REVIEW.html                          ok    465025 bytes
[112/163] MAVACAMTEN_OHCM_AUTO_FULL_REVIEW.html                FAIL o paper to project. That is a state of the OBJECT, not a build failure
[113/163] MARIBAVIR_CMV_AUTO_FULL_REVIEW.html                  ok    458270 bytes
[114/163] MAVACAMTEN_HCM_REVIEW.html                           ok    471356 bytes
[115/163] MAVACAMTEN_OHCM_REVIEW.html                          ok    466126 bytes
[116/163] MENACWY_BOOSTER_AUTO_FULL_REVIEW.html                ok    463796 bytes
[117/163] MDR_TB_SHORTENED_REVIEW.html                         ok    463533 bytes
[118/163] MENACYW_HEALTHY_VOLUNTEERS_AUTO_FULL_REVIEW.html     ok    465457 bytes
[119/163] MEN_ACWY_AUTO_FULL_REVIEW.html                       ok    462235 bytes
[120/163] MEROPENEM_AUTO_FULL_REVIEW.html                      ok    463290 bytes
[121/163] MIPOMERSEN_HOFH_AUTO_FULL_REVIEW.html                ok    463799 bytes
[122/163] MOXIFLOXACIN_RESPI_AUTO_FULL_REVIEW.html             ok    457996 bytes
[123/163] MITRAL_FUNCMR_REVIEW.html                            ok    471532 bytes
[124/163] NETARSUDIL_OCULAR_HYPERTENSION_AUTO_FULL_REVIEW.html ok    804679 bytes
[125/163] OLMESARTAN_HTN_AUTO_FULL_REVIEW.html                 ok    464408 bytes
[126/163] OMECAMTIV_HFREF_AUTO_FULL_REVIEW.html                FAIL o paper to project. That is a state of the OBJECT, not a build failure
[127/163] NIRSEVIMAB_INFANT_RSV_REVIEW.html                    ok   1185473 bytes
[128/163] OMECAMTIV_HF_AUTO_FULL_REVIEW.html                   FAIL o paper to project. That is a state of the OBJECT, not a build failure
[129/163] OMECAMTIV_HEARTFAIL_AUTO_FULL_REVIEW.html            ok    458953 bytes
[130/163] PCSK9_REVIEW.html                                    FAIL o paper to project. That is a state of the OBJECT, not a build failure
[131/163] PCSK9_INHIBITORS_CV_REVIEW.html                      ok   1011627 bytes
[132/163] PCSK9_LIPID_NMA_REVIEW.html                          ok   1011627 bytes
[133/163] PEDIATRIC_HIV_ART_REVIEW.html                        ok    457249 bytes
[134/163] PITAVASTATIN_AUTO_FULL_REVIEW.html                   ok    684516 bytes
[135/163] PLAZOMICIN_INFECTION_AUTO_FULL_REVIEW.html           ok    463248 bytes
[136/163] POSACONAZOLE_FUNGAL_AUTO_FULL_REVIEW.html            ok    463955 bytes
[137/163] RALTEGRAVIR_HIV_AUTO_FULL_REVIEW.html                ok    463377 bytes
[138/163] PREVNAR15_PNEUMO_AUTO_FULL_REVIEW.html               ok   1835019 bytes
[139/163] REMDESIVIR_COVID_AUTO_FULL_REVIEW.html               ok    457457 bytes
[140/163] RIFAPENTINE_TB_AUTO_FULL_REVIEW.html                 ok    463750 bytes
[141/163] RIOCIGUAT_PAH_AUTO_FULL_REVIEW.html                  ok    463594 bytes
[142/163] RIVAROXABAN_ACS_AUTO_FULL_REVIEW.html                ok    470927 bytes
[143/163] RIVAROXABAN_VASC_REVIEW.html                         ok   1098384 bytes
[144/163] ROSUVASTATIN_AUTO_FULL_REVIEW.html                   ok   1159933 bytes
[145/163] ROTAVIRUS_VACCINE_AFRICA_REVIEW.html                 ok   1114116 bytes
[146/163] SACUBITRIL_VALSARTAN_HF_AUTO_FULL_REVIEW.html        FAIL o paper to project. That is a state of the OBJECT, not a build failure
[147/163] ROTAVIRUS_VACCINE_AUTO_FULL_REVIEW.html              ok   1114116 bytes
[148/163] SACUBITRIL_HEARTFAIL_AUTO_FULL_REVIEW.html           ok    458613 bytes
[149/163] SARILUMAB_COVID_AUTO_FULL_REVIEW.html                ok    463273 bytes
[150/163] SELEXIPAG_PAH_AUTO_FULL_REVIEW.html                  ok    457867 bytes
[151/163] SER109_CDI_AUTO_FULL_REVIEW.html                     ok    457821 bytes
[152/163] SGLT2_CKD_REVIEW.html                                ok    824585 bytes
[153/163] SGLT2_HF_REVIEW.html                                 ok   3835242 bytes
[154/163] SGLT2_MACE_CVOT_REVIEW.html                          ok   1808630 bytes
[155/163] SOTATERCEPT_PAH_AUTO_2.html                          FAIL o paper to project. That is a state of the OBJECT, not a build failure
[156/163] SOTAGLIFLOZIN_HF_REVIEW.html                         ok   3650697 bytes
[157/163] SOTATERCEPT_PAH_AUTO_2_FULL_REVIEW.html              ok    463355 bytes
[158/163] SOTATERCEPT_PAH_AUTO_FULL_REVIEW.html                ok    463355 bytes
[159/163] TECOVIRIMAT_MPOX_AUTO_FULL_REVIEW.html               ok    457677 bytes
[160/163] THIAMINE_SEPSIS_AUTO_FULL_REVIEW.html                ok    463512 bytes
[161/163] TIGECYCLINE_CIAI_SSOT.html                           ok   1770659 bytes
[162/163] TIGECYCLINE_INFECTION_AUTO_FULL_REVIEW.html          ok    463638 bytes
[163/163] WARFARIN_AF_AUTO_FULL_REVIEW.html                    ok    463342 bytes

BUILT OK: 148 of 163
FAILED 15:
   ARNI_HF_REVIEW.html                                  ine, not the first. This check runs BEFORE the build, so nothing has been written. To proceed deliberately for this one page: REBUILD_ANYWAY=ARNI_HF_R
   BAMLANIVIMAB_OUTP_AUTO_FULL_REVIEW.html              o paper to project. That is a state of the OBJECT, not a build failure: the review has not been done. Building a page for it would put a stub where a 
   BEZLOTOXUMAB_CDIFF_AUTO_FULL_REVIEW.html             o paper to project. That is a state of the OBJECT, not a build failure: the review has not been done. Building a page for it would put a stub where a 
   CEFTOLOZANE_TAZ_AUTO_FULL_REVIEW.html                o paper to project. That is a state of the OBJECT, not a build failure: the review has not been done. Building a page for it would put a stub where a 
   CVNCOV_SARSCOV2_AUTO_FULL_REVIEW.html                o paper to project. That is a state of the OBJECT, not a build failure: the review has not been done. Building a page for it would put a stub where a 
   DABIGATRAN_VTE_AUTO_FULL_REVIEW.html                 o paper to project. That is a state of the OBJECT, not a build failure: the review has not been done. Building a page for it would put a stub where a 
   ERTAPENEM_INFECT_AUTO_FULL_REVIEW.html               o paper to project. That is a state of the OBJECT, not a build failure: the review has not been done. Building a page for it would put a stub where a 
   LEFAMULIN_CAP_AUTO_FULL_REVIEW.html                  o paper to project. That is a state of the OBJECT, not a build failure: the review has not been done. Building a page for it would put a stub where a 
   LENACAPAVIR_PREP_REVIEW.html                         o paper to project. That is a state of the OBJECT, not a build failure: the review has not been done. Building a page for it would put a stub where a 
   MAVACAMTEN_OHCM_AUTO_FULL_REVIEW.html                o paper to project. That is a state of the OBJECT, not a build failure: the review has not been done. Building a page for it would put a stub where a 
   OMECAMTIV_HFREF_AUTO_FULL_REVIEW.html                o paper to project. That is a state of the OBJECT, not a build failure: the review has not been done. Building a page for it would put a stub where a 
   OMECAMTIV_HF_AUTO_FULL_REVIEW.html                   o paper to project. That is a state of the OBJECT, not a build failure: the review has not been done. Building a page for it would put a stub where a 
   PCSK9_REVIEW.html                                    o paper to project. That is a state of the OBJECT, not a build failure: the review has not been done. Building a page for it would put a stub where a 
   SACUBITRIL_VALSARTAN_HF_AUTO_FULL_REVIEW.html        o paper to project. That is a state of the OBJECT, not a build failure: the review has not been done. Building a page for it would put a stub where a 
   SOTATERCEPT_PAH_AUTO_2.html                          o paper to project. That is a state of the OBJECT, not a build failure: the review has not been done. Building a page for it would put a stub where a 
