[  1/163] ABLATION_AF_REVIEW.html                              ok    768768 bytes
[  2/163] ABLATION_AF_HEART_FAILURE_REVIEW.html                ok    790306 bytes
[  3/163] ABLATION_AF_MEDICAL_THERAPY_REVIEW.html              ok    795700 bytes
[  4/163] ACS_ANTIPLATELET_REVIEW.html                         ok    994662 bytes
[  5/163] AGYW_HIV_PREP_REVIEW.html                            ok   1257841 bytes
[  6/163] AMOXICILLIN_AOM_AUTO_FULL_REVIEW.html                ok    463685 bytes
[  7/163] ANIDULAFUNGIN_CANDIDA_AUTO_FULL_REVIEW.html          ok    463376 bytes
[  8/163] ANIDULAFUNGIN_FUNGAL_AUTO_FULL_REVIEW.html           ok    465969 bytes
[  9/163] ALIROCUMAB_LIPID_AUTO_FULL_REVIEW.html               ok   1249599 bytes
[ 10/163] APIXABAN_ACS_AUTO_FULL_REVIEW.html                   ok    472694 bytes
[ 11/163] APIXABAN_AF_AUTO_FULL_REVIEW.html                    ok    478040 bytes
[ 12/163] APIXABAN_VTE_AUTO_FULL_REVIEW.html                   ok    463108 bytes
[ 13/163] ARNI_HF_REVIEW.html                                  FAIL ine, not the first. This check runs BEFORE the build, so nothing has b
[ 14/163] APIXABAN_VTE_PROPHYLAXIS_REVIEW.html                 ok   1191777 bytes
[ 15/163] APIXABAN_VTE_TREATMENT_REVIEW.html                   ok   1244816 bytes
[ 16/163] ATTR_CM_REVIEW.html                                  ok    489934 bytes
[ 17/163] ATTR_PN_REVIEW.html                                  ok    632129 bytes
[ 18/163] AZILSARTAN_CLD_VS_OLM_HCTZ_REVIEW.html               ok   1115261 bytes
[ 19/163] BAMLANIVIMAB_OUTP_AUTO_FULL_REVIEW.html              FAIL o paper to project. That is a state of the OBJECT, not a build failure
[ 20/163] BAMLANIVIMAB_COVID_AUTO_FULL_REVIEW.html             ok    458578 bytes
[ 21/163] AZILSARTAN_HTN_AUTO_FULL_REVIEW.html                 ok   1115261 bytes
[ 22/163] BEZLOTOXUMAB_CDIFF_AUTO_FULL_REVIEW.html             FAIL o paper to project. That is a state of the OBJECT, not a build failure
[ 23/163] BEMPEDOIC_ACID_REVIEW.html                           ok   1275547 bytes
[ 24/163] BEZLOTOXUMAB_CDI_AUTO_FULL_REVIEW.html               ok    464365 bytes
[ 25/163] BOCOCIZUMAB_LIPID_AUTO_FULL_REVIEW.html              ok   1682883 bytes
[ 26/163] BOSENTAN_PAH_AUTO_FULL_REVIEW.html                   ok    463507 bytes
[ 27/163] BOSENTAN_PAH_CHILDREN_REVIEW.html                    ok    477673 bytes
[ 28/163] BOCOCIZUMAB_LIPID_REVIEW.html                        ok   1682883 bytes
[ 29/163] BOSENTAN_PAH_COMBINATION_REVIEW.html                 ok    479144 bytes
[ 30/163] BOSENTAN_PAH_MONOTHERAPY_REVIEW.html                 ok    479477 bytes
[ 31/163] BOSENTAN_PH_NOT_GROUP1_REVIEW.html                   ok    484526 bytes
[ 32/163] CAB_PREP_HIV_REVIEW.html                             ok   1004896 bytes
[ 33/163] CASIRIVIMAB_COVID_AUTO_FULL_REVIEW.html              ok    458223 bytes
[ 34/163] CANGRELOR_PCI_REVIEW.html                            ok   1022270 bytes
[ 35/163] CASPOFUNGIN_FUNGAL_AUTO_FULL_REVIEW.html             ok    462402 bytes
[ 36/163] CEFEPIME_TAZ_AUTO_FULL_REVIEW.html                   ok    463120 bytes
[ 37/163] CEFTAROLINE_AUTO_FULL_REVIEW.html                    ok   1419712 bytes
[ 38/163] CEFTAZIDIME_AVIBACTAM_AUTO_FULL_REVIEW.html          ok    463729 bytes
[ 39/163] CEFTOLOZANE_TAZ_AUTO_FULL_REVIEW.html                FAIL o paper to project. That is a state of the OBJECT, not a build failure
[ 40/163] CEFTOLOZANE_INFECTION_AUTO_FULL_REVIEW.html          ok    463346 bytes
[ 41/163] COLCHICINE_ICH_REVIEW.html                           ok    462188 bytes
[ 42/163] COLCHICINE_CVD_REVIEW.html                           ok    989372 bytes
[ 43/163] COLCHICINE_CVD_CORONARY_REVIEW.html                  ok   1020268 bytes
[ 44/163] COLCHICINE_MIXED_ASCVD_REVIEW.html                   ok    460652 bytes
[ 45/163] COLCHICINE_PAD_REVIEW.html                           ok    460674 bytes
[ 46/163] COLCHICINE_PERICARDITIS_REVIEW.html                  ok    461741 bytes
[ 47/163] COLCHICINE_PERIPROCEDURAL_REVIEW.html                ok    470078 bytes
[ 48/163] COLCHICINE_STROKE_REVIEW.html                        ok    469501 bytes
[ 49/163] COVID19_VACCINES_REVIEW.html                         ok    616394 bytes
[ 50/163] COVID_ORAL_ANTIVIRALS_REVIEW.html                    ok    463550 bytes
[ 51/163] CRYPTOCOCCAL_MENINGITIS_AFRICA_REVIEW.html           ok    457764 bytes
[ 52/163] CVNCOV_SARSCOV2_AUTO_FULL_REVIEW.html                FAIL o paper to project. That is a state of the OBJECT, not a build failure
[ 53/163] CVNCOV_COVID19_AUTO_FULL_REVIEW.html                 ok    464088 bytes
[ 54/163] DABIGATRAN_VTE_AUTO_FULL_REVIEW.html                 FAIL o paper to project. That is a state of the OBJECT, not a build failure
[ 55/163] DABIGATRAN_AF_AUTO_FULL_REVIEW.html                  ok    458199 bytes
[ 56/163] DABIGATRAN_STROKE_AUTO_FULL_REVIEW.html              ok    463650 bytes
[ 57/163] DABIGATRAN_VTE_CEREBRAL_REVIEW.html                  ok    462043 bytes
[ 58/163] DABIGATRAN_VTE_EXTENDED_REVIEW.html                  ok    462067 bytes
[ 59/163] DABIGATRAN_VTE_SURGICAL_REVIEW.html                  ok    470188 bytes
[ 60/163] DABIGATRAN_VTE_TREATMENT_REVIEW.html                 ok    461776 bytes
[ 61/163] DELAMANID_TB_AUTO_FULL_REVIEW.html                   ok    463192 bytes
[ 62/163] DOAC_AF_NMA_REVIEW.html                              ok   1021418 bytes
[ 63/163] DOAC_AF_REVIEW.html                                  ok   1021418 bytes
[ 64/163] DOAC_CANCER_VTE_REVIEW.html                          ok    676912 bytes
[ 65/163] DORAVIRINE_HIV_AUTO_FULL_REVIEW.html                 ok    464008 bytes
[ 66/163] DORAVIRINE_HIV_REVIEW.html                           ok    464008 bytes
[ 67/163] DORIPENEM_AUTO_FULL_REVIEW.html                      ok    463025 bytes
[ 68/163] DROTRECOGIN_SEPSIS_AUTO_FULL_REVIEW.html             ok    463417 bytes
[ 69/163] EARLY_RHYTHM_CONTROL_AF_REVIEW.html                  ok    607228 bytes
[ 70/163] EDOXABAN_CANCER_VTE_AUTO_FULL_REVIEW.html            ok    463461 bytes
[ 71/163] EDOXABAN_VTE_AUTO_FULL_REVIEW.html                   ok    463461 bytes
[ 72/163] EMPAGLIFLOZIN_HF_AUTO_FULL_REVIEW.html               ok   1404364 bytes
[ 73/163] EMTRICITABINE_HIV_AUTO_FULL_REVIEW.html              ok    462411 bytes
[ 74/163] ENOXAPARIN_VTE_AUTO_FULL_REVIEW.html                 ok    463500 bytes
[ 75/163] ERTAPENEM_INFECT_AUTO_FULL_REVIEW.html               FAIL o paper to project. That is a state of the OBJECT, not a build failure
[ 76/163] ERAVACYCLINE_INFECTION_AUTO_FULL_REVIEW.html         ok    467840 bytes
[ 77/163] ERTAPENEM_AUTO_FULL_REVIEW.html                      ok    463040 bytes
[ 78/163] ETESEVIMAB_COVID_AUTO_FULL_REVIEW.html               ok    462405 bytes
[ 79/163] ETRIPAMIL_PAROXYSMAL_SUPRAVENTRICU_AUTO_FULL_REVIEW.html ok    464010 bytes
[ 80/163] EVINACUMAB_HOFH_AUTO_FULL_REVIEW.html                ok    458095 bytes
[ 81/163] EVOLOCUMAB_ASCVD_AUTO_2.html                         ok    463422 bytes
[ 82/163] EVOLOCUMAB_ASCVD_AUTO_2_FULL_REVIEW.html             ok    470761 bytes
[ 83/163] EVOLOCUMAB_DYSLIPIDEMIA_AUTO_FULL_REVIEW.html        ok    470761 bytes
[ 84/163] EVOLOCUMAB_MIXED_DYSLIPIDEMIA_AUTO_FULL_REVIEW.html  ok    606283 bytes
[ 85/163] FIDAXOMICIN_CDIFF_AUTO_FULL_REVIEW.html              ok    463809 bytes
[ 86/163] FCM_HF_REVIEW.html                                   ok   1554971 bytes
[ 87/163] FIDAXOMICIN_CDI_AUTO_FULL_REVIEW.html                ok    463248 bytes
[ 88/163] FINERENONE_CV_REVIEW.html                            ok   1506271 bytes
[ 89/163] FONDAPARINUX_AUTO_FULL_REVIEW.html                   ok    457938 bytes
[ 90/163] FINERENONE_REVIEW.html                               ok   1169717 bytes
[ 91/163] FONDAPARINUX_VTE_AUTO_FULL_REVIEW.html               ok    457938 bytes
[ 92/163] HEPATITIS_B_TAF_TDF_REVIEW.html                      ok    736495 bytes
[ 93/163] GEPOTIDACIN_URINARY_TRACT_AUTO_FULL_REVIEW.html      ok   1234193 bytes
[ 94/163] HIV_LA_PREP_REVIEW.html                              ok    465748 bytes
[ 95/163] HIV_PREP_INJECTABLE_REVIEW.html                      ok    465748 bytes
[ 96/163] INCLISIRAN_HOFH_AUTO_FULL_REVIEW.html                ok    458118 bytes
[ 97/163] ICOSAPENT_LIPID_AUTO_FULL_REVIEW.html                ok   1057223 bytes
[ 98/163] INCLISIRAN_LIPID_KIDNEY_AUTO_FULL_REVIEW.html        ok   1059469 bytes
[ 99/163] INFLUENZA_RECOMBINANT_AUTO_FULL_REVIEW.html          ok    464112 bytes
[100/163] INCRETIN_HFpEF_REVIEW.html                           ok   1464047 bytes
[101/163] INTENSIVE_BP_REVIEW.html                             ok    735866 bytes
[102/163] IVERMECTIN_LF_AUTO_FULL_REVIEW.html                  ok    462827 bytes
[103/163] LEFAMULIN_CAP_AUTO_FULL_REVIEW.html                  FAIL o paper to project. That is a state of the OBJECT, not a build failure
[104/163] LEFAMULIN_CABP_AUTO_FULL_REVIEW.html                 ok   1378596 bytes
[105/163] LENACAPAVIR_PREP_REVIEW.html                         FAIL o paper to project. That is a state of the OBJECT, not a build failure
[106/163] LENACAPAVIR_HIV_AUTO_FULL_REVIEW.html                ok    463733 bytes
[107/163] LINEZOLID_MRSA_AUTO_FULL_REVIEW.html                 ok    464048 bytes
[108/163] LENACAPAVIR_PREP_SSOT.html                           ok   2458327 bytes
[109/163] IV_IRON_HF_REVIEW.html                               ok   7214330 bytes
[110/163] MALARIA_ACT_REVIEW.html                              ok    466077 bytes
[111/163] MALARIA_VACCINE_REVIEW.html                          ok    465066 bytes
[112/163] MARIBAVIR_CMV_AUTO_FULL_REVIEW.html                  ok    458316 bytes
[113/163] MAVACAMTEN_OHCM_AUTO_FULL_REVIEW.html                FAIL o paper to project. That is a state of the OBJECT, not a build failure
[114/163] MAVACAMTEN_HCM_REVIEW.html                           ok    471617 bytes
[115/163] MAVACAMTEN_OHCM_REVIEW.html                          ok    466354 bytes
[116/163] MDR_TB_SHORTENED_REVIEW.html                         ok    463574 bytes
[117/163] MENACWY_BOOSTER_AUTO_FULL_REVIEW.html                ok    463823 bytes
[118/163] MENACYW_HEALTHY_VOLUNTEERS_AUTO_FULL_REVIEW.html     ok    465554 bytes
[119/163] MEN_ACWY_AUTO_FULL_REVIEW.html                       ok    462357 bytes
[120/163] MEROPENEM_AUTO_FULL_REVIEW.html                      ok    463415 bytes
[121/163] MIPOMERSEN_HOFH_AUTO_FULL_REVIEW.html                ok    463840 bytes
[122/163] MITRAL_FUNCMR_REVIEW.html                            ok    471770 bytes
[123/163] MOXIFLOXACIN_RESPI_AUTO_FULL_REVIEW.html             ok    458050 bytes
[124/163] NETARSUDIL_OCULAR_HYPERTENSION_AUTO_FULL_REVIEW.html ok    802392 bytes
[125/163] OLMESARTAN_HTN_AUTO_FULL_REVIEW.html                 ok    464449 bytes
[126/163] NIRSEVIMAB_INFANT_RSV_REVIEW.html                    ok   1184791 bytes
[127/163] OMECAMTIV_HFREF_AUTO_FULL_REVIEW.html                FAIL o paper to project. That is a state of the OBJECT, not a build failure
[128/163] OMECAMTIV_HF_AUTO_FULL_REVIEW.html                   FAIL o paper to project. That is a state of the OBJECT, not a build failure
[129/163] OMECAMTIV_HEARTFAIL_AUTO_FULL_REVIEW.html            ok    458999 bytes
[130/163] PCSK9_REVIEW.html                                    FAIL o paper to project. That is a state of the OBJECT, not a build failure
[131/163] PCSK9_INHIBITORS_CV_REVIEW.html                      ok   1010405 bytes
[132/163] PCSK9_LIPID_NMA_REVIEW.html                          ok   1010405 bytes
[133/163] PEDIATRIC_HIV_ART_REVIEW.html                        ok    457403 bytes
[134/163] PLAZOMICIN_INFECTION_AUTO_FULL_REVIEW.html           ok    463418 bytes
[135/163] PITAVASTATIN_AUTO_FULL_REVIEW.html                   ok    682770 bytes
[136/163] POSACONAZOLE_FUNGAL_AUTO_FULL_REVIEW.html            ok    463982 bytes
[137/163] RALTEGRAVIR_HIV_AUTO_FULL_REVIEW.html                ok    463418 bytes
[138/163] PREVNAR15_PNEUMO_AUTO_FULL_REVIEW.html               ok   1835800 bytes
[139/163] REMDESIVIR_COVID_AUTO_FULL_REVIEW.html               ok    457503 bytes
[140/163] RIFAPENTINE_TB_AUTO_FULL_REVIEW.html                 ok    463777 bytes
[141/163] RIOCIGUAT_PAH_AUTO_FULL_REVIEW.html                  ok    463635 bytes
[142/163] RIVAROXABAN_ACS_AUTO_FULL_REVIEW.html                ok    471165 bytes
[143/163] RIVAROXABAN_VASC_REVIEW.html                         ok   1096178 bytes
[144/163] ROSUVASTATIN_AUTO_FULL_REVIEW.html                   ok   1163248 bytes
[145/163] ROTAVIRUS_VACCINE_AFRICA_REVIEW.html                 ok   1114453 bytes
[146/163] SACUBITRIL_VALSARTAN_HF_AUTO_FULL_REVIEW.html        FAIL o paper to project. That is a state of the OBJECT, not a build failure
[147/163] ROTAVIRUS_VACCINE_AUTO_FULL_REVIEW.html              ok   1114453 bytes
[148/163] SACUBITRIL_HEARTFAIL_AUTO_FULL_REVIEW.html           ok    458659 bytes
[149/163] SARILUMAB_COVID_AUTO_FULL_REVIEW.html                ok    463314 bytes
[150/163] SELEXIPAG_PAH_AUTO_FULL_REVIEW.html                  ok    457917 bytes
[151/163] SER109_CDI_AUTO_FULL_REVIEW.html                     ok    457867 bytes
[152/163] SGLT2_CKD_REVIEW.html                                ok    821298 bytes
[153/163] SGLT2_MACE_CVOT_REVIEW.html                          ok   1807881 bytes
[154/163] SOTATERCEPT_PAH_AUTO_2.html                          FAIL o paper to project. That is a state of the OBJECT, not a build failure
[155/163] SGLT2_HF_REVIEW.html                                 ok   3834501 bytes
[156/163] SOTATERCEPT_PAH_AUTO_2_FULL_REVIEW.html              ok    463396 bytes
[157/163] SOTAGLIFLOZIN_HF_REVIEW.html                         ok   3651809 bytes
[158/163] SOTATERCEPT_PAH_AUTO_FULL_REVIEW.html                ok    463396 bytes
[159/163] TECOVIRIMAT_MPOX_AUTO_FULL_REVIEW.html               ok    457723 bytes
[160/163] THIAMINE_SEPSIS_AUTO_FULL_REVIEW.html                ok    463539 bytes
[161/163] TIGECYCLINE_INFECTION_AUTO_FULL_REVIEW.html          ok    463698 bytes
[162/163] TIGECYCLINE_CIAI_SSOT.html                           ok   1770444 bytes
[163/163] WARFARIN_AF_AUTO_FULL_REVIEW.html                    ok    463383 bytes

BUILT OK: 148 of 163
FAILED 15:
   ARNI_HF_REVIEW.html                                  ine, not the first. This check runs BEFORE the build, so nothing has been written. To proceed deliberately for this one page: REBUILD_ANYWAY=ARNI_HF_R
   BAMLANIVIMAB_OUTP_AUTO_FULL_REVIEW.html              o paper to project. That is a state of the OBJECT, not a build failure: the review has not been done. Building a page for it would put a stub where a 
   BEZLOTOXUMAB_CDIFF_AUTO_FULL_REVIEW.html             o paper to project. That is a state of the OBJECT, not a build failure: the review has not been done. Building a page for it would put a stub where a 
   CEFTOLOZANE_TAZ_AUTO_FULL_REVIEW.html                o paper to project. That is a state of the OBJECT, not a build failure: the review has not been done. Building a page for it would put a stub where a 
   CVNCOV_SARSCOV2_AUTO_FULL_REVIEW.html                o paper to project. That is a state of the OBJECT, not a build failure: the review has not been done. Building a page for it would put a stub where a 
   DABIGATRAN_VTE_AUTO_FULL_REVIEW.html                 o paper to project. That is a state of the OBJECT, not a build failure: the review has not been done. Building a page for it would put a stub where a 
   ERTAPENEM_INFECT_AUTO_FULL_REVIEW.html               o paper to project. That is a state of the OBJECT, not a build failure: the review has not been done. Building a page for it would put a stub where a 
   LEFAMULIN_CAP_AUTO_FULL_REVIEW.html                  o paper to project. That is a state of the OBJECT, not a build failure: the review has not been done. Building a page for it would put a stub where a 
   LENACAPAVIR_PREP_REVIEW.html                         o paper to project. That is a state of the OBJECT, not a build failure: the review has not been done. Building a page for it would put a stub where a 
   MAVACAMTEN_OHCM_AUTO_FULL_REVIEW.html                o paper to project. That is a state of the OBJECT, not a build failure: the review has not been done. Building a page for it would put a stub where a 
   OMECAMTIV_HFREF_AUTO_FULL_REVIEW.html                o paper to project. That is a state of the OBJECT, not a build failure: the review has not been done. Building a page for it would put a stub where a 
   OMECAMTIV_HF_AUTO_FULL_REVIEW.html                   o paper to project. That is a state of the OBJECT, not a build failure: the review has not been done. Building a page for it would put a stub where a 
   PCSK9_REVIEW.html                                    o paper to project. That is a state of the OBJECT, not a build failure: the review has not been done. Building a page for it would put a stub where a 
   SACUBITRIL_VALSARTAN_HF_AUTO_FULL_REVIEW.html        o paper to project. That is a state of the OBJECT, not a build failure: the review has not been done. Building a page for it would put a stub where a 
   SOTATERCEPT_PAH_AUTO_2.html                          o paper to project. That is a state of the OBJECT, not a build failure: the review has not been done. Building a page for it would put a stub where a 
