[  1/162] ABLATION_AF_HEART_FAILURE_REVIEW.html                FAIL SCRIPT_SHRINK=1. Before you do: ARNI's manuscript is an AUTHORED docmo
[  2/162] ABLATION_AF_REVIEW.html                              FAIL SCRIPT_SHRINK=1. Before you do: ARNI's manuscript is an AUTHORED docmo
[  3/162] ABLATION_AF_MEDICAL_THERAPY_REVIEW.html              FAIL SCRIPT_SHRINK=1. Before you do: ARNI's manuscript is an AUTHORED docmo
[  4/162] ACS_ANTIPLATELET_REVIEW.html                         FAIL SCRIPT_SHRINK=1. Before you do: ARNI's manuscript is an AUTHORED docmo
[  5/162] AGYW_HIV_PREP_REVIEW.html                            FAIL SCRIPT_SHRINK=1. Before you do: ARNI's manuscript is an AUTHORED docmo
[  6/162] AMOXICILLIN_AOM_AUTO_FULL_REVIEW.html                ok    463658 bytes
[  7/162] ANIDULAFUNGIN_CANDIDA_AUTO_FULL_REVIEW.html          ok    463321 bytes
[  8/162] ANIDULAFUNGIN_FUNGAL_AUTO_FULL_REVIEW.html           ok    465846 bytes
[  9/162] APIXABAN_ACS_AUTO_FULL_REVIEW.html                   FAIL SCRIPT_SHRINK=1. Before you do: ARNI's manuscript is an AUTHORED docmo
[ 10/162] APIXABAN_AF_AUTO_FULL_REVIEW.html                    FAIL SCRIPT_SHRINK=1. Before you do: ARNI's manuscript is an AUTHORED docmo
[ 11/162] APIXABAN_VTE_AUTO_FULL_REVIEW.html                   ok    462974 bytes
[ 12/162] APIXABAN_VTE_PROPHYLAXIS_REVIEW.html                 FAIL SCRIPT_SHRINK=1. Before you do: ARNI's manuscript is an AUTHORED docmo
[ 13/162] ARNI_HF_REVIEW.html                                  FAIL ine, not the first. This check runs BEFORE the build, so nothing has b
[ 14/162] APIXABAN_VTE_TREATMENT_REVIEW.html                   FAIL SCRIPT_SHRINK=1. Before you do: ARNI's manuscript is an AUTHORED docmo
[ 15/162] ATTR_CM_REVIEW.html                                  FAIL SCRIPT_SHRINK=1. Before you do: ARNI's manuscript is an AUTHORED docmo
[ 16/162] ALIROCUMAB_LIPID_AUTO_FULL_REVIEW.html               FAIL SCRIPT_SHRINK=1. Before you do: ARNI's manuscript is an AUTHORED docmo
[ 17/162] ATTR_PN_REVIEW.html                                  FAIL SCRIPT_SHRINK=1. Before you do: ARNI's manuscript is an AUTHORED docmo
[ 18/162] AZILSARTAN_CLD_VS_OLM_HCTZ_REVIEW.html               FAIL SCRIPT_SHRINK=1. Before you do: ARNI's manuscript is an AUTHORED docmo
[ 19/162] BAMLANIVIMAB_OUTP_AUTO_FULL_REVIEW.html              FAIL o paper to project. That is a state of the OBJECT, not a build failure
[ 20/162] BAMLANIVIMAB_COVID_AUTO_FULL_REVIEW.html             ok    458532 bytes
[ 21/162] BEZLOTOXUMAB_CDIFF_AUTO_FULL_REVIEW.html             FAIL o paper to project. That is a state of the OBJECT, not a build failure
[ 22/162] AZILSARTAN_HTN_AUTO_FULL_REVIEW.html                 FAIL SCRIPT_SHRINK=1. Before you do: ARNI's manuscript is an AUTHORED docmo
[ 23/162] BEZLOTOXUMAB_CDI_AUTO_FULL_REVIEW.html               ok    464324 bytes
[ 24/162] BEMPEDOIC_ACID_REVIEW.html                           ok   1275022 bytes
[ 25/162] BOCOCIZUMAB_LIPID_AUTO_FULL_REVIEW.html              FAIL SCRIPT_SHRINK=1. Before you do: ARNI's manuscript is an AUTHORED docmo
[ 26/162] BOSENTAN_PAH_AUTO_FULL_REVIEW.html                   ok    463466 bytes
[ 27/162] BOSENTAN_PAH_CHILDREN_REVIEW.html                    ok    477502 bytes
[ 28/162] BOSENTAN_PAH_COMBINATION_REVIEW.html                 ok    479028 bytes
[ 29/162] BOSENTAN_PAH_MONOTHERAPY_REVIEW.html                 ok    479328 bytes
[ 30/162] BOSENTAN_PH_NOT_GROUP1_REVIEW.html                   ok    484372 bytes
[ 31/162] CAB_PREP_HIV_REVIEW.html                             FAIL SCRIPT_SHRINK=1. Before you do: ARNI's manuscript is an AUTHORED docmo
[ 32/162] CASIRIVIMAB_COVID_AUTO_FULL_REVIEW.html              ok    458177 bytes
[ 33/162] CANGRELOR_PCI_REVIEW.html                            FAIL SCRIPT_SHRINK=1. Before you do: ARNI's manuscript is an AUTHORED docmo
[ 34/162] CASPOFUNGIN_FUNGAL_AUTO_FULL_REVIEW.html             ok    462250 bytes
[ 35/162] CEFEPIME_TAZ_AUTO_FULL_REVIEW.html                   ok    462974 bytes
[ 36/162] CEFTAROLINE_AUTO_FULL_REVIEW.html                    FAIL SCRIPT_SHRINK=1. Before you do: ARNI's manuscript is an AUTHORED docmo
[ 37/162] CEFTOLOZANE_TAZ_AUTO_FULL_REVIEW.html                FAIL o paper to project. That is a state of the OBJECT, not a build failure
[ 38/162] CEFTAZIDIME_AVIBACTAM_AUTO_FULL_REVIEW.html          ok    463688 bytes
[ 39/162] CEFTOLOZANE_INFECTION_AUTO_FULL_REVIEW.html          ok    463305 bytes
[ 40/162] COLCHICINE_CVD_REVIEW.html                           FAIL SCRIPT_SHRINK=1. Before you do: ARNI's manuscript is an AUTHORED docmo
[ 41/162] COLCHICINE_CVD_CORONARY_REVIEW.html                  FAIL SCRIPT_SHRINK=1. Before you do: ARNI's manuscript is an AUTHORED docmo
[ 42/162] COLCHICINE_ICH_REVIEW.html                           ok    462419 bytes
[ 43/162] COLCHICINE_MIXED_ASCVD_REVIEW.html                   ok    460883 bytes
[ 44/162] COLCHICINE_PAD_REVIEW.html                           ok    460905 bytes
[ 45/162] COLCHICINE_PERICARDITIS_REVIEW.html                  ok    461834 bytes
[ 46/162] COLCHICINE_PERIPROCEDURAL_REVIEW.html                ok    470309 bytes
[ 47/162] COLCHICINE_STROKE_REVIEW.html                        ok    469732 bytes
[ 48/162] COVID19_VACCINES_REVIEW.html                         FAIL SCRIPT_SHRINK=1. Before you do: ARNI's manuscript is an AUTHORED docmo
[ 49/162] COVID_ORAL_ANTIVIRALS_REVIEW.html                    ok    463509 bytes
[ 50/162] CRYPTOCOCCAL_MENINGITIS_AFRICA_REVIEW.html           ok    457718 bytes
[ 51/162] CVNCOV_COVID19_AUTO_FULL_REVIEW.html                 ok    464047 bytes
[ 52/162] CVNCOV_SARSCOV2_AUTO_FULL_REVIEW.html                FAIL o paper to project. That is a state of the OBJECT, not a build failure
[ 53/162] DABIGATRAN_VTE_AUTO_FULL_REVIEW.html                 FAIL o paper to project. That is a state of the OBJECT, not a build failure
[ 54/162] DABIGATRAN_AF_AUTO_FULL_REVIEW.html                  ok    458158 bytes
[ 55/162] DABIGATRAN_STROKE_AUTO_FULL_REVIEW.html              ok    463609 bytes
[ 56/162] DABIGATRAN_VTE_CEREBRAL_REVIEW.html                  FAIL SCRIPT_SHRINK=1. Before you do: ARNI's manuscript is an AUTHORED docmo
[ 57/162] DABIGATRAN_VTE_EXTENDED_REVIEW.html                  FAIL SCRIPT_SHRINK=1. Before you do: ARNI's manuscript is an AUTHORED docmo
[ 58/162] DABIGATRAN_VTE_SURGICAL_REVIEW.html                  FAIL SCRIPT_SHRINK=1. Before you do: ARNI's manuscript is an AUTHORED docmo
[ 59/162] DABIGATRAN_VTE_TREATMENT_REVIEW.html                 FAIL SCRIPT_SHRINK=1. Before you do: ARNI's manuscript is an AUTHORED docmo
[ 60/162] DELAMANID_TB_AUTO_FULL_REVIEW.html                   ok    463151 bytes
[ 61/162] DOAC_AF_NMA_REVIEW.html                              FAIL SCRIPT_SHRINK=1. Before you do: ARNI's manuscript is an AUTHORED docmo
[ 62/162] DOAC_AF_REVIEW.html                                  FAIL SCRIPT_SHRINK=1. Before you do: ARNI's manuscript is an AUTHORED docmo
[ 63/162] DOAC_CANCER_VTE_REVIEW.html                          FAIL SCRIPT_SHRINK=1. Before you do: ARNI's manuscript is an AUTHORED docmo
[ 64/162] DORAVIRINE_HIV_AUTO_FULL_REVIEW.html                 ok    463981 bytes
[ 65/162] DORAVIRINE_HIV_REVIEW.html                           ok    463981 bytes
[ 66/162] DORIPENEM_AUTO_FULL_REVIEW.html                      ok    462900 bytes
[ 67/162] DROTRECOGIN_SEPSIS_AUTO_FULL_REVIEW.html             ok    463376 bytes
[ 68/162] EARLY_RHYTHM_CONTROL_AF_REVIEW.html                  ok    595660 bytes
[ 69/162] EDOXABAN_CANCER_VTE_AUTO_FULL_REVIEW.html            ok    462763 bytes
[ 70/162] EDOXABAN_VTE_AUTO_FULL_REVIEW.html                   ok    462763 bytes
[ 71/162] EMTRICITABINE_HIV_AUTO_FULL_REVIEW.html              ok    462262 bytes
[ 72/162] EMPAGLIFLOZIN_HF_AUTO_FULL_REVIEW.html               FAIL SCRIPT_SHRINK=1. Before you do: ARNI's manuscript is an AUTHORED docmo
[ 73/162] ENOXAPARIN_VTE_AUTO_FULL_REVIEW.html                 ok    463459 bytes
[ 74/162] ERTAPENEM_INFECT_AUTO_FULL_REVIEW.html               FAIL o paper to project. That is a state of the OBJECT, not a build failure
[ 75/162] ERAVACYCLINE_INFECTION_AUTO_FULL_REVIEW.html         ok    467717 bytes
[ 76/162] ERTAPENEM_AUTO_FULL_REVIEW.html                      ok    462873 bytes
[ 77/162] ETESEVIMAB_COVID_AUTO_FULL_REVIEW.html               ok    462259 bytes
[ 78/162] ETRIPAMIL_PAROXYSMAL_SUPRAVENTRICU_AUTO_FULL_REVIEW.html ok    463969 bytes
[ 79/162] EVINACUMAB_HOFH_AUTO_FULL_REVIEW.html                ok    458049 bytes
[ 80/162] EVOLOCUMAB_ASCVD_AUTO_2.html                         ok    463258 bytes
[ 81/162] EVOLOCUMAB_ASCVD_AUTO_2_FULL_REVIEW.html             FAIL SCRIPT_SHRINK=1. Before you do: ARNI's manuscript is an AUTHORED docmo
[ 82/162] EVOLOCUMAB_DYSLIPIDEMIA_AUTO_FULL_REVIEW.html        FAIL SCRIPT_SHRINK=1. Before you do: ARNI's manuscript is an AUTHORED docmo
[ 83/162] EVOLOCUMAB_MIXED_DYSLIPIDEMIA_AUTO_FULL_REVIEW.html  FAIL SCRIPT_SHRINK=1. Before you do: ARNI's manuscript is an AUTHORED docmo
[ 84/162] FIDAXOMICIN_CDIFF_AUTO_FULL_REVIEW.html              ok    463768 bytes
[ 85/162] FCM_HF_REVIEW.html                                   FAIL SCRIPT_SHRINK=1. Before you do: ARNI's manuscript is an AUTHORED docmo
[ 86/162] FIDAXOMICIN_CDI_AUTO_FULL_REVIEW.html                ok    463207 bytes
[ 87/162] FINERENONE_CV_REVIEW.html                            FAIL SCRIPT_SHRINK=1. Before you do: ARNI's manuscript is an AUTHORED docmo
[ 88/162] FONDAPARINUX_AUTO_FULL_REVIEW.html                   ok    457897 bytes
[ 89/162] FINERENONE_REVIEW.html                               FAIL SCRIPT_SHRINK=1. Before you do: ARNI's manuscript is an AUTHORED docmo
[ 90/162] FONDAPARINUX_VTE_AUTO_FULL_REVIEW.html               ok    457897 bytes
[ 91/162] HEPATITIS_B_TAF_TDF_REVIEW.html                      FAIL SCRIPT_SHRINK=1. Before you do: ARNI's manuscript is an AUTHORED docmo
[ 92/162] GEPOTIDACIN_URINARY_TRACT_AUTO_FULL_REVIEW.html      FAIL SCRIPT_SHRINK=1. Before you do: ARNI's manuscript is an AUTHORED docmo
[ 93/162] HIV_LA_PREP_REVIEW.html                              ok    465665 bytes
[ 94/162] HIV_PREP_INJECTABLE_REVIEW.html                      ok    465665 bytes
[ 95/162] ICOSAPENT_LIPID_AUTO_FULL_REVIEW.html                FAIL SCRIPT_SHRINK=1. Before you do: ARNI's manuscript is an AUTHORED docmo
[ 96/162] INCLISIRAN_HOFH_AUTO_FULL_REVIEW.html                ok    458072 bytes
[ 97/162] INFLUENZA_RECOMBINANT_AUTO_FULL_REVIEW.html          ok    464085 bytes
[ 98/162] INCRETIN_HFpEF_REVIEW.html                           FAIL SCRIPT_SHRINK=1. Before you do: ARNI's manuscript is an AUTHORED docmo
[ 99/162] IVERMECTIN_LF_AUTO_FULL_REVIEW.html                  ok    462690 bytes
[100/162] INCLISIRAN_LIPID_KIDNEY_AUTO_FULL_REVIEW.html        FAIL SCRIPT_SHRINK=1. Before you do: ARNI's manuscript is an AUTHORED docmo
[101/162] INTENSIVE_BP_REVIEW.html                             ok    735417 bytes
[102/162] LEFAMULIN_CAP_AUTO_FULL_REVIEW.html                  FAIL o paper to project. That is a state of the OBJECT, not a build failure
[103/162] LENACAPAVIR_HIV_AUTO_FULL_REVIEW.html                ok    463706 bytes
[104/162] LENACAPAVIR_PREP_REVIEW.html                         FAIL o paper to project. That is a state of the OBJECT, not a build failure
[105/162] LEFAMULIN_CABP_AUTO_FULL_REVIEW.html                 FAIL SCRIPT_SHRINK=1. Before you do: ARNI's manuscript is an AUTHORED docmo
[106/162] LINEZOLID_MRSA_AUTO_FULL_REVIEW.html                 ok    464021 bytes
[107/162] MALARIA_ACT_REVIEW.html                              ok    465994 bytes
[108/162] MALARIA_VACCINE_REVIEW.html                          ok    465025 bytes
[109/162] MARIBAVIR_CMV_AUTO_FULL_REVIEW.html                  ok    458270 bytes
[110/162] MAVACAMTEN_HCM_REVIEW.html                           FAIL SCRIPT_SHRINK=1. Before you do: ARNI's manuscript is an AUTHORED docmo
[111/162] MAVACAMTEN_OHCM_AUTO_FULL_REVIEW.html                FAIL o paper to project. That is a state of the OBJECT, not a build failure
[112/162] MAVACAMTEN_OHCM_REVIEW.html                          ok    466126 bytes
[113/162] MDR_TB_SHORTENED_REVIEW.html                         ok    463533 bytes
[114/162] MENACWY_BOOSTER_AUTO_FULL_REVIEW.html                ok    463796 bytes
[115/162] MENACYW_HEALTHY_VOLUNTEERS_AUTO_FULL_REVIEW.html     ok    465457 bytes
[116/162] MEN_ACWY_AUTO_FULL_REVIEW.html                       ok    462235 bytes
[117/162] MEROPENEM_AUTO_FULL_REVIEW.html                      ok    463290 bytes
[118/162] MIPOMERSEN_HOFH_AUTO_FULL_REVIEW.html                ok    463799 bytes
[119/162] MITRAL_FUNCMR_REVIEW.html                            FAIL SCRIPT_SHRINK=1. Before you do: ARNI's manuscript is an AUTHORED docmo
[120/162] MOXIFLOXACIN_RESPI_AUTO_FULL_REVIEW.html             ok    458004 bytes
[121/162] LENACAPAVIR_PREP_SSOT.html                           FAIL SCRIPT_SHRINK=1. Before you do: ARNI's manuscript is an AUTHORED docmo
[122/162] NETARSUDIL_OCULAR_HYPERTENSION_AUTO_FULL_REVIEW.html FAIL SCRIPT_SHRINK=1. Before you do: ARNI's manuscript is an AUTHORED docmo
[123/162] OLMESARTAN_HTN_AUTO_FULL_REVIEW.html                 ok    464408 bytes
[124/162] OMECAMTIV_HEARTFAIL_AUTO_FULL_REVIEW.html            ok    458953 bytes
[125/162] OMECAMTIV_HFREF_AUTO_FULL_REVIEW.html                FAIL o paper to project. That is a state of the OBJECT, not a build failure
[126/162] OMECAMTIV_HF_AUTO_FULL_REVIEW.html                   FAIL o paper to project. That is a state of the OBJECT, not a build failure
[127/162] NIRSEVIMAB_INFANT_RSV_REVIEW.html                    FAIL SCRIPT_SHRINK=1. Before you do: ARNI's manuscript is an AUTHORED docmo
[128/162] PCSK9_INHIBITORS_CV_REVIEW.html                      FAIL SCRIPT_SHRINK=1. Before you do: ARNI's manuscript is an AUTHORED docmo
[129/162] PCSK9_REVIEW.html                                    FAIL o paper to project. That is a state of the OBJECT, not a build failure
[130/162] PCSK9_LIPID_NMA_REVIEW.html                          FAIL SCRIPT_SHRINK=1. Before you do: ARNI's manuscript is an AUTHORED docmo
[131/162] PEDIATRIC_HIV_ART_REVIEW.html                        ok    457249 bytes
[132/162] PLAZOMICIN_INFECTION_AUTO_FULL_REVIEW.html           ok    463248 bytes
[133/162] POSACONAZOLE_FUNGAL_AUTO_FULL_REVIEW.html            ok    463955 bytes
[134/162] PREVNAR15_PNEUMO_AUTO_FULL_REVIEW.html               ok   1835019 bytes
[135/162] RALTEGRAVIR_HIV_AUTO_FULL_REVIEW.html                ok    463377 bytes
[136/162] REMDESIVIR_COVID_AUTO_FULL_REVIEW.html               ok    457457 bytes
[137/162] RIFAPENTINE_TB_AUTO_FULL_REVIEW.html                 ok    463750 bytes
[138/162] RIOCIGUAT_PAH_AUTO_FULL_REVIEW.html                  ok    463594 bytes
[139/162] RIVAROXABAN_ACS_AUTO_FULL_REVIEW.html                ok    470927 bytes
[140/162] PITAVASTATIN_AUTO_FULL_REVIEW.html                   FAIL SCRIPT_SHRINK=1. Before you do: ARNI's manuscript is an AUTHORED docmo
[141/162] RIVAROXABAN_VASC_REVIEW.html                         FAIL SCRIPT_SHRINK=1. Before you do: ARNI's manuscript is an AUTHORED docmo
[142/162] ROSUVASTATIN_AUTO_FULL_REVIEW.html                   FAIL SCRIPT_SHRINK=1. Before you do: ARNI's manuscript is an AUTHORED docmo
[143/162] IV_IRON_HF_REVIEW.html                               FAIL SCRIPT_SHRINK=1. Before you do: ARNI's manuscript is an AUTHORED docmo
[144/162] SACUBITRIL_HEARTFAIL_AUTO_FULL_REVIEW.html           ok    458613 bytes
[145/162] SACUBITRIL_VALSARTAN_HF_AUTO_FULL_REVIEW.html        FAIL o paper to project. That is a state of the OBJECT, not a build failure
[146/162] SARILUMAB_COVID_AUTO_FULL_REVIEW.html                ok    463273 bytes
[147/162] SELEXIPAG_PAH_AUTO_FULL_REVIEW.html                  ok    457871 bytes
[148/162] SER109_CDI_AUTO_FULL_REVIEW.html                     ok    457821 bytes
[149/162] ROTAVIRUS_VACCINE_AUTO_FULL_REVIEW.html              FAIL SCRIPT_SHRINK=1. Before you do: ARNI's manuscript is an AUTHORED docmo
[150/162] ROTAVIRUS_VACCINE_AFRICA_REVIEW.html                 FAIL SCRIPT_SHRINK=1. Before you do: ARNI's manuscript is an AUTHORED docmo
[151/162] SGLT2_CKD_REVIEW.html                                FAIL SCRIPT_SHRINK=1. Before you do: ARNI's manuscript is an AUTHORED docmo
[152/162] SGLT2_MACE_CVOT_REVIEW.html                          FAIL SCRIPT_SHRINK=1. Before you do: ARNI's manuscript is an AUTHORED docmo
[153/162] SOTATERCEPT_PAH_AUTO_2.html                          FAIL o paper to project. That is a state of the OBJECT, not a build failure
[154/162] SOTATERCEPT_PAH_AUTO_2_FULL_REVIEW.html              ok    463355 bytes
[155/162] SOTATERCEPT_PAH_AUTO_FULL_REVIEW.html                ok    463355 bytes
[156/162] TECOVIRIMAT_MPOX_AUTO_FULL_REVIEW.html               ok    457677 bytes
[157/162] THIAMINE_SEPSIS_AUTO_FULL_REVIEW.html                ok    463512 bytes
[158/162] TIGECYCLINE_CIAI_SSOT.html                           FAIL SCRIPT_SHRINK=1. Before you do: ARNI's manuscript is an AUTHORED docmo
[159/162] TIGECYCLINE_INFECTION_AUTO_FULL_REVIEW.html          ok    463638 bytes
[160/162] WARFARIN_AF_AUTO_FULL_REVIEW.html                    ok    463342 bytes
[161/162] SGLT2_HF_REVIEW.html                                 FAIL SCRIPT_SHRINK=1. Before you do: ARNI's manuscript is an AUTHORED docmo
[162/162] SOTAGLIFLOZIN_HF_REVIEW.html                         FAIL SCRIPT_SHRINK=1. Before you do: ARNI's manuscript is an AUTHORED docmo

BUILT OK: 88 of 162
FAILED 74:
   ABLATION_AF_HEART_FAILURE_REVIEW.html                SCRIPT_SHRINK=1. Before you do: ARNI's manuscript is an AUTHORED docmodel at ssot/<topic>/manuscript_docmodel.json, and the projector does not reprodu
   ABLATION_AF_REVIEW.html                              SCRIPT_SHRINK=1. Before you do: ARNI's manuscript is an AUTHORED docmodel at ssot/<topic>/manuscript_docmodel.json, and the projector does not reprodu
   ABLATION_AF_MEDICAL_THERAPY_REVIEW.html              SCRIPT_SHRINK=1. Before you do: ARNI's manuscript is an AUTHORED docmodel at ssot/<topic>/manuscript_docmodel.json, and the projector does not reprodu
   ACS_ANTIPLATELET_REVIEW.html                         SCRIPT_SHRINK=1. Before you do: ARNI's manuscript is an AUTHORED docmodel at ssot/<topic>/manuscript_docmodel.json, and the projector does not reprodu
   AGYW_HIV_PREP_REVIEW.html                            SCRIPT_SHRINK=1. Before you do: ARNI's manuscript is an AUTHORED docmodel at ssot/<topic>/manuscript_docmodel.json, and the projector does not reprodu
   APIXABAN_ACS_AUTO_FULL_REVIEW.html                   SCRIPT_SHRINK=1. Before you do: ARNI's manuscript is an AUTHORED docmodel at ssot/<topic>/manuscript_docmodel.json, and the projector does not reprodu
   APIXABAN_AF_AUTO_FULL_REVIEW.html                    SCRIPT_SHRINK=1. Before you do: ARNI's manuscript is an AUTHORED docmodel at ssot/<topic>/manuscript_docmodel.json, and the projector does not reprodu
   APIXABAN_VTE_PROPHYLAXIS_REVIEW.html                 SCRIPT_SHRINK=1. Before you do: ARNI's manuscript is an AUTHORED docmodel at ssot/<topic>/manuscript_docmodel.json, and the projector does not reprodu
   ARNI_HF_REVIEW.html                                  ine, not the first. This check runs BEFORE the build, so nothing has been written. To proceed deliberately for this one page: REBUILD_ANYWAY=ARNI_HF_R
   APIXABAN_VTE_TREATMENT_REVIEW.html                   SCRIPT_SHRINK=1. Before you do: ARNI's manuscript is an AUTHORED docmodel at ssot/<topic>/manuscript_docmodel.json, and the projector does not reprodu
   ATTR_CM_REVIEW.html                                  SCRIPT_SHRINK=1. Before you do: ARNI's manuscript is an AUTHORED docmodel at ssot/<topic>/manuscript_docmodel.json, and the projector does not reprodu
   ALIROCUMAB_LIPID_AUTO_FULL_REVIEW.html               SCRIPT_SHRINK=1. Before you do: ARNI's manuscript is an AUTHORED docmodel at ssot/<topic>/manuscript_docmodel.json, and the projector does not reprodu
   ATTR_PN_REVIEW.html                                  SCRIPT_SHRINK=1. Before you do: ARNI's manuscript is an AUTHORED docmodel at ssot/<topic>/manuscript_docmodel.json, and the projector does not reprodu
   AZILSARTAN_CLD_VS_OLM_HCTZ_REVIEW.html               SCRIPT_SHRINK=1. Before you do: ARNI's manuscript is an AUTHORED docmodel at ssot/<topic>/manuscript_docmodel.json, and the projector does not reprodu
   BAMLANIVIMAB_OUTP_AUTO_FULL_REVIEW.html              o paper to project. That is a state of the OBJECT, not a build failure: the review has not been done. Building a page for it would put a stub where a 
   BEZLOTOXUMAB_CDIFF_AUTO_FULL_REVIEW.html             o paper to project. That is a state of the OBJECT, not a build failure: the review has not been done. Building a page for it would put a stub where a 
   AZILSARTAN_HTN_AUTO_FULL_REVIEW.html                 SCRIPT_SHRINK=1. Before you do: ARNI's manuscript is an AUTHORED docmodel at ssot/<topic>/manuscript_docmodel.json, and the projector does not reprodu
   BOCOCIZUMAB_LIPID_AUTO_FULL_REVIEW.html              SCRIPT_SHRINK=1. Before you do: ARNI's manuscript is an AUTHORED docmodel at ssot/<topic>/manuscript_docmodel.json, and the projector does not reprodu
   CAB_PREP_HIV_REVIEW.html                             SCRIPT_SHRINK=1. Before you do: ARNI's manuscript is an AUTHORED docmodel at ssot/<topic>/manuscript_docmodel.json, and the projector does not reprodu
   CANGRELOR_PCI_REVIEW.html                            SCRIPT_SHRINK=1. Before you do: ARNI's manuscript is an AUTHORED docmodel at ssot/<topic>/manuscript_docmodel.json, and the projector does not reprodu
   CEFTAROLINE_AUTO_FULL_REVIEW.html                    SCRIPT_SHRINK=1. Before you do: ARNI's manuscript is an AUTHORED docmodel at ssot/<topic>/manuscript_docmodel.json, and the projector does not reprodu
   CEFTOLOZANE_TAZ_AUTO_FULL_REVIEW.html                o paper to project. That is a state of the OBJECT, not a build failure: the review has not been done. Building a page for it would put a stub where a 
   COLCHICINE_CVD_REVIEW.html                           SCRIPT_SHRINK=1. Before you do: ARNI's manuscript is an AUTHORED docmodel at ssot/<topic>/manuscript_docmodel.json, and the projector does not reprodu
   COLCHICINE_CVD_CORONARY_REVIEW.html                  SCRIPT_SHRINK=1. Before you do: ARNI's manuscript is an AUTHORED docmodel at ssot/<topic>/manuscript_docmodel.json, and the projector does not reprodu
   COVID19_VACCINES_REVIEW.html                         SCRIPT_SHRINK=1. Before you do: ARNI's manuscript is an AUTHORED docmodel at ssot/<topic>/manuscript_docmodel.json, and the projector does not reprodu
   CVNCOV_SARSCOV2_AUTO_FULL_REVIEW.html                o paper to project. That is a state of the OBJECT, not a build failure: the review has not been done. Building a page for it would put a stub where a 
   DABIGATRAN_VTE_AUTO_FULL_REVIEW.html                 o paper to project. That is a state of the OBJECT, not a build failure: the review has not been done. Building a page for it would put a stub where a 
   DABIGATRAN_VTE_CEREBRAL_REVIEW.html                  SCRIPT_SHRINK=1. Before you do: ARNI's manuscript is an AUTHORED docmodel at ssot/<topic>/manuscript_docmodel.json, and the projector does not reprodu
   DABIGATRAN_VTE_EXTENDED_REVIEW.html                  SCRIPT_SHRINK=1. Before you do: ARNI's manuscript is an AUTHORED docmodel at ssot/<topic>/manuscript_docmodel.json, and the projector does not reprodu
   DABIGATRAN_VTE_SURGICAL_REVIEW.html                  SCRIPT_SHRINK=1. Before you do: ARNI's manuscript is an AUTHORED docmodel at ssot/<topic>/manuscript_docmodel.json, and the projector does not reprodu
   DABIGATRAN_VTE_TREATMENT_REVIEW.html                 SCRIPT_SHRINK=1. Before you do: ARNI's manuscript is an AUTHORED docmodel at ssot/<topic>/manuscript_docmodel.json, and the projector does not reprodu
   DOAC_AF_NMA_REVIEW.html                              SCRIPT_SHRINK=1. Before you do: ARNI's manuscript is an AUTHORED docmodel at ssot/<topic>/manuscript_docmodel.json, and the projector does not reprodu
   DOAC_AF_REVIEW.html                                  SCRIPT_SHRINK=1. Before you do: ARNI's manuscript is an AUTHORED docmodel at ssot/<topic>/manuscript_docmodel.json, and the projector does not reprodu
   DOAC_CANCER_VTE_REVIEW.html                          SCRIPT_SHRINK=1. Before you do: ARNI's manuscript is an AUTHORED docmodel at ssot/<topic>/manuscript_docmodel.json, and the projector does not reprodu
   EMPAGLIFLOZIN_HF_AUTO_FULL_REVIEW.html               SCRIPT_SHRINK=1. Before you do: ARNI's manuscript is an AUTHORED docmodel at ssot/<topic>/manuscript_docmodel.json, and the projector does not reprodu
   ERTAPENEM_INFECT_AUTO_FULL_REVIEW.html               o paper to project. That is a state of the OBJECT, not a build failure: the review has not been done. Building a page for it would put a stub where a 
   EVOLOCUMAB_ASCVD_AUTO_2_FULL_REVIEW.html             SCRIPT_SHRINK=1. Before you do: ARNI's manuscript is an AUTHORED docmodel at ssot/<topic>/manuscript_docmodel.json, and the projector does not reprodu
   EVOLOCUMAB_DYSLIPIDEMIA_AUTO_FULL_REVIEW.html        SCRIPT_SHRINK=1. Before you do: ARNI's manuscript is an AUTHORED docmodel at ssot/<topic>/manuscript_docmodel.json, and the projector does not reprodu
   EVOLOCUMAB_MIXED_DYSLIPIDEMIA_AUTO_FULL_REVIEW.html  SCRIPT_SHRINK=1. Before you do: ARNI's manuscript is an AUTHORED docmodel at ssot/<topic>/manuscript_docmodel.json, and the projector does not reprodu
   FCM_HF_REVIEW.html                                   SCRIPT_SHRINK=1. Before you do: ARNI's manuscript is an AUTHORED docmodel at ssot/<topic>/manuscript_docmodel.json, and the projector does not reprodu
   FINERENONE_CV_REVIEW.html                            SCRIPT_SHRINK=1. Before you do: ARNI's manuscript is an AUTHORED docmodel at ssot/<topic>/manuscript_docmodel.json, and the projector does not reprodu
   FINERENONE_REVIEW.html                               SCRIPT_SHRINK=1. Before you do: ARNI's manuscript is an AUTHORED docmodel at ssot/<topic>/manuscript_docmodel.json, and the projector does not reprodu
   HEPATITIS_B_TAF_TDF_REVIEW.html                      SCRIPT_SHRINK=1. Before you do: ARNI's manuscript is an AUTHORED docmodel at ssot/<topic>/manuscript_docmodel.json, and the projector does not reprodu
   GEPOTIDACIN_URINARY_TRACT_AUTO_FULL_REVIEW.html      SCRIPT_SHRINK=1. Before you do: ARNI's manuscript is an AUTHORED docmodel at ssot/<topic>/manuscript_docmodel.json, and the projector does not reprodu
   ICOSAPENT_LIPID_AUTO_FULL_REVIEW.html                SCRIPT_SHRINK=1. Before you do: ARNI's manuscript is an AUTHORED docmodel at ssot/<topic>/manuscript_docmodel.json, and the projector does not reprodu
   INCRETIN_HFpEF_REVIEW.html                           SCRIPT_SHRINK=1. Before you do: ARNI's manuscript is an AUTHORED docmodel at ssot/<topic>/manuscript_docmodel.json, and the projector does not reprodu
   INCLISIRAN_LIPID_KIDNEY_AUTO_FULL_REVIEW.html        SCRIPT_SHRINK=1. Before you do: ARNI's manuscript is an AUTHORED docmodel at ssot/<topic>/manuscript_docmodel.json, and the projector does not reprodu
   LEFAMULIN_CAP_AUTO_FULL_REVIEW.html                  o paper to project. That is a state of the OBJECT, not a build failure: the review has not been done. Building a page for it would put a stub where a 
   LENACAPAVIR_PREP_REVIEW.html                         o paper to project. That is a state of the OBJECT, not a build failure: the review has not been done. Building a page for it would put a stub where a 
   LEFAMULIN_CABP_AUTO_FULL_REVIEW.html                 SCRIPT_SHRINK=1. Before you do: ARNI's manuscript is an AUTHORED docmodel at ssot/<topic>/manuscript_docmodel.json, and the projector does not reprodu
   MAVACAMTEN_HCM_REVIEW.html                           SCRIPT_SHRINK=1. Before you do: ARNI's manuscript is an AUTHORED docmodel at ssot/<topic>/manuscript_docmodel.json, and the projector does not reprodu
   MAVACAMTEN_OHCM_AUTO_FULL_REVIEW.html                o paper to project. That is a state of the OBJECT, not a build failure: the review has not been done. Building a page for it would put a stub where a 
   MITRAL_FUNCMR_REVIEW.html                            SCRIPT_SHRINK=1. Before you do: ARNI's manuscript is an AUTHORED docmodel at ssot/<topic>/manuscript_docmodel.json, and the projector does not reprodu
   LENACAPAVIR_PREP_SSOT.html                           SCRIPT_SHRINK=1. Before you do: ARNI's manuscript is an AUTHORED docmodel at ssot/<topic>/manuscript_docmodel.json, and the projector does not reprodu
   NETARSUDIL_OCULAR_HYPERTENSION_AUTO_FULL_REVIEW.html SCRIPT_SHRINK=1. Before you do: ARNI's manuscript is an AUTHORED docmodel at ssot/<topic>/manuscript_docmodel.json, and the projector does not reprodu
   OMECAMTIV_HFREF_AUTO_FULL_REVIEW.html                o paper to project. That is a state of the OBJECT, not a build failure: the review has not been done. Building a page for it would put a stub where a 
   OMECAMTIV_HF_AUTO_FULL_REVIEW.html                   o paper to project. That is a state of the OBJECT, not a build failure: the review has not been done. Building a page for it would put a stub where a 
   NIRSEVIMAB_INFANT_RSV_REVIEW.html                    SCRIPT_SHRINK=1. Before you do: ARNI's manuscript is an AUTHORED docmodel at ssot/<topic>/manuscript_docmodel.json, and the projector does not reprodu
   PCSK9_INHIBITORS_CV_REVIEW.html                      SCRIPT_SHRINK=1. Before you do: ARNI's manuscript is an AUTHORED docmodel at ssot/<topic>/manuscript_docmodel.json, and the projector does not reprodu
   PCSK9_REVIEW.html                                    o paper to project. That is a state of the OBJECT, not a build failure: the review has not been done. Building a page for it would put a stub where a 
   PCSK9_LIPID_NMA_REVIEW.html                          SCRIPT_SHRINK=1. Before you do: ARNI's manuscript is an AUTHORED docmodel at ssot/<topic>/manuscript_docmodel.json, and the projector does not reprodu
   PITAVASTATIN_AUTO_FULL_REVIEW.html                   SCRIPT_SHRINK=1. Before you do: ARNI's manuscript is an AUTHORED docmodel at ssot/<topic>/manuscript_docmodel.json, and the projector does not reprodu
   RIVAROXABAN_VASC_REVIEW.html                         SCRIPT_SHRINK=1. Before you do: ARNI's manuscript is an AUTHORED docmodel at ssot/<topic>/manuscript_docmodel.json, and the projector does not reprodu
   ROSUVASTATIN_AUTO_FULL_REVIEW.html                   SCRIPT_SHRINK=1. Before you do: ARNI's manuscript is an AUTHORED docmodel at ssot/<topic>/manuscript_docmodel.json, and the projector does not reprodu
   IV_IRON_HF_REVIEW.html                               SCRIPT_SHRINK=1. Before you do: ARNI's manuscript is an AUTHORED docmodel at ssot/<topic>/manuscript_docmodel.json, and the projector does not reprodu
   SACUBITRIL_VALSARTAN_HF_AUTO_FULL_REVIEW.html        o paper to project. That is a state of the OBJECT, not a build failure: the review has not been done. Building a page for it would put a stub where a 
   ROTAVIRUS_VACCINE_AUTO_FULL_REVIEW.html              SCRIPT_SHRINK=1. Before you do: ARNI's manuscript is an AUTHORED docmodel at ssot/<topic>/manuscript_docmodel.json, and the projector does not reprodu
   ROTAVIRUS_VACCINE_AFRICA_REVIEW.html                 SCRIPT_SHRINK=1. Before you do: ARNI's manuscript is an AUTHORED docmodel at ssot/<topic>/manuscript_docmodel.json, and the projector does not reprodu
   SGLT2_CKD_REVIEW.html                                SCRIPT_SHRINK=1. Before you do: ARNI's manuscript is an AUTHORED docmodel at ssot/<topic>/manuscript_docmodel.json, and the projector does not reprodu
   SGLT2_MACE_CVOT_REVIEW.html                          SCRIPT_SHRINK=1. Before you do: ARNI's manuscript is an AUTHORED docmodel at ssot/<topic>/manuscript_docmodel.json, and the projector does not reprodu
   SOTATERCEPT_PAH_AUTO_2.html                          o paper to project. That is a state of the OBJECT, not a build failure: the review has not been done. Building a page for it would put a stub where a 
   TIGECYCLINE_CIAI_SSOT.html                           SCRIPT_SHRINK=1. Before you do: ARNI's manuscript is an AUTHORED docmodel at ssot/<topic>/manuscript_docmodel.json, and the projector does not reprodu
   SGLT2_HF_REVIEW.html                                 SCRIPT_SHRINK=1. Before you do: ARNI's manuscript is an AUTHORED docmodel at ssot/<topic>/manuscript_docmodel.json, and the projector does not reprodu
   SOTAGLIFLOZIN_HF_REVIEW.html                         SCRIPT_SHRINK=1. Before you do: ARNI's manuscript is an AUTHORED docmodel at ssot/<topic>/manuscript_docmodel.json, and the projector does not reprodu
