CONTROL NCT03914728 -> found=False (hand-confirmed NOT to resolve)

LEGACY SET: 745 pages, 2361 distinct NCT identifiers cited, 129 pages carrying a bare unverified count
pages carrying BOTH a bare count and named ids: 128 -- the distinction is weaker than claimed

querying 2360 identifier(s) not already cached (1 cached)
   25/2360 queried
   50/2360 queried
   75/2360 queried
   100/2360 queried
   125/2360 queried
   150/2360 queried
   175/2360 queried
   200/2360 queried
   225/2360 queried
   250/2360 queried
   275/2360 queried
   300/2360 queried
   325/2360 queried
   350/2360 queried
   375/2360 queried
   400/2360 queried
   425/2360 queried
   450/2360 queried
   475/2360 queried
   500/2360 queried
   525/2360 queried
   550/2360 queried
   575/2360 queried
   600/2360 queried
   625/2360 queried
   650/2360 queried
   675/2360 queried
   700/2360 queried
   725/2360 queried
   750/2360 queried
   775/2360 queried
   800/2360 queried
   825/2360 queried
   850/2360 queried
   875/2360 queried
   900/2360 queried
   925/2360 queried
   950/2360 queried
   975/2360 queried
   1000/2360 queried
   1025/2360 queried
   1050/2360 queried
   1075/2360 queried
   1100/2360 queried
   1125/2360 queried
   1150/2360 queried
   1175/2360 queried
   1200/2360 queried
   1225/2360 queried
   1250/2360 queried
   1275/2360 queried
   1300/2360 queried
   1325/2360 queried
   1350/2360 queried
   1375/2360 queried
   1400/2360 queried
   1425/2360 queried
   1450/2360 queried
   1475/2360 queried
   1500/2360 queried
   1525/2360 queried
   1550/2360 queried
   1575/2360 queried
   1600/2360 queried
   1625/2360 queried
   1650/2360 queried
   1675/2360 queried
   1700/2360 queried
   1725/2360 queried
   1750/2360 queried
   1775/2360 queried
   1800/2360 queried
   1825/2360 queried
   1850/2360 queried
   1875/2360 queried
   1900/2360 queried
   1925/2360 queried
   1950/2360 queried
   1975/2360 queried
   2000/2360 queried
   2025/2360 queried
   2050/2360 queried
   2075/2360 queried
   2100/2360 queried
   2125/2360 queried
   2150/2360 queried
   2175/2360 queried
   2200/2360 queried
   2225/2360 queried
   2250/2360 queried
   2275/2360 queried
   2300/2360 queried
   2325/2360 queried
   2350/2360 queried

REGISTRY TRIAGE OF THE LEGACY SET -- 745 pages

   (a) REPAIRABLE -- ids resolve and match           15     2.0%
   (b) NO REGISTRATION -- id does not exist           0     0.0%
   (c) DONOR ID -- resolves to a different trial    727    97.6%
   (d) NEEDS A HUMAN -- not placeable                 2     0.3%
   (e) NO IDENTIFIER -- nothing to look up            1     0.1%
   sum                                              745   == the legacy set

(c) AND (d) ARE NOT INTERCHANGEABLE. A donor identifier passes an existence check,
which is why it is separated. Where the comparison was not decisive the page went
to (d) rather than to (a) -- a false 'repairable' is the one error that would put a
fabricated trial inside a page wearing this project's format.

written: outputs\legacy_registration_triage_2026_08_23.json
